[11:02:05.1745059] [Debug  :ainavt.lc.lethalconfig] ImmersiveScrap : ImmersiveScrap : 1.4.2
[11:02:05.1745059] [Debug  :ainavt.lc.lethalconfig] io.daxcess.nojumpdelay : NoJumpDelay : 1.1.0
[11:02:05.1745059] [Debug  :ainavt.lc.lethalconfig] JacobG5.DestroyItemInSlotFix : DestroyItemInSlotFix : 1.0.0
[11:02:05.1745059] [Debug  :ainavt.lc.lethalconfig] JacobG5.JLLItemModule : JLLItemModule : 1.3.7
[11:02:05.1745059] [Debug  :ainavt.lc.lethalconfig] JacobG5.WesleyMoonScripts : WesleyMoonScripts : 1.1.7
[11:02:05.1745059] [Debug  :ainavt.lc.lethalconfig] Jordo.NeedyCats : Needy Cats : 1.2.5
[11:02:05.1745059] [Debug  :ainavt.lc.lethalconfig] JPOGRaptor : JPOGRaptor : 1.0.6
[11:02:05.1745059] [Debug  :ainavt.lc.lethalconfig] JPOGTrex : JPOGTrex : 1.1.6
[11:02:05.1745059] [Debug  :ainavt.lc.lethalconfig] KawaiiBone.Remnants : Remnants : 1.4.4
[11:02:05.1745059] [Debug  :ainavt.lc.lethalconfig] Kittenji.FootballEntity : FootballEntity : 1.1.14
[11:02:05.1745059] [Debug  :ainavt.lc.lethalconfig] Kittenji.HerobrineMod : HerobrineMod : 1.3.9
[11:02:05.1745059] [Debug  :ainavt.lc.lethalconfig] lcoffice.v81compat.runtimepatch : LC Office v81 Compatibility Test : 0.0.2
[11:02:05.1745059] [Debug  :ainavt.lc.lethalconfig] LCSoundTool : LC Sound Tool : 1.5.1
[11:02:05.1745059] [Debug  :ainavt.lc.lethalconfig] LethalCompanyHarpGhost : LethalCompanyHarpGhost : 1.3.24
[11:02:05.1755079] [Debug  :ainavt.lc.lethalconfig] LethalGravityControl : Project1 : 1.0.0
[11:02:05.1755079] [Debug  :ainavt.lc.lethalconfig] LethalHUD : LethalHUD : 1.5.2
[11:02:05.1755079] [Debug  :ainavt.lc.lethalconfig] pacoito.itolib : itolib : 0.9.3
[11:02:05.1755079] [Debug  :ainavt.lc.lethalconfig] LethalMatt.Bozoros : BozorosPlugin : 2.9.3
[11:02:05.1755079] [Debug  :ainavt.lc.lethalconfig] LethalNetworkAPI : LethalNetworkAPI : 3.4.2
[11:02:05.1755079] [Debug  :ainavt.lc.lethalconfig] LethalPerformance : LethalPerformance : 1.2.6
[11:02:05.1765068] [Debug  :ainavt.lc.lethalconfig] LethalSponge : LethalSponge : 1.4.3
[11:02:05.1765068] [Debug  :ainavt.lc.lethalconfig] mattymatty.AdditionalNetworking : AdditionalNetworking : 2.4.1
[11:02:05.1765068] [Debug  :ainavt.lc.lethalconfig] mattymatty.LobbyControl : LobbyControl : 2.5.12
[11:02:05.1765068] [Debug  :ainavt.lc.lethalconfig] mattymatty.MattyFixes : Matty's Fixes : 1.1.41
[11:02:05.1775070] [Debug  :ainavt.lc.lethalconfig] MaxWasUnavailable.LethalModDataLib : MaxWasUnavailable.LethalModDataLib : 1.2.2
[11:02:05.1775070] [Debug  :ainavt.lc.lethalconfig] me.loaforc.soundapi.lethalcompany : loaforcsSoundAPI.LethalCompany : 1.0.2
[11:02:05.1775070] [Debug  :ainavt.lc.lethalconfig] MelanieMelicious.furniturePack0 : Melanie Melicious - Furniture Pack 1 : 2.0.5
[11:02:05.1810150] [Debug  :ainavt.lc.lethalconfig] MelanieMelicious.interior0 : Melanie Melicious - Interiors : 1.2.1
[11:02:05.1830189] [Debug  :ainavt.lc.lethalconfig] MoreBattery : MoreBattery : 1.2.6
[11:02:05.1830189] [Debug  :ainavt.lc.lethalconfig] MrHat.BasedDecorPlacement : BasedDecorPlacement : 0.0.8
[11:02:05.1840193] [Debug  :ainavt.lc.lethalconfig] MrHat.BasedItemSaving : BasedItemSaving : 0.0.1
[11:02:05.1840193] [Debug  :ainavt.lc.lethalconfig] MrHat.MisideItems.Internals : MisideItems : 0.3.9
[11:02:05.1840193] [Debug  :ainavt.lc.lethalconfig] mrov.LightsOut : LightsOut : 0.2.1
[11:02:05.1840193] [Debug  :ainavt.lc.lethalconfig] MW.MagicWesleyInteriors : Wesley's interior shenanigans : 1.0.0
[11:02:05.1840193] [Warning:ainavt.lc.lethalconfig] Invalid instance for "Wesley's interior shenanigans" plugin. Skipping.
[11:02:05.1840193] [Debug  :ainavt.lc.lethalconfig] Nikki.Slaughterhouse : Slaughterhouse Scripts : 1.2.0
[11:02:05.1840193] [Debug  :ainavt.lc.lethalconfig] nomnomab.rollinggiant : Rolling Giant : 2.6.3
[11:02:05.1840193] [Debug  :ainavt.lc.lethalconfig] Piggy.LCOffice : LCOffice : 2.3.4
[11:02:05.1840193] [Debug  :ainavt.lc.lethalconfig] NoteBoxz.LethalMin : LethalMin : 1.1.0
[11:02:05.1840193] [Debug  :ainavt.lc.lethalconfig] NoteBoxz.EnemyHealthBars : EnemyHealthBars : 1.4.0
[11:02:05.1850189] [Debug  :ainavt.lc.lethalconfig] Plastered_Crab.BlackMesaInterior : Black Mesa Interior : 3.4.1
[11:02:05.1850189] [Debug  :ainavt.lc.lethalconfig] ProjectSCP.PSCPLibrary : PSCPLibrary : 0.1.1
[11:02:05.1850189] [Debug  :ainavt.lc.lethalconfig] ProjectSCP.PSCPLibrary.IT : PSCPLibrary.IT : 1.0.0
[11:02:05.1850189] [Debug  :ainavt.lc.lethalconfig] PureFPSZac.NestFix : NestFix : 1.2.0
[11:02:05.1850189] [Debug  :ainavt.lc.lethalconfig] qwbarch.Mirage.Core : Mirage.Core : 1.0.4
[11:02:05.1850189] [Debug  :ainavt.lc.lethalconfig] qwbarch.Mirage : Mirage : 1.29.1
[11:02:05.1850189] [Debug  :ainavt.lc.lethalconfig] rectorado.JKConfig : JKConfig : 1.0.0
[11:02:05.1850189] [Debug  :ainavt.lc.lethalconfig] rectorado.KenjiLib : KenjiLib : 0.7.0
[11:02:05.1850189] [Debug  :ainavt.lc.lethalconfig] Rozebud.FovAdjust : FOV Adjust : 1.1.1
[11:02:05.1860187] [Debug  :ainavt.lc.lethalconfig] Rumi.FixCameraResolutions : FixCameraResolutions : 1.5.3
[11:02:05.1860187] [Debug  :ainavt.lc.lethalconfig] TestAccount666.TestAccountCore : TestAccountCore : 1.18.0
[11:02:05.1860187] [Debug  :ainavt.lc.lethalconfig] TestAccount666.ShipWindows : ShipWindows : 2.11.1
[11:02:05.1880196] [Debug  :ainavt.lc.lethalconfig] ScienceBird.ScienceBirdTweaks : ScienceBirdTweaks : 4.7.5
[11:02:05.1880196] [Debug  :ainavt.lc.lethalconfig] voxx.TerraMesh : voxx.TerraMesh : 1.1.7
[11:02:05.1880196] [Debug  :ainavt.lc.lethalconfig] ScienceBird.UniversalRadar : UniversalRadar : 1.2.4
[11:02:05.1880196] [Debug  :ainavt.lc.lethalconfig] scin.monsterplushies : Monster Plushies : 1.2.9
[11:02:05.1880196] [Debug  :ainavt.lc.lethalconfig] Scopophobia : Scopophobia : 1.3.4
[11:02:05.1880196] [Debug  :ainavt.lc.lethalconfig] Sniper1_1.WaterAssetRestorer : WaterAssetRestorer : 1.0.0
[11:02:05.1880196] [Debug  :ainavt.lc.lethalconfig] Snowlance.SnowyLib : SnowyLib : 1.13.1
[11:02:05.1880196] [Debug  :ainavt.lc.lethalconfig] sparble.slendermanmod : SlendermanMod : 1.2.1
[11:02:05.1880196] [Debug  :ainavt.lc.lethalconfig] SpectateEnemy : SpectateEnemy : 2.9.1
[11:02:05.1880196] [Debug  :ainavt.lc.lethalconfig] Swaggies.BetterPaycheck : BetterPaycheck : 0.9.2
[11:02:05.1880196] [Debug  :ainavt.lc.lethalconfig] tendas.lethalcompany.s142abinteriorweightnormalization : S1.42AB Interior Weight Normalization : 1.0.0
[11:02:05.1880196] [Debug  :ainavt.lc.lethalconfig] tendas.lethalcompany.s142aecoderebirthmicrowavespawntuning : S1.42AE CodeRebirth Microwave Spawn Tuning : 1.0.0
[11:02:05.1880196] [Debug  :ainavt.lc.lethalconfig] tendas.lethalcompany.s142aklfdiag1 : S1.42AK-LFDIAG1 Deterministic Liminal Facility Selector : 1.0.0
[11:02:05.1880196] [Debug  :ainavt.lc.lethalconfig] tendas.lethalcompany.s142zcoderebirthaerialdefensespawntuning : S1.42Z CodeRebirth Aerial Defense Spawn Tuning : 1.0.0
[11:02:05.1880196] [Debug  :ainavt.lc.lethalconfig] tendas.lethalcompany.s142zjetpackacceleration : S1.42Z Jetpack Acceleration : 1.0.0
[11:02:05.1880196] [Debug  :ainavt.lc.lethalconfig] tendas.s139.compatibilityfixes : S1.39 Compatibility Fixes : 1.3.14
[11:02:05.1880196] [Debug  :ainavt.lc.lethalconfig] TooManySuits : TooManySuits : 2.0.4
[11:02:05.1880196] [Debug  :ainavt.lc.lethalconfig] uk.1a3.bettervehiclecontrols : BetterVehicleControls : 1.1.8
[11:02:05.1880196] [Debug  :ainavt.lc.lethalconfig] uk.1a3.lobbyimprovements : LobbyImprovements : 1.1.4
[11:02:05.1880196] [Debug  :ainavt.lc.lethalconfig] VectorV.TheCabinet : TheCabinet : 1.12.1
[11:02:05.1880196] [Debug  :ainavt.lc.lethalconfig] VirusTLNR.MaskedInvisFix : MaskedInvisFix : 0.0.3
[11:02:05.1880196] [Debug  :ainavt.lc.lethalconfig] wexop.random_enemies_size : RandomEnemiesSize : 1.1.20
[11:02:05.1880196] [Debug  :ainavt.lc.lethalconfig] XuuXiaolan.ReXuvination : ReXuvination : 1.1.0
[11:02:05.1880196] [Debug  :ainavt.lc.lethalconfig] XuuXiaolan.SoftMaskKiller : SoftMaskKiller : 0.0.1
[11:02:05.1880196] [Debug  :ainavt.lc.lethalconfig] Zaggy1024.PathfindingLagFix : PathfindingLagFix : 2.4.2
[11:02:05.1880196] [Debug  :ainavt.lc.lethalconfig] ZetaArcade.LCAlwaysHearActiveWalkieFork : LC Always Hear Active Walkies Fork : 1.6.0
[11:02:05.1880196] [Debug  :ainavt.lc.lethalconfig] zigzag.premiumscraps : PremiumScraps : 2.5.0
[11:02:05.1880196] [Debug  :ainavt.lc.lethalconfig] zigzag.chillaxscraps : ChillaxScraps : 1.6.6
[11:02:09.0544218] [Debug  :ainavt.lc.lethalconfig] Generated 91 mod entries.
[11:02:09.0554225] [Debug  :ainavt.lc.lethalconfig] Generated 4615 configs, of which 4410 were missing and registered.
[11:02:09.0815908] [Info   :TestAccountCore] TestAccountCore is running on version v81!
[11:02:10.7941829] [Info   : Unity Log] host button pressed
[11:02:10.7971845] [Info   : Unity Log] Returning week num: 147
[11:02:12.1593862] [Info   :LethalPerformance] Saved 1 save(s)
[11:02:12.4236710] [Info   : Unity Log] Displaying menu message
[11:02:12.4767714] [Debug  :LethalNetworkAPI] Created UnnamedMessageHandler instance.
[11:02:12.4767714] [Info   :AdditionalNetworking] Registering Named Messages!
[11:02:12.4787717] [Info   :LobbyControl] Registering Named Messages!
[11:02:12.4818233] [Info   : Unity Log] Connection approval callback! Game version of client request: 
[11:02:12.4818233] [Info   : Unity Log] Joining client id: 0; Local/host client id: 0
[11:02:12.4818233] [Info   : Unity Log] Stopped connection approval callback, as the client in question was the host!
[11:02:12.4848244] [Warning: Unity Log] [Netcode] You cannot decline the host connection. The connection was automatically approved.
[11:02:12.5176208] [Info   : Unity Log] started host!
[11:02:12.5176208] [Info   : Unity Log] are we in a server?: True
[11:02:12.5266540] [Info   : Unity Log] Lobby has been created
[11:02:15.2631909] [Error  : Unity Log] FileNotFoundException: Could not load file or assembly 'nunit.framework, Version=3.5.0.0, Culture=neutral, PublicKeyToken=2638cd05610744eb' or one of its dependencies.
Stack trace:
System.MonoCustomAttrs.IsDefined (System.Reflection.ICustomAttributeProvider obj, System.Type attributeType, System.Boolean inherit) (at <1071a2cb0cb3433aae80a793c277a048>:IL_0027)
System.RuntimeType.IsDefined (System.Type attributeType, System.Boolean inherit) (at <1071a2cb0cb3433aae80a793c277a048>:IL_0038)
SoftMasking.MaterialReplacer.IsMaterialReplacerType (System.Type t) (at <f6d400b2730f4700aa0acc85707a1316>:IL_000B)
System.Linq.Enumerable+WhereSelectEnumerableIterator`2[TSource,TResult].MoveNext () (at <ea489521390f48908a7ce45cb17a6848>:IL_0037)
System.Linq.Enumerable+WhereEnumerableIterator`1[TSource].ToList () (at <ea489521390f48908a7ce45cb17a6848>:IL_0030)
System.Linq.Enumerable.ToList[TSource] (System.Collections.Generic.IEnumerable`1[T] source) (at <ea489521390f48908a7ce45cb17a6848>:IL_001F)
SoftMasking.MaterialReplacer.get_globalReplacers () (at <f6d400b2730f4700aa0acc85707a1316>:IL_000C)
SoftMasking.SoftMask..ctor () (at <f6d400b2730f4700aa0acc85707a1316>:IL_0032)

[11:02:15.2807115] [Warning: Unity Log] The referenced script on this Behaviour (Game Object 'ControlDesk') is missing!
[11:02:15.2862211] [Warning: Unity Log] The referenced script on this Behaviour (Game Object 'Audio') is missing!
[11:02:15.2862211] [Warning: Unity Log] The referenced script on this Behaviour (Game Object 'Trigger') is missing!
[11:02:15.2862211] [Warning: Unity Log] The referenced script on this Behaviour (Game Object 'LampSqueakAudio') is missing!
[11:02:15.2862211] [Warning: Unity Log] The referenced script on this Behaviour (Game Object 'AmbienceSource') is missing!
[11:02:15.2882207] [Warning: Unity Log] The referenced script on this Behaviour (Game Object 'HangarShip') is missing!
