{
  "status": "PASS_SOURCE_STATIC_CHECKS_ONLY",
  "methods": 13,
  "patch_targets": 7,
  "stack_proofs": [
    "Selector",
    "JanitorWrite"
  ],
  "negative_cases": [
    "mesh-mutation",
    "material-mutation",
    "bone-mutation",
    "blendshape-write",
    "network-mutation",
    "global-scan",
    "rng-replay",
    "candidate-list-mutation",
    "callback-log",
    "callback-Unity-API",
    "fabricated-default",
    "broad-patch",
    "observer-return-suppression",
    "original-operand-rewrite",
    "Selector-missing-restore",
    "Selector-foreign-call",
    "Selector-wrong-local-type",
    "JanitorWrite-missing-restore",
    "JanitorWrite-foreign-call",
    "JanitorWrite-wrong-local-type",
    "duplicate-direct-write",
    "guessed-KillEnemy-signature",
    "changed-immediate-argument",
    "branch-into-injection-call"
  ],
  "compile": "NOT_RUN_NOT_AUTHORIZED",
  "runtime": "NOT_RUN_NOT_AUTHORIZED"
}
