[19:03:09.0962658] [Warning:   Coroner] Could not access dying player: Collider was not a player!
[19:03:09.0962658] [Warning:   Coroner] Could not access dying player: Index not assigned!
[19:03:09.0962658] [Debug  :   Coroner] Handling Out of Bounds death...
[19:03:09.0962658] [Warning:   Coroner] Could not access dying player: Collider was not a player!
[19:03:09.0962658] [Warning:   Coroner] Could not access dying player: Index not assigned!
[19:03:09.0962658] [Debug  :   Coroner] Handling Out of Bounds death...
[19:03:09.0962658] [Warning:   Coroner] Could not access dying player: Collider was not a player!
[19:03:09.0962658] [Warning:   Coroner] Could not access dying player: Index not assigned!
[19:03:09.0962658] [Debug  :   Coroner] Handling Out of Bounds death...
[19:03:09.0962658] [Warning:   Coroner] Could not access dying player: Collider was not a player!
[19:03:09.0962658] [Warning:   Coroner] Could not access dying player: Index not assigned!
[19:03:09.0962658] [Debug  :   Coroner] Handling Out of Bounds death...
[19:03:09.0962658] [Warning:   Coroner] Could not access dying player: Collider was not a player!
[19:03:09.0962658] [Warning:   Coroner] Could not access dying player: Index not assigned!
[19:03:09.0962658] [Debug  :   Coroner] Handling Out of Bounds death...
[19:03:09.0962658] [Warning:   Coroner] Could not access dying player: Collider was not a player!
[19:03:09.0962658] [Warning:   Coroner] Could not access dying player: Index not assigned!
[19:03:09.0962658] [Debug  :   Coroner] Handling Out of Bounds death...
[19:03:09.0962658] [Warning:   Coroner] Could not access dying player: Collider was not a player!
[19:03:09.0962658] [Warning:   Coroner] Could not access dying player: Index not assigned!
[19:03:09.0962658] [Debug  :   Coroner] Handling Out of Bounds death...
[19:03:09.0962658] [Warning:   Coroner] Could not access dying player: Collider was not a player!
[19:03:09.0962658] [Warning:   Coroner] Could not access dying player: Index not assigned!
[19:03:09.0962658] [Debug  :   Coroner] Handling Out of Bounds death...
[19:03:09.0962658] [Warning:   Coroner] Could not access dying player: Collider was not a player!
[19:03:09.0962658] [Warning:   Coroner] Could not access dying player: Index not assigned!
[19:03:09.0962658] [Debug  :   Coroner] Handling Out of Bounds death...
[19:03:09.0962658] [Warning:   Coroner] Could not access dying player: Collider was not a player!
[19:03:09.0962658] [Warning:   Coroner] Could not access dying player: Index not assigned!
[19:03:09.0962658] [Debug  :   Coroner] Handling Out of Bounds death...
[19:03:09.0962658] [Warning:   Coroner] Could not access dying player: Collider was not a player!
[19:03:09.0962658] [Warning:   Coroner] Could not access dying player: Index not assigned!
[19:03:09.0962658] [Debug  :   Coroner] Handling Out of Bounds death...
[19:03:09.0962658] [Warning:   Coroner] Could not access dying player: Collider was not a player!
[19:03:09.0962658] [Warning:   Coroner] Could not access dying player: Index not assigned!
[19:03:09.0962658] [Debug  :   Coroner] Handling Out of Bounds death...
[19:03:09.0962658] [Warning:   Coroner] Could not access dying player: Collider was not a player!
[19:03:09.0962658] [Warning:   Coroner] Could not access dying player: Index not assigned!
[19:03:09.0962658] [Debug  :   Coroner] Handling Out of Bounds death...
[19:03:09.0962658] [Warning:   Coroner] Could not access dying player: Collider was not a player!
[19:03:09.0962658] [Warning:   Coroner] Could not access dying player: Index not assigned!
[19:03:09.0962658] [Debug  :   Coroner] Handling Out of Bounds death...
[19:03:09.0962658] [Warning:   Coroner] Could not access dying player: Collider was not a player!
[19:03:09.0962658] [Warning:   Coroner] Could not access dying player: Index not assigned!
[19:03:09.0962658] [Debug  :   Coroner] Handling Out of Bounds death...
[19:03:09.0962658] [Warning:   Coroner] Could not access dying player: Collider was not a player!
[19:03:09.0962658] [Warning:   Coroner] Could not access dying player: Index not assigned!
[19:03:09.0962658] [Debug  :   Coroner] Handling Out of Bounds death...
[19:03:09.0962658] [Warning:   Coroner] Could not access dying player: Collider was not a player!
[19:03:09.0962658] [Warning:   Coroner] Could not access dying player: Index not assigned!
[19:03:09.0962658] [Debug  :   Coroner] Handling Out of Bounds death...
[19:03:09.0962658] [Warning:   Coroner] Could not access dying player: Collider was not a player!
[19:03:09.0962658] [Warning:   Coroner] Could not access dying player: Index not assigned!
[19:03:09.0962658] [Debug  :   Coroner] Handling Out of Bounds death...
[19:03:09.0962658] [Warning:   Coroner] Could not access dying player: Collider was not a player!
[19:03:09.0962658] [Warning:   Coroner] Could not access dying player: Index not assigned!
[19:03:09.0962658] [Debug  :   Coroner] Handling Out of Bounds death...
[19:03:09.0962658] [Warning:   Coroner] Could not access dying player: Collider was not a player!
[19:03:09.0962658] [Warning:   Coroner] Could not access dying player: Index not assigned!
[19:03:09.0962658] [Debug  :   Coroner] Handling Out of Bounds death...
[19:03:09.0962658] [Warning:   Coroner] Could not access dying player: Collider was not a player!
[19:03:09.0962658] [Warning:   Coroner] Could not access dying player: Index not assigned!
[19:03:09.0962658] [Debug  :   Coroner] Handling Out of Bounds death...
[19:03:09.0962658] [Warning:   Coroner] Could not access dying player: Collider was not a player!
[19:03:09.0962658] [Warning:   Coroner] Could not access dying player: Index not assigned!
[19:03:09.0962658] [Debug  :   Coroner] Handling Out of Bounds death...
[19:03:09.0962658] [Warning:   Coroner] Could not access dying player: Collider was not a player!
[19:03:09.0962658] [Warning:   Coroner] Could not access dying player: Index not assigned!
[19:03:09.0962658] [Debug  :   Coroner] Handling Out of Bounds death...
[19:03:09.0962658] [Warning:   Coroner] Could not access dying player: Collider was not a player!
[19:03:09.0962658] [Warning:   Coroner] Could not access dying player: Index not assigned!
[19:03:09.0962658] [Debug  :   Coroner] Handling Out of Bounds death...
[19:03:09.0962658] [Warning:   Coroner] Could not access dying player: Collider was not a player!
[19:03:09.0962658] [Warning:   Coroner] Could not access dying player: Index not assigned!
[19:03:09.0962658] [Debug  :   Coroner] Handling Out of Bounds death...
[19:03:09.0962658] [Warning:   Coroner] Could not access dying player: Collider was not a player!
[19:03:09.0962658] [Warning:   Coroner] Could not access dying player: Index not assigned!
[19:03:09.0962658] [Debug  :   Coroner] Handling Out of Bounds death...
[19:03:09.0962658] [Warning:   Coroner] Could not access dying player: Collider was not a player!
[19:03:09.0962658] [Warning:   Coroner] Could not access dying player: Index not assigned!
[19:03:09.0962658] [Debug  :   Coroner] Handling Out of Bounds death...
[19:03:09.0962658] [Warning:   Coroner] Could not access dying player: Collider was not a player!
[19:03:09.0962658] [Warning:   Coroner] Could not access dying player: Index not assigned!
[19:03:09.0962658] [Debug  :   Coroner] Handling Out of Bounds death...
[19:03:09.0962658] [Warning:   Coroner] Could not access dying player: Collider was not a player!
[19:03:09.0962658] [Warning:   Coroner] Could not access dying player: Index not assigned!
[19:03:09.0962658] [Debug  :   Coroner] Handling Out of Bounds death...
[19:03:09.0962658] [Warning:   Coroner] Could not access dying player: Collider was not a player!
[19:03:09.0962658] [Warning:   Coroner] Could not access dying player: Index not assigned!
[19:03:09.0962658] [Debug  :   Coroner] Handling Out of Bounds death...
[19:03:09.0962658] [Warning:   Coroner] Could not access dying player: Collider was not a player!
[19:03:09.0962658] [Warning:   Coroner] Could not access dying player: Index not assigned!
[19:03:09.0962658] [Debug  :   Coroner] Handling Out of Bounds death...
[19:03:09.0962658] [Warning:   Coroner] Could not access dying player: Collider was not a player!
[19:03:09.0962658] [Warning:   Coroner] Could not access dying player: Index not assigned!
[19:03:09.0962658] [Debug  :   Coroner] Handling Out of Bounds death...
[19:03:09.0962658] [Warning:   Coroner] Could not access dying player: Collider was not a player!
[19:03:09.0962658] [Warning:   Coroner] Could not access dying player: Index not assigned!
[19:03:09.0962658] [Debug  :   Coroner] Handling Out of Bounds death...
[19:03:09.0962658] [Warning:   Coroner] Could not access dying player: Collider was not a player!
[19:03:09.0962658] [Warning:   Coroner] Could not access dying player: Index not assigned!
[19:03:09.0962658] [Debug  :   Coroner] Handling Out of Bounds death...
[19:03:09.0962658] [Warning:   Coroner] Could not access dying player: Collider was not a player!
[19:03:09.0962658] [Warning:   Coroner] Could not access dying player: Index not assigned!
[19:03:09.0962658] [Debug  :   Coroner] Handling Out of Bounds death...
[19:03:09.0962658] [Warning:   Coroner] Could not access dying player: Collider was not a player!
[19:03:09.0962658] [Warning:   Coroner] Could not access dying player: Index not assigned!
[19:03:09.0962658] [Debug  :   Coroner] Handling Out of Bounds death...
[19:03:09.0962658] [Warning:   Coroner] Could not access dying player: Collider was not a player!
[19:03:09.0962658] [Warning:   Coroner] Could not access dying player: Index not assigned!
[19:03:09.0962658] [Debug  :   Coroner] Handling Out of Bounds death...
[19:03:09.0962658] [Warning:   Coroner] Could not access dying player: Collider was not a player!
[19:03:09.0962658] [Warning:   Coroner] Could not access dying player: Index not assigned!
[19:03:09.0962658] [Debug  :   Coroner] Handling Out of Bounds death...
[19:03:09.0962658] [Warning:   Coroner] Could not access dying player: Collider was not a player!
[19:03:09.0962658] [Warning:   Coroner] Could not access dying player: Index not assigned!
[19:03:09.0962658] [Debug  :   Coroner] Handling Out of Bounds death...
[19:03:09.0962658] [Warning:   Coroner] Could not access dying player: Collider was not a player!
[19:03:09.0962658] [Warning:   Coroner] Could not access dying player: Index not assigned!
[19:03:09.0962658] [Debug  :   Coroner] Handling Out of Bounds death...
[19:03:09.0962658] [Warning:   Coroner] Could not access dying player: Collider was not a player!
[19:03:09.0962658] [Warning:   Coroner] Could not access dying player: Index not assigned!
[19:03:09.0962658] [Debug  :   Coroner] Handling Out of Bounds death...
[19:03:09.0962658] [Warning:   Coroner] Could not access dying player: Collider was not a player!
[19:03:09.0962658] [Warning:   Coroner] Could not access dying player: Index not assigned!
[19:03:09.0962658] [Debug  :   Coroner] Handling Out of Bounds death...
[19:03:09.0962658] [Warning:   Coroner] Could not access dying player: Collider was not a player!
[19:03:09.0962658] [Warning:   Coroner] Could not access dying player: Index not assigned!
[19:03:09.0962658] [Debug  :   Coroner] Handling Out of Bounds death...
[19:03:09.0962658] [Warning:   Coroner] Could not access dying player: Collider was not a player!
[19:03:09.0962658] [Warning:   Coroner] Could not access dying player: Index not assigned!
[19:03:09.0962658] [Debug  :   Coroner] Handling Out of Bounds death...
[19:03:09.0962658] [Warning:   Coroner] Could not access dying player: Collider was not a player!
[19:03:09.0962658] [Warning:   Coroner] Could not access dying player: Index not assigned!
[19:03:09.0962658] [Debug  :   Coroner] Handling Out of Bounds death...
[19:03:09.0962658] [Warning:   Coroner] Could not access dying player: Collider was not a player!
[19:03:09.0962658] [Warning:   Coroner] Could not access dying player: Index not assigned!
[19:03:09.0962658] [Debug  :   Coroner] Handling Out of Bounds death...
[19:03:09.0962658] [Warning:   Coroner] Could not access dying player: Collider was not a player!
[19:03:09.0962658] [Warning:   Coroner] Could not access dying player: Index not assigned!
[19:03:09.0962658] [Debug  :   Coroner] Handling Out of Bounds death...
[19:03:09.0962658] [Warning:   Coroner] Could not access dying player: Collider was not a player!
[19:03:09.0962658] [Warning:   Coroner] Could not access dying player: Index not assigned!
[19:03:09.0962658] [Debug  :   Coroner] Handling Out of Bounds death...
[19:03:09.0962658] [Warning:   Coroner] Could not access dying player: Collider was not a player!
[19:03:09.0962658] [Warning:   Coroner] Could not access dying player: Index not assigned!
[19:03:09.0962658] [Debug  :   Coroner] Handling Out of Bounds death...
[19:03:09.0962658] [Warning:   Coroner] Could not access dying player: Collider was not a player!
[19:03:09.0962658] [Warning:   Coroner] Could not access dying player: Index not assigned!
[19:03:09.0962658] [Debug  :   Coroner] Handling Out of Bounds death...
[19:03:09.0962658] [Warning:   Coroner] Could not access dying player: Collider was not a player!
[19:03:09.0962658] [Warning:   Coroner] Could not access dying player: Index not assigned!
[19:03:09.0962658] [Debug  :   Coroner] Handling Out of Bounds death...
[19:03:09.0962658] [Warning:   Coroner] Could not access dying player: Collider was not a player!
[19:03:09.0962658] [Warning:   Coroner] Could not access dying player: Index not assigned!
[19:03:09.0962658] [Debug  :   Coroner] Handling Out of Bounds death...
[19:03:09.0962658] [Warning:   Coroner] Could not access dying player: Collider was not a player!
[19:03:09.0962658] [Warning:   Coroner] Could not access dying player: Index not assigned!
[19:03:09.0962658] [Debug  :   Coroner] Handling Out of Bounds death...
[19:03:09.0962658] [Warning:   Coroner] Could not access dying player: Collider was not a player!
[19:03:09.0962658] [Warning:   Coroner] Could not access dying player: Index not assigned!
[19:03:09.0962658] [Debug  :   Coroner] Handling Out of Bounds death...
[19:03:09.0962658] [Warning:   Coroner] Could not access dying player: Collider was not a player!
[19:03:09.0962658] [Warning:   Coroner] Could not access dying player: Index not assigned!
[19:03:09.0962658] [Debug  :   Coroner] Handling Out of Bounds death...
[19:03:09.0962658] [Warning:   Coroner] Could not access dying player: Collider was not a player!
[19:03:09.0962658] [Warning:   Coroner] Could not access dying player: Index not assigned!
[19:03:09.0962658] [Debug  :   Coroner] Handling Out of Bounds death...
[19:03:09.0962658] [Warning:   Coroner] Could not access dying player: Collider was not a player!
[19:03:09.0962658] [Warning:   Coroner] Could not access dying player: Index not assigned!
[19:03:09.0962658] [Debug  :   Coroner] Handling Out of Bounds death...
[19:03:09.0962658] [Warning:   Coroner] Could not access dying player: Collider was not a player!
[19:03:09.0962658] [Warning:   Coroner] Could not access dying player: Index not assigned!
[19:03:09.0962658] [Debug  :   Coroner] Handling Out of Bounds death...
[19:03:09.0962658] [Warning:   Coroner] Could not access dying player: Collider was not a player!
[19:03:09.0962658] [Warning:   Coroner] Could not access dying player: Index not assigned!
[19:03:09.0962658] [Debug  :   Coroner] Handling Out of Bounds death...
[19:03:09.0962658] [Warning:   Coroner] Could not access dying player: Collider was not a player!
[19:03:09.0962658] [Warning:   Coroner] Could not access dying player: Index not assigned!
[19:03:09.0962658] [Debug  :   Coroner] Handling Out of Bounds death...
[19:03:09.0962658] [Warning:   Coroner] Could not access dying player: Collider was not a player!
[19:03:09.0962658] [Warning:   Coroner] Could not access dying player: Index not assigned!
[19:03:09.0962658] [Debug  :   Coroner] Handling Out of Bounds death...
[19:03:09.0962658] [Warning:   Coroner] Could not access dying player: Collider was not a player!
[19:03:09.0962658] [Warning:   Coroner] Could not access dying player: Index not assigned!
[19:03:09.0962658] [Debug  :   Coroner] Handling Out of Bounds death...
[19:03:09.0962658] [Warning:   Coroner] Could not access dying player: Collider was not a player!
[19:03:09.0962658] [Warning:   Coroner] Could not access dying player: Index not assigned!
[19:03:09.0962658] [Debug  :   Coroner] Handling Out of Bounds death...
[19:03:09.0962658] [Warning:   Coroner] Could not access dying player: Collider was not a player!
[19:03:09.0962658] [Warning:   Coroner] Could not access dying player: Index not assigned!
[19:03:09.0962658] [Debug  :   Coroner] Handling Out of Bounds death...
[19:03:09.0962658] [Warning:   Coroner] Could not access dying player: Collider was not a player!
[19:03:09.0962658] [Warning:   Coroner] Could not access dying player: Index not assigned!
[19:03:09.0962658] [Debug  :   Coroner] Handling Out of Bounds death...
[19:03:09.0962658] [Warning:   Coroner] Could not access dying player: Collider was not a player!
[19:03:09.0962658] [Warning:   Coroner] Could not access dying player: Index not assigned!
[19:03:09.0962658] [Debug  :   Coroner] Handling Out of Bounds death...
[19:03:09.0962658] [Warning:   Coroner] Could not access dying player: Collider was not a player!
[19:03:09.0962658] [Warning:   Coroner] Could not access dying player: Index not assigned!
[19:03:09.0962658] [Debug  :   Coroner] Handling Out of Bounds death...
[19:03:09.0972657] [Warning:   Coroner] Could not access dying player: Collider was not a player!
[19:03:09.0972657] [Warning:   Coroner] Could not access dying player: Index not assigned!
[19:03:09.0972657] [Debug  :   Coroner] Handling Out of Bounds death...
[19:03:09.0972657] [Warning:   Coroner] Could not access dying player: Collider was not a player!
[19:03:09.0972657] [Warning:   Coroner] Could not access dying player: Index not assigned!
[19:03:09.0972657] [Debug  :   Coroner] Handling Out of Bounds death...
[19:03:09.0972657] [Warning:   Coroner] Could not access dying player: Collider was not a player!
[19:03:09.0972657] [Warning:   Coroner] Could not access dying player: Index not assigned!
[19:03:09.0972657] [Debug  :   Coroner] Handling Out of Bounds death...
[19:03:09.0972657] [Warning:   Coroner] Could not access dying player: Collider was not a player!
[19:03:09.0972657] [Warning:   Coroner] Could not access dying player: Index not assigned!
[19:03:09.0972657] [Debug  :   Coroner] Handling Out of Bounds death...
[19:03:09.0972657] [Warning:   Coroner] Could not access dying player: Collider was not a player!
[19:03:09.0972657] [Warning:   Coroner] Could not access dying player: Index not assigned!
[19:03:09.0972657] [Debug  :   Coroner] Handling Out of Bounds death...
[19:03:09.0972657] [Warning:   Coroner] Could not access dying player: Collider was not a player!
[19:03:09.0972657] [Warning:   Coroner] Could not access dying player: Index not assigned!
[19:03:09.0972657] [Debug  :   Coroner] Handling Out of Bounds death...
[19:03:09.0972657] [Warning:   Coroner] Could not access dying player: Collider was not a player!
[19:03:09.0972657] [Warning:   Coroner] Could not access dying player: Index not assigned!
[19:03:09.0972657] [Debug  :   Coroner] Handling Out of Bounds death...
[19:03:09.0972657] [Warning:   Coroner] Could not access dying player: Collider was not a player!
[19:03:09.0972657] [Warning:   Coroner] Could not access dying player: Index not assigned!
[19:03:09.0972657] [Debug  :   Coroner] Handling Out of Bounds death...
[19:03:09.0972657] [Warning:   Coroner] Could not access dying player: Collider was not a player!
[19:03:09.0972657] [Warning:   Coroner] Could not access dying player: Index not assigned!
[19:03:09.0972657] [Debug  :   Coroner] Handling Out of Bounds death...
[19:03:09.1587412] [Info   : LethalMin] Purple Pikmin_iyq5jv: Found enemy: ButlerEnemy(Clone)
[19:03:09.1597416] [Info   : LethalMin] Purple Pikmin_iyq5jv: Setting current task to AttackEnemy
[19:03:09.2431836] [Debug  :GeneralImprovements] Updated time display.
[19:03:09.2581223] [Debug  :Spawn Cycle Fixes] First spawn cycle occurring - force timer for next spawn cycle
[19:03:09.2661310] [Debug  :Spawn Cycle Fixes] Early daytime spawn cycle (for bees/sapsucker)
[19:03:09.2661310] [Debug  :Spawn Cycle Fixes] Early outside spawn cycle (for eclipses)
[19:03:09.2661310] [Debug  :Spawn Cycle Fixes] Early outside spawn cycle (for weeds)
[19:03:09.2676365] [Info   : Unity Log] enemy rush index is -1; current index 0
[19:03:09.2676365] [Info   : Unity Log] Hours: 60 ; Time: 0.05555556 | Enemy #0 'Crawler' : probability: 34
[19:03:09.2676365] [Info   : Unity Log] enemy rush index is -1; current index 1
[19:03:09.2676365] [Info   : Unity Log] Hours: 60 ; Time: 0.05555556 | Enemy #1 'Hoarding bug' : probability: 35
[19:03:09.2676365] [Info   : Unity Log] enemy rush index is -1; current index 2
[19:03:09.2676365] [Info   : Unity Log] Hours: 60 ; Time: 0.05555556 | Enemy #2 'Jester' : probability: 16
[19:03:09.2676365] [Info   : Unity Log] enemy rush index is -1; current index 3
[19:03:09.2676365] [Info   : Unity Log] Hours: 60 ; Time: 0.05555556 | Enemy #3 'Blob' : probability: 24
[19:03:09.2676365] [Info   : Unity Log] enemy rush index is -1; current index 4
[19:03:09.2676365] [Info   : Unity Log] Hours: 60 ; Time: 0.05555556 | Enemy #4 'Centipede' : probability: 30
[19:03:09.2676365] [Info   : Unity Log] enemy rush index is -1; current index 5
[19:03:09.2676365] [Info   : Unity Log] Hours: 60 ; Time: 0.05555556 | Enemy #5 'Girl' : probability: 19
[19:03:09.2676365] [Info   : Unity Log] enemy rush index is -1; current index 6
[19:03:09.2676365] [Info   : Unity Log] Hours: 60 ; Time: 0.05555556 | Enemy #6 'Masked' : probability: 28
[19:03:09.2676365] [Info   : Unity Log] enemy rush index is -1; current index 7
[19:03:09.2676365] [Info   : Unity Log] Hours: 60 ; Time: 0.05555556 | Enemy #7 'Nutcracker' : probability: 30
[19:03:09.2676365] [Info   : Unity Log] enemy rush index is -1; current index 8
[19:03:09.2676365] [Info   : Unity Log] Hours: 60 ; Time: 0.05555556 | Enemy #8 'Spring' : probability: 30
[19:03:09.2676365] [Info   : Unity Log] enemy rush index is -1; current index 9
[19:03:09.2676365] [Info   : Unity Log] Hours: 60 ; Time: 0.05555556 | Enemy #9 'Flowerman' : probability: 14
[19:03:09.2676365] [Info   : Unity Log] enemy rush index is -1; current index 10
[19:03:09.2676365] [Info   : Unity Log] Hours: 60 ; Time: 0.05555556 | Enemy #10 'Bunker Spider' : probability: 30
[19:03:09.2676365] [Info   : Unity Log] enemy rush index is -1; current index 11
[19:03:09.2676365] [Info   : Unity Log] Hours: 60 ; Time: 0.05555556 | Enemy #11 'Butler' : probability: 30
[19:03:09.2676365] [Info   : Unity Log] enemy rush index is -1; current index 12
[19:03:09.2676365] [Info   : Unity Log] Hours: 60 ; Time: 0.05555556 | Enemy #12 'Clay Surgeon' : probability: 17
[19:03:09.2676365] [Info   : Unity Log] enemy rush index is -1; current index 13
[19:03:09.2676365] [Info   : Unity Log] Hours: 60 ; Time: 0.05555556 | Enemy #13 'Maneater' : probability: 25
[19:03:09.2676365] [Info   : Unity Log] enemy rush index is -1; current index 14
[19:03:09.2676365] [Info   : Unity Log] Hours: 60 ; Time: 0.05555556 | Enemy #14 'Stingray' : probability: 30
[19:03:09.2676365] [Info   : Unity Log] enemy rush index is -1; current index 15
[19:03:09.2676365] [Info   : Unity Log] Hours: 60 ; Time: 0.05555556 | Enemy #15 'Locker' : probability: 9
[19:03:09.2676365] [Info   : Unity Log] enemy rush index is -1; current index 16
[19:03:09.2676365] [Info   : Unity Log] Hours: 60 ; Time: 0.05555556 | Enemy #16 'ImmortalSnail' : probability: 43
[19:03:09.2676365] [Info   : Unity Log] enemy rush index is -1; current index 17
[19:03:09.2676365] [Info   : Unity Log] Hours: 60 ; Time: 0.05555556 | Enemy #17 'HarpGhost' : probability: 24
[19:03:09.2676365] [Info   : Unity Log] enemy rush index is -1; current index 18
[19:03:09.2676365] [Info   : Unity Log] Hours: 60 ; Time: 0.05555556 | Enemy #18 'BagpipeGhost' : probability: 2
[19:03:09.2676365] [Info   : Unity Log] enemy rush index is -1; current index 19
[19:03:09.2676365] [Info   : Unity Log] Hours: 60 ; Time: 0.05555556 | Enemy #19 'EnforcerGhost' : probability: 0
[19:03:09.2676365] [Info   : Unity Log] enemy rush index is -1; current index 20
[19:03:09.2676365] [Info   : Unity Log] Hours: 60 ; Time: 0.05555556 | Enemy #20 'Shy guy' : probability: 3
[19:03:09.2676365] [Info   : Unity Log] enemy rush index is -1; current index 21
[19:03:09.2676365] [Info   : Unity Log] Hours: 60 ; Time: 0.05555556 | Enemy #21 'SlendermanEnemy' : probability: 0
[19:03:09.2676365] [Info   : Unity Log] enemy rush index is -1; current index 22
[19:03:09.2676365] [Info   : Unity Log] Hours: 60 ; Time: 0.05555556 | Enemy #22 'Cabinet' : probability: 5
[19:03:09.2676365] [Info   : Unity Log] enemy rush index is -1; current index 23
[19:03:09.2676365] [Info   : Unity Log] Hours: 60 ; Time: 0.05555556 | Enemy #23 'Football' : probability: 0
[19:03:09.2676365] [Info   : Unity Log] enemy rush index is -1; current index 24
[19:03:09.2676365] [Info   : Unity Log] Hours: 60 ; Time: 0.05555556 | Enemy #24 'Herobrine' : probability: 15
[19:03:09.2676365] [Info   : Unity Log] enemy rush index is -1; current index 25
[19:03:09.2676365] [Info   : Unity Log] Hours: 60 ; Time: 0.05555556 | Enemy #25 'Butler' : probability: 28
[19:03:09.2676365] [Info   : Unity Log] enemy rush index is -1; current index 26
[19:03:09.2676365] [Info   : Unity Log] Hours: 60 ; Time: 0.05555556 | Enemy #26 'Boomba' : probability: 20
[19:03:09.2676365] [Info   : Unity Log] enemy rush index is -1; current index 27
[19:03:09.2676365] [Info   : Unity Log] Hours: 60 ; Time: 0.05555556 | Enemy #27 'Rabbit Magician' : probability: 4
[19:03:09.2676365] [Info   : Unity Log] enemy rush index is -1; current index 28
[19:03:09.2676365] [Info   : Unity Log] Hours: 60 ; Time: 0.05555556 | Enemy #28 'Peace Keeper' : probability: 0
[19:03:09.2676365] [Info   : Unity Log] enemy rush index is -1; current index 29
[19:03:09.2676365] [Info   : Unity Log] Hours: 60 ; Time: 0.05555556 | Enemy #29 'Lord Of The Manor' : probability: 15
[19:03:09.2676365] [Info   : Unity Log] enemy rush index is -1; current index 30
[19:03:09.2676365] [Info   : Unity Log] Hours: 60 ; Time: 0.05555556 | Enemy #30 'Janitor' : probability: 13
[19:03:09.2676365] [Info   : Unity Log] enemy rush index is -1; current index 31
[19:03:09.2676365] [Info   : Unity Log] Hours: 60 ; Time: 0.05555556 | Enemy #31 'Nancy' : probability: 4
[19:03:09.2676365] [Info   : Unity Log] enemy rush index is -1; current index 32
[19:03:09.2676365] [Info   : Unity Log] Hours: 60 ; Time: 0.05555556 | Enemy #32 'Mistress' : probability: 0
[19:03:09.2676365] [Info   : Unity Log] enemy rush index is -1; current index 33
[19:03:09.2676365] [Info   : Unity Log] Hours: 60 ; Time: 0.05555556 | Enemy #33 'Duck' : probability: 0
[19:03:09.2676365] [Info   : Unity Log] enemy rush index is -1; current index 34
[19:03:09.2676365] [Info   : Unity Log] Hours: 60 ; Time: 0.05555556 | Enemy #34 'Transporter' : probability: 25
[19:03:09.2676365] [Info   : Unity Log] enemy rush index is -1; current index 35
[19:03:09.2676365] [Info   : Unity Log] Hours: 60 ; Time: 0.05555556 | Enemy #35 'Butler' : probability: 28
[19:03:09.2676365] [Info   : Unity Log] ADDING ENEMY #35: Butler
[19:03:09.2676365] [Info   : Unity Log] Adding 2 to power level, enemy: Butler
[19:03:09.2686404] [Info   : Unity Log] Adding 2 to diversity level for enemy 'Butler'
[19:03:09.2874646] [Info   : Unity Log] startofround: 29; 0
[19:03:09.6686590] [Info   : Unity Log] Butler: pinged attention to position
[19:03:09.8636963] [Debug  :Matty's Fixes] DawnLib/unknown_lib/Cat(423) position updated [(11.99, -212.42, 82.64)] -> [(11.99, -212.42, 82.64)]
[19:03:09.9295857] [Debug  :Matty's Fixes] DawnLib/unknown_lib/Cat(419) position updated [(38.13, -206.57, 167.82)] -> [(38.13, -206.57, 167.82)]
[19:03:10.1358002] [Warning:S1.39 Compatibility Fixes] [DoorAudit] Hangar state changed -> OPEN; doorPower=1.000; landed=False; leaving=False; living=1; livingInsideShip=1
[19:03:10.2806979] [Debug  :Matty's Fixes] DawnLib/unknown_lib/Cat(417) position updated [(46.36, -211.16, 103.21)] -> [(46.36, -211.16, 103.21)]
[19:03:10.2806979] [Debug  :Matty's Fixes] DawnLib/unknown_lib/Cat(422) position updated [(-2.70, -212.29, 83.89)] -> [(-2.70, -212.29, 83.89)]
[19:03:10.2932679] [Debug  :Matty's Fixes] DawnLib/unknown_lib/Cat(416) position updated [(-2.70, -212.29, 80.53)] -> [(-2.70, -212.29, 80.53)]
[19:03:10.7325305] [Debug  :Matty's Fixes] DawnLib/unknown_lib/Cat(421) position updated [(-1.26, -204.61, 157.32)] -> [(-1.26, -204.61, 157.32)]
[19:03:11.9983084] [Warning:   Coroner] Could not access dying player: Collider was not a player!
[19:03:11.9983084] [Warning:   Coroner] Could not access dying player: Index not assigned!
[19:03:11.9983084] [Debug  :   Coroner] Handling Out of Bounds death...
[19:03:12.2603174] [Debug  :GeneralImprovements] Updated time display.
[19:03:12.7539623] [Info   : Unity Log] Butler: pinged attention to position
[19:03:12.7539623] [Info   : Unity Log] Butler: pinged attention to position
[19:03:14.0097453] [Info   : Unity Log] Turning lights on at start
[19:03:14.1837426] [Warning: Unity Log] Only custom filters can be played. Please add a custom filter or an audioclip to the audiosource (SweepingSFX).
[19:03:14.1837426] [Warning: Unity Log] Only custom filters can be played. Please add a custom filter or an audioclip to the audiosource (SweepingSFX).
[19:03:14.1837426] [Warning: Unity Log] Only custom filters can be played. Please add a custom filter or an audioclip to the audiosource (SweepingSFX).
[19:03:15.2684199] [Debug  :GeneralImprovements] Updated time display.
[19:03:15.5126249] [Debug  :Matty's Fixes] DawnLib/unknown_lib/Cat(425) position updated [(40.87, -211.14, 73.10)] -> [(40.87, -211.14, 73.10)]
[19:03:15.8559222] [Info   : Unity Log] Butler: pinged attention to position
[19:03:15.8559222] [Info   : Unity Log] Butler: pinged attention to position
[19:03:16.0957508] [Debug  :PizzaTowerEscapeMusic GameEventListener] Player exited ship
[19:03:16.1052166] [Debug  :PizzaTowerEscapeMusic GameEventListener] Player entered ship
[19:03:16.1247471] [Debug  :PizzaTowerEscapeMusic GameEventListener] Player exited ship
[19:03:18.0194323] [Info   : LethalMin] Spawing Onion
[19:03:18.0284618] [Info   : LethalMin] Pos: (1.78, -1.88, -1.83), Angle: 40, IDs: 0, 4, 8, 5, 1, 7
[19:03:18.0324616] [Info   : LethalMin] Waiting for 1 onions to load... Total: 0
[19:03:18.0344617] [Debug  :ReXuvination] Optimised Collider layers in InteractTrigger for Object: trigger (UnityEngine.GameObject)
[19:03:18.1605957] [Info   : Unity Log] Butler: pinged attention to position
[19:03:18.2815140] [Debug  :GeneralImprovements] Updated time display.
[19:03:18.6166626] [Warning: Unity Log] Only custom filters can be played. Please add a custom filter or an audioclip to the audiosource (SweepingSFX).
[19:03:18.6525995] [Warning: Unity Log] Only custom filters can be played. Please add a custom filter or an audioclip to the audiosource (SweepingSFX).
[19:03:18.6806407] [Info   : Unity Log] clientRPC scrap values length: 73
[19:03:18.6806407] [Debug  :ScienceBirdTweaks] Resetting subtext...
[19:03:18.6816403] [Debug  :Buttery Fixes] Scrap tracker: Tracking "AinzOoalGown(Clone)" worth $206
[19:03:18.6816403] [Debug  :Buttery Fixes] Scrap tracker: Tracking "FancyLamp(Clone)" worth $106
[19:03:18.6816403] [Debug  :Buttery Fixes] Scrap tracker: Tracking "WateringCanPrefab(Clone)" worth $34
[19:03:18.6816403] [Debug  :Buttery Fixes] Scrap tracker: Tracking "DeathNote(Clone)" worth $114
[19:03:18.6816403] [Debug  :Buttery Fixes] Scrap tracker: Tracking "WiltedRose(Clone)" worth $12
[19:03:18.6816403] [Debug  :Buttery Fixes] Scrap tracker: Tracking "CanpaintPrefab(Clone)" worth $55
[19:03:18.6816403] [Debug  :Buttery Fixes] Scrap tracker: Tracking "WinebottlePrefab(Clone)" worth $119
[19:03:18.6816403] [Debug  :Buttery Fixes] Scrap tracker: Tracking "CarbatteryPrefab(Clone)" worth $40
[19:03:18.6816403] [Debug  :Buttery Fixes] Scrap tracker: Tracking "LaserPointer(Clone)" worth $45
[19:03:18.6816403] [Debug  :Buttery Fixes] Scrap tracker: Tracking "Thumper(Clone)" worth $86
[19:03:18.6816403] [Debug  :Buttery Fixes] Scrap tracker: Tracking "MagnifyingGlass(Clone)" worth $53
[19:03:18.6816403] [Debug  :Buttery Fixes] Scrap tracker: Tracking "Ocarina(Clone)" worth $52
[19:03:18.6816403] [Debug  :Buttery Fixes] Scrap tracker: Tracking "FancyGlass(Clone)" worth $67
[19:03:18.6816403] [Debug  :Buttery Fixes] Scrap tracker: Tracking "Magic7Ball(Clone)" worth $67
[19:03:18.6816403] [Debug  :Buttery Fixes] Scrap tracker: Tracking "GameboyPrefab(Clone)" worth $32
[19:03:18.6816403] [Debug  :Buttery Fixes] Scrap tracker: Tracking "KeyboardPrefab(Clone)" worth $51
[19:03:18.6816403] [Debug  :Buttery Fixes] Scrap tracker: Tracking "Hairdryer(Clone)" worth $77
[19:03:18.6816403] [Debug  :Buttery Fixes] Scrap tracker: Tracking "HandBell(Clone)" worth $72
[19:03:18.6816403] [Debug  :Buttery Fixes] Scrap tracker: Tracking "OldPhone(Clone)" worth $63
[19:03:18.6816403] [Debug  :Buttery Fixes] Scrap tracker: Tracking "Magic7Ball(Clone)" worth $48
[19:03:18.6816403] [Debug  :Buttery Fixes] Scrap tracker: Tracking "PickleJar(Clone)" worth $33
[19:03:18.6816403] [Debug  :Buttery Fixes] Scrap tracker: Tracking "BaseballbatPrefab(Clone)" worth $95
[19:03:18.6816403] [Debug  :Buttery Fixes] Scrap tracker: Tracking "Balan(Clone)" worth $92
[19:03:18.6816403] [Debug  :Buttery Fixes] Scrap tracker: Tracking "RetroToyPrefab(Clone)" worth $21
[19:03:18.6816403] [Debug  :Buttery Fixes] Scrap tracker: Tracking "Spoon(Clone)" worth $36
[19:03:18.6816403] [Debug  :Buttery Fixes] Scrap tracker: Tracking "Spoon(Clone)" worth $27
[19:03:18.6816403] [Debug  :Buttery Fixes] Scrap tracker: Tracking "ComedyPlush(Clone)" worth $62
[19:03:18.6816403] [Debug  :Buttery Fixes] Scrap tracker: Tracking "WinebottlePrefab(Clone)" worth $96
[19:03:18.6816403] [Debug  :Buttery Fixes] Scrap tracker: Tracking "RubberDucky(Clone)" worth $10
[19:03:18.6816403] [Debug  :Buttery Fixes] Scrap tracker: Tracking "ControlPad(Clone)" worth $47
[19:03:18.6816403] [Debug  :Buttery Fixes] Scrap tracker: Tracking "ScrewdriverPrefab(Clone)" worth $17
[19:03:18.6816403] [Debug  :Buttery Fixes] Scrap tracker: Tracking "CashRegisterItem(Clone)" worth $123
[19:03:18.6816403] [Debug  :Buttery Fixes] Scrap tracker: Tracking "LaserPointer(Clone)" worth $69
[19:03:18.6816403] [Debug  :Buttery Fixes] Scrap tracker: Tracking "JerrycanPrefab(Clone)" worth $62
[19:03:18.6816403] [Debug  :Buttery Fixes] Scrap tracker: Tracking "ChemicalJug(Clone)" worth $63
[19:03:18.6816403] [Debug  :Buttery Fixes] Scrap tracker: Tracking "SocketWrenchPrefab(Clone)" worth $32
[19:03:18.6816403] [Debug  :Buttery Fixes] Scrap tracker: Tracking "Clock(Clone)" worth $45
[19:03:18.6816403] [Debug  :Buttery Fixes] Scrap tracker: Tracking "CartridgeItem(Clone)" worth $39
[19:03:18.6816403] [Debug  :Buttery Fixes] Scrap tracker: Tracking "Cog(Clone)" worth $46
[19:03:18.6816403] [Debug  :Buttery Fixes] Scrap tracker: Tracking "PictureOscar(Clone)" worth $61
[19:03:18.6816403] [Debug  :Buttery Fixes] Scrap tracker: Tracking "FishTestProp(Clone)" worth $38
[19:03:18.6816403] [Debug  :Buttery Fixes] Scrap tracker: Tracking "MagnifyingGlass(Clone)" worth $51
[19:03:18.6816403] [Debug  :Buttery Fixes] Scrap tracker: Tracking "BrickPrefab(Clone)" worth $26
[19:03:18.6816403] [Debug  :Buttery Fixes] Scrap tracker: Tracking "SnowGlobe(Clone)" worth $68
[19:03:18.6816403] [Debug  :Buttery Fixes] Scrap tracker: Tracking "FancyGlass(Clone)" worth $71
[19:03:18.6816403] [Debug  :Buttery Fixes] Scrap tracker: Tracking "FancyPaintingPrefab(Clone)" worth $176
[19:03:18.6816403] [Debug  :Buttery Fixes] Scrap tracker: Tracking "FoodcanPrefab(Clone)" worth $38
[19:03:18.6816403] [Debug  :Buttery Fixes] Scrap tracker: Tracking "Yoyo(Clone)" worth $14
[19:03:18.6816403] [Debug  :Buttery Fixes] Scrap tracker: Tracking "CashRegisterItem(Clone)" worth $114
[19:03:18.6816403] [Debug  :Buttery Fixes] Scrap tracker: Tracking "EmergencyMeeting(Clone)" worth $26
[19:03:18.6816403] [Debug  :Buttery Fixes] Scrap tracker: Tracking "BigBolt(Clone)" worth $23
[19:03:18.6816403] [Debug  :Buttery Fixes] Scrap tracker: Tracking "HarryMason(Clone)" worth $56
[19:03:18.6816403] [Debug  :Buttery Fixes] Scrap tracker: Tracking "OldPhone(Clone)" worth $62
[19:03:18.6816403] [Debug  :Buttery Fixes] Scrap tracker: Tracking "RobotToy(Clone)" worth $60
[19:03:18.6816403] [Debug  :Buttery Fixes] Scrap tracker: Tracking "BrickPrefab(Clone)" worth $22
[19:03:18.6816403] [Debug  :Buttery Fixes] Scrap tracker: Tracking "CanteenPrefab(Clone)" worth $20
[19:03:18.6816403] [Debug  :Buttery Fixes] Scrap tracker: Tracking "FlagGun(Clone)" worth $32
[19:03:18.6816403] [Debug  :Buttery Fixes] Scrap tracker: Tracking "Painting(Clone)" worth $60
[19:03:18.6816403] [Debug  :Buttery Fixes] Scrap tracker: Tracking "LaserPointer(Clone)" worth $54
[19:03:18.6816403] [Debug  :Buttery Fixes] Scrap tracker: Tracking "ToolboxPrefab(Clone)" worth $66
[19:03:18.6816403] [Debug  :Buttery Fixes] Scrap tracker: Tracking "PlasticCake(Clone)" worth $85
[19:03:18.6816403] [Debug  :Buttery Fixes] Scrap tracker: Tracking "Lootbugplush(Clone)" worth $48
[19:03:18.6816403] [Debug  :Buttery Fixes] Scrap tracker: Tracking "CatFood(Clone)" worth $2
[19:03:18.6816403] [Debug  :Buttery Fixes] Scrap tracker: Tracking "Cat(Clone)" worth $87
[19:03:18.6816403] [Debug  :Buttery Fixes] Scrap tracker: Tracking "Cat(Clone)" worth $78
[19:03:18.6816403] [Debug  :Buttery Fixes] Scrap tracker: Tracking "CatFood(Clone)" worth $0
[19:03:18.6816403] [Debug  :Buttery Fixes] Scrap tracker: Tracking "Cat(Clone)" worth $88
[19:03:18.6816403] [Debug  :Buttery Fixes] Scrap tracker: Tracking "Cat(Clone)" worth $72
[19:03:18.6816403] [Debug  :Buttery Fixes] Scrap tracker: Tracking "Cat(Clone)" worth $83
[19:03:18.6816403] [Debug  :Buttery Fixes] Scrap tracker: Tracking "Cat(Clone)" worth $67
[19:03:18.6816403] [Debug  :Buttery Fixes] Scrap tracker: Tracking "Cat(Clone)" worth $63
[19:03:18.6816403] [Debug  :Buttery Fixes] Scrap tracker: Tracking "CatFood(Clone)" worth $2
[19:03:18.6816403] [Debug  :Buttery Fixes] Scrap tracker: Tracking "Cat(Clone)" worth $82
[19:03:18.7437053] [Debug  :ScienceBirdTweaks] Found bridge 1!
[19:03:18.8052787] [Debug  :ScienceBirdTweaks] Found bridge 1!
[19:03:18.9260493] [Info   : Unity Log] Butler: pinged attention to position
[19:03:18.9260493] [Info   : Unity Log] Butler: pinged attention to position
[19:03:19.1290197] [Info   : LethalMin] 1/1 onions loaded, loading data
[19:03:19.1325265] [Info   : LethalMin] Restored 44 pikmin to onion 2 in 1 batches
[19:03:19.1325265] [Info   : LethalMin] Restored 2 pikmin to onion -1 in 1 batches
[19:03:19.1325265] [Info   : LethalMin] Restored 1 pikmin to onion -1 in 1 batches
[19:03:19.1335296] [Info   : LethalMin] Restored 57 pikmin to onion -1 in 2 batches
[19:03:19.1335296] [Info   : LethalMin] Restored 5 pikmin to onion -1 in 1 batches
[19:03:19.1335296] [Info   : LethalMin] Restored 3 pikmin to onion -1 in 1 batches
[19:03:20.3386839] [Debug  :PizzaTowerEscapeMusic GameEventListener] Player entered ship
[19:03:20.3488256] [Debug  :PizzaTowerEscapeMusic GameEventListener] Player exited ship
[19:03:21.0397585] [Warning: Unity Log] Only custom filters can be played. Please add a custom filter or an audioclip to the audiosource (SweepingSFX).
[19:03:21.2285160] [Info   : Unity Log] Butler: pinged attention to position
[19:03:21.2932472] [Debug  :GeneralImprovements] Updated time display.
[19:03:21.9968917] [Info   : Unity Log] Butler: pinged attention to position
[19:03:21.9968917] [Info   : Unity Log] Butler: pinged attention to position
[19:03:23.4524702] [Debug  :   Coroner] Querying target player parameters pre-death...
[19:03:23.4524702] [Debug  :   Coroner] Query successful!True
[19:03:24.1332392] [Warning: Unity Log] Only custom filters can be played. Please add a custom filter or an audioclip to the audiosource (SweepingSFX).
[19:03:24.3095436] [Info   : Unity Log] Butler: pinged attention to position
[19:03:25.0809463] [Info   : Unity Log] Butler: pinged attention to position
[19:03:25.0809463] [Info   : Unity Log] Butler: pinged attention to position
[19:03:25.6985507] [Warning: Unity Log] Only custom filters can be played. Please add a custom filter or an audioclip to the audiosource (SweepingSFX).
[19:03:25.8502221] [Warning: Unity Log] Only custom filters can be played. Please add a custom filter or an audioclip to the audiosource (SweepingSFX).
[19:03:26.0168577] [Debug  :   Coroner] Querying target player parameters pre-death...
[19:03:26.0168577] [Debug  :   Coroner] Query successful!True
[19:03:27.3788949] [Info   : Unity Log] Butler: pinged attention to position
[19:03:28.1491006] [Info   : Unity Log] Butler: pinged attention to position
[19:03:28.1491006] [Info   : Unity Log] Butler: pinged attention to position
[19:03:28.5621037] [Info   : Unity Log] Found enemy vent which has its time up: VentEntrance(Clone). Spawning Butler from vent.
[19:03:28.5732411] [Info   : Unity Log] Spawned enemy from vent
[19:03:28.5817498] [Debug  :Starlancer AI Fix] The Enemy Whitelist contains: Blob, Butler, Centipede, Crawler, Flowerman, HoarderBug, Nutcracker, SandSpider, Stingray.
[19:03:28.5817498] [Debug  :Starlancer AI Fix] Adding IVisibleThreat component to ButlerEnemy(Clone).
[19:03:28.7405967] [Warning: Unity Log] Only custom filters can be played. Please add a custom filter or an audioclip to the audiosource (SweepingSFX).
[19:03:29.1085966] [Info   :GeneralImprovements] Enabling ship scan node again and parenting it to the terminal.
[19:03:29.1146010] [Info   :LethalPerformance] Saved 1 save(s)
[19:03:29.1217589] [Debug  :PizzaTowerEscapeMusic GameEventListener] Ship has landed
[19:03:29.1217589] [Debug  :PizzaTowerEscapeMusic GameEventListener] Checking for docked Apparatus...
[19:03:29.1449854] [Debug  :PizzaTowerEscapeMusic GameEventListener] Could not find docked Apparatus
[19:03:29.1469850] [Info   :MrHat.BasedDecorPlacement] Build mode available after landing
[19:03:29.5681174] [Warning: Unity Log] Only custom filters can be played. Please add a custom filter or an audioclip to the audiosource (SweepingSFX).
[19:03:30.3248889] [Warning: Unity Log] Only custom filters can be played. Please add a custom filter or an audioclip to the audiosource (SweepingSFX).
[19:03:30.4383412] [Info   : Unity Log] Called finishopeningentrance (False)
[19:03:30.4383412] [Info   : Unity Log] finishopeningentrance animator null
[19:03:30.4488582] [Debug  :PizzaTowerEscapeMusic GameEventListener] Player entered facility
[19:03:30.4498572] [Debug  : LethalMin] Setting pikmin to entrance: True
[19:03:30.4498572] [Debug  : LethalMin] Setting pikmin to entrance: True
[19:03:31.2181976] [Info   : Unity Log] Butler: pinged attention to position
[19:03:32.3078052] [Debug  :   Coroner] Querying target player parameters pre-death...
[19:03:32.3078052] [Debug  :   Coroner] Query successful!True
[19:03:33.4293907] [Warning: Unity Log] Only custom filters can be played. Please add a custom filter or an audioclip to the audiosource (SweepingSFX).
[19:03:33.9437592] [Warning: Unity Log] Only custom filters can be played. Please add a custom filter or an audioclip to the audiosource (SweepingSFX).
[19:03:34.2917501] [Info   : Unity Log] Butler: pinged attention to position
[19:03:34.7277603] [Warning: Unity Log] Only custom filters can be played. Please add a custom filter or an audioclip to the audiosource (SweepingSFX).
[19:03:35.7578296] [Warning: Unity Log] Only custom filters can be played. Please add a custom filter or an audioclip to the audiosource (SweepingSFX).
[19:03:37.3629542] [Info   : Unity Log] Butler: pinged attention to position
[19:03:37.8934835] [Warning: Unity Log] Only custom filters can be played. Please add a custom filter or an audioclip to the audiosource (SweepingSFX).
[19:03:39.1483733] [Warning: Unity Log] Only custom filters can be played. Please add a custom filter or an audioclip to the audiosource (SweepingSFX).
[19:03:39.3588091] [Warning: Unity Log] Only custom filters can be played. Please add a custom filter or an audioclip to the audiosource (SweepingSFX).
[19:03:40.4252004] [Info   : Unity Log] Butler: pinged attention to position
[19:03:41.1262005] [Warning: Unity Log] Only custom filters can be played. Please add a custom filter or an audioclip to the audiosource (SweepingSFX).
[19:03:43.2533526] [Info   : Unity Log] Butler: pinged attention to position
[19:03:43.5027015] [Info   : Unity Log] Butler: pinged attention to position
[19:03:43.8778812] [Warning: Unity Log] Only custom filters can be played. Please add a custom filter or an audioclip to the audiosource (SweepingSFX).
[19:03:44.6084914] [Warning: Unity Log] Only custom filters can be played. Please add a custom filter or an audioclip to the audiosource (SweepingSFX).
[19:03:45.0366408] [Warning:   Coroner] Could not access dying player: Collider was not a player!
[19:03:45.0366408] [Warning:   Coroner] Could not access dying player: Index not assigned!
[19:03:45.0366408] [Debug  :   Coroner] Handling Out of Bounds death...
[19:03:46.0272638] [Warning: Unity Log] Only custom filters can be played. Please add a custom filter or an audioclip to the audiosource (SweepingSFX).
[19:03:46.3071052] [Info   : Unity Log] Butler: pinged attention to position
[19:03:46.5686027] [Info   : Unity Log] Butler: pinged attention to position
[19:03:47.5865624] [Info   : Unity Log] Butler: pinged attention to position
[19:03:48.4652740] [Warning: Unity Log] Only custom filters can be played. Please add a custom filter or an audioclip to the audiosource (SweepingSFX).
[19:03:49.3759661] [Info   : Unity Log] Butler: pinged attention to position
[19:03:49.6300656] [Info   : Unity Log] Butler: pinged attention to position
[19:03:49.7000749] [Warning: Unity Log] Only custom filters can be played. Please add a custom filter or an audioclip to the audiosource (SweepingSFX).
[19:03:50.6850666] [Info   : Unity Log] Butler: pinged attention to position
[19:03:51.5579658] [Warning: Unity Log] Only custom filters can be played. Please add a custom filter or an audioclip to the audiosource (SweepingSFX).
[19:03:52.4602772] [Warning: Unity Log] Only custom filters can be played. Please add a custom filter or an audioclip to the audiosource (SweepingSFX).
[19:03:52.4783989] [Info   : Unity Log] Butler: pinged attention to position
[19:03:52.7323910] [Info   : Unity Log] Butler: pinged attention to position
[19:03:52.8545503] [Warning: Unity Log] Only custom filters can be played. Please add a custom filter or an audioclip to the audiosource (SweepingSFX).
[19:03:53.7546907] [Info   : Unity Log] Butler: pinged attention to position
[19:03:55.7953273] [Info   : Unity Log] Butler: pinged attention to position
[19:03:55.8384744] [Warning: Unity Log] Only custom filters can be played. Please add a custom filter or an audioclip to the audiosource (SweepingSFX).
[19:03:56.8281935] [Warning: Unity Log] Only custom filters can be played. Please add a custom filter or an audioclip to the audiosource (SweepingSFX).
[19:03:56.9054833] [Info   :GeneralImprovements] Server disconnecting - dropping FlashlightItem(Clone)
[19:03:56.9069940] [Info   :GeneralImprovements] Server disconnecting - dropping Key(Clone)
[19:03:56.9085009] [Info   : Unity Log] Leaving current lobby
[19:03:56.9085009] [Info   : Unity Log] Disconnecting and setting networkobjects to destroy with owner
[19:03:56.9387110] [Info   :mrgrm7.LethalCasino] Player disconnected.
[19:03:56.9387110] [Info   :Dreamweave.CompanyBuildingEnhancements] Disconnected From Lobby: Config Sync Reverted.
[19:03:56.9387110] [Info   :Rolling Giant] [RandomlyMoveWhileLooking]: moveSpeed: 2, moveAcceleration: 1, moveDeceleration: 0.5, rotateToLookAtPlayer: True, delayBeforeLookingAtPlayer: 2, lookAtPlayerDuration: 3, waitTimeMin: 1, waitTimeMax: 3, randomMoveTimeMin: 1, randomMoveTimeMax: 3, lookTimeBeforeAgro: 0
[19:03:56.9387110] [Info   :Rolling Giant] Resetting all rolling giants!
[19:03:56.9387110] [Message:Rolling Giant] Reverting sync
[19:03:56.9407195] [Debug  :More Ship Upgrades] [GameNetworkManagerPatcher] Saving the LGU upgrades unto a json file...
[19:03:56.9407195] [Debug  :MrHat.BasedItemSaving] Saved 17 exact item poses
[19:03:56.9417159] [Info   : Unity Log] Shutting down and disconnecting from server. Is host?: True
[19:03:56.9427165] [Debug  :More Ship Upgrades] [GameNetworkManagerPatcher] Resetting the Upgrade Bus due to disconnecting...
[19:03:56.9437145] [Debug  :More Ship Upgrades] [UpgradeBus] Resetting MasaeAhmya's attributes
[19:03:56.9753849] [Info   :LethalPerformance] Saved 2 save(s)
[19:03:56.9818970] [Debug  :LethalNetworkAPI] Disposing of UnnamedMessageHandler.
[19:03:57.0164370] [Debug  : LethalMin] Bulbmin_TA7nyc: Removed Leader
[19:03:57.0164370] [Debug  : LethalMin] White Pikmin_BTuL: Removed Leader
[19:03:57.0164370] [Debug  : LethalMin] Bulbmin_tlhtEj: Removed Leader
[19:03:57.0164370] [Debug  : LethalMin] Purple Pikmin_b4TR: Removed Leader
[19:03:57.0174371] [Debug  : LethalMin] Purple Pikmin_JNGzTp: Removed Leader
[19:03:57.0174371] [Debug  : LethalMin] Bulbmin_0f3X: Removed Leader
[19:03:57.0174371] [Info   : LethalMin] Purple Pikmin_iyq5jv: Removing current task
[19:03:57.0174371] [Debug  : LethalMin] Purple Pikmin_iyq5jv: Removed Leader
[19:03:57.0174371] [Debug  : LethalMin] Bulbmin_QHdd: Removed Leader
[19:03:57.0174371] [Debug  : LethalMin] Purple Pikmin_8ZPBz2: Removed Leader
[19:03:57.0174371] [Debug  : LethalMin] White Pikmin_qsCj7ac: Removed Leader
[19:03:57.0184364] [Debug  : LethalMin] Bulbmin_YBzHE: Removed Leader
[19:03:57.0184364] [Debug  : LethalMin] Bulbmin_FTmpMhc: Removed Leader
[19:03:57.0184364] [Debug  : LethalMin] Purple Pikmin_xmYNU: Removed Leader
[19:03:57.0184364] [Debug  : LethalMin] Bulbmin_f5Lvcnb: Removed Leader
[19:03:57.0184364] [Debug  : LethalMin] Purple Pikmin_NN8Tk: Removed Leader
[19:03:57.0184364] [Debug  : LethalMin] Bulbmin_5gv1rtb: Removed Leader
[19:03:57.0194778] [Debug  : LethalMin] White Pikmin_mzhZz: Removed Leader
[19:03:57.0194778] [Debug  : LethalMin] Purple Pikmin_UHU770b: Removed Leader
[19:03:57.0357956] [Info   : LethalMin] ShipOnion: saved 44 pikmin to disk on despawn.
[19:03:57.0876997] [Info   :LobbyControl] 0 disconnected
[19:03:57.0882327] [Info   : Unity Log] Disconnect callback called
[19:03:57.0882327] [Info   : Unity Log] Is server: True; ishost: True; isConnectedClient: False
[19:03:57.0882327] [Info   : Unity Log] Disconnect callback called in gamenetworkmanager; disconnecting clientId: 0
[19:03:57.0882327] [Info   : Unity Log] Disconnect callback called for local client; ignoring.
[19:03:57.1027450] [Debug  :Starlancer AI Fix] ButlerEnemy(Clone) from the interior enemy list has died; 
Previous interior power level is 2
[19:03:57.1027450] [Debug  :Starlancer AI Fix] Removing ButlerEnemy(Clone)'s power (2) from the RoundManager; 
Current interior power level is 0
[19:03:57.1082569] [Info   : Unity Log] Interact trigger destroying! name: trigger
[19:03:57.1082569] [Info   : Unity Log] Interact trigger destroying! name: trigger
[19:03:57.1082569] [Info   : Unity Log] Interact trigger destroying! name: trigger (1)
[19:03:57.1082569] [Info   : Unity Log] Interact trigger destroying! name: trigger (2)
[19:03:57.1082569] [Info   : Unity Log] Interact trigger destroying! name: trigger (3)
[19:03:57.1082569] [Info   : Unity Log] Interact trigger destroying! name: trigger (4)
[19:03:57.1096161] [Debug  :Starlancer AI Fix] Bulbmin_TA7nyc from the interior enemy list has died; 
Previous interior power level is 0
[19:03:57.1096161] [Debug  :Starlancer AI Fix] Removing Bulbmin_TA7nyc's power (0) from the RoundManager; 
Current interior power level is 0
[19:03:57.1096161] [Debug  :Starlancer AI Fix] White Pikmin_BTuL from the interior enemy list has died; 
Previous interior power level is 0
[19:03:57.1096161] [Debug  :Starlancer AI Fix] Removing White Pikmin_BTuL's power (0) from the RoundManager; 
Current interior power level is 0
[19:03:57.1096161] [Debug  :Starlancer AI Fix] Bulbmin_tlhtEj from the interior enemy list has died; 
Previous interior power level is 0
[19:03:57.1096161] [Debug  :Starlancer AI Fix] Removing Bulbmin_tlhtEj's power (0) from the RoundManager; 
Current interior power level is 0
[19:03:57.1096161] [Debug  :Starlancer AI Fix] Purple Pikmin_b4TR from the interior enemy list has died; 
Previous interior power level is 0
[19:03:57.1096161] [Debug  :Starlancer AI Fix] Removing Purple Pikmin_b4TR's power (0) from the RoundManager; 
Current interior power level is 0
[19:03:57.1106163] [Debug  :Starlancer AI Fix] Purple Pikmin_JNGzTp from the interior enemy list has died; 
Previous interior power level is 0
[19:03:57.1106163] [Debug  :Starlancer AI Fix] Removing Purple Pikmin_JNGzTp's power (0) from the RoundManager; 
Current interior power level is 0
[19:03:57.1106163] [Debug  :Starlancer AI Fix] Bulbmin_0f3X from the interior enemy list has died; 
Previous interior power level is 0
[19:03:57.1106163] [Debug  :Starlancer AI Fix] Removing Bulbmin_0f3X's power (0) from the RoundManager; 
Current interior power level is 0
[19:03:57.1106163] [Debug  :Starlancer AI Fix] Purple Pikmin_iyq5jv from the interior enemy list has died; 
Previous interior power level is 0
[19:03:57.1106163] [Debug  :Starlancer AI Fix] Removing Purple Pikmin_iyq5jv's power (0) from the RoundManager; 
Current interior power level is 0
[19:03:57.1106163] [Debug  :Starlancer AI Fix] Bulbmin_QHdd from the interior enemy list has died; 
Previous interior power level is 0
[19:03:57.1106163] [Debug  :Starlancer AI Fix] Removing Bulbmin_QHdd's power (0) from the RoundManager; 
Current interior power level is 0
[19:03:57.1116161] [Debug  :Starlancer AI Fix] Purple Pikmin_8ZPBz2 from the interior enemy list has died; 
Previous interior power level is 0
[19:03:57.1116161] [Debug  :Starlancer AI Fix] Removing Purple Pikmin_8ZPBz2's power (0) from the RoundManager; 
Current interior power level is 0
[19:03:57.1116161] [Debug  :Starlancer AI Fix] White Pikmin_qsCj7ac from the interior enemy list has died; 
Previous interior power level is 0
[19:03:57.1116161] [Debug  :Starlancer AI Fix] Removing White Pikmin_qsCj7ac's power (0) from the RoundManager; 
Current interior power level is 0
[19:03:57.1116161] [Debug  :Starlancer AI Fix] Bulbmin_YBzHE from the interior enemy list has died; 
Previous interior power level is 0
[19:03:57.1116161] [Debug  :Starlancer AI Fix] Removing Bulbmin_YBzHE's power (0) from the RoundManager; 
Current interior power level is 0
[19:03:57.1116161] [Debug  :Starlancer AI Fix] Bulbmin_FTmpMhc from the interior enemy list has died; 
Previous interior power level is 0
[19:03:57.1116161] [Debug  :Starlancer AI Fix] Removing Bulbmin_FTmpMhc's power (0) from the RoundManager; 
Current interior power level is 0
[19:03:57.1126160] [Debug  :Starlancer AI Fix] Purple Pikmin_xmYNU from the interior enemy list has died; 
Previous interior power level is 0
[19:03:57.1126160] [Debug  :Starlancer AI Fix] Removing Purple Pikmin_xmYNU's power (0) from the RoundManager; 
Current interior power level is 0
[19:03:57.1126160] [Debug  :Starlancer AI Fix] Bulbmin_f5Lvcnb from the interior enemy list has died; 
Previous interior power level is 0
[19:03:57.1126160] [Debug  :Starlancer AI Fix] Removing Bulbmin_f5Lvcnb's power (0) from the RoundManager; 
Current interior power level is 0
[19:03:57.1126160] [Debug  :Starlancer AI Fix] Purple Pikmin_NN8Tk from the interior enemy list has died; 
Previous interior power level is 0
[19:03:57.1126160] [Debug  :Starlancer AI Fix] Removing Purple Pikmin_NN8Tk's power (0) from the RoundManager; 
Current interior power level is 0
[19:03:57.1136171] [Debug  :Starlancer AI Fix] Bulbmin_5gv1rtb from the interior enemy list has died; 
Previous interior power level is 0
[19:03:57.1136171] [Debug  :Starlancer AI Fix] Removing Bulbmin_5gv1rtb's power (0) from the RoundManager; 
Current interior power level is 0
[19:03:57.1136171] [Debug  :Starlancer AI Fix] White Pikmin_mzhZz from the interior enemy list has died; 
Previous interior power level is 0
[19:03:57.1136171] [Debug  :Starlancer AI Fix] Removing White Pikmin_mzhZz's power (0) from the RoundManager; 
Current interior power level is 0
[19:03:57.1136171] [Debug  :Starlancer AI Fix] Purple Pikmin_UHU770b from the interior enemy list has died; 
Previous interior power level is 0
[19:03:57.1136171] [Debug  :Starlancer AI Fix] Removing Purple Pikmin_UHU770b's power (0) from the RoundManager; 
Current interior power level is 0
[19:03:57.1136171] [Info   : Unity Log] Interact trigger destroying! name: InteractTrigger
[19:03:57.1136171] [Info   : Unity Log] Interact trigger destroying! name: InteractTrigger
[19:03:57.1136171] [Info   : Unity Log] Interact trigger destroying! name: InteractTrigger
[19:03:57.1136171] [Info   : Unity Log] Interact trigger destroying! name: InteractTrigger
[19:03:57.1146166] [Info   : Unity Log] Interact trigger destroying! name: InteractTrigger
[19:03:57.1146166] [Info   : Unity Log] Interact trigger destroying! name: InteractTrigger
[19:03:57.1146166] [Info   : Unity Log] Interact trigger destroying! name: InteractTrigger
[19:03:57.1146166] [Info   : Unity Log] Interact trigger destroying! name: InteractTrigger
[19:03:57.1146166] [Info   : Unity Log] Interact trigger destroying! name: InteractTrigger
[19:03:57.1146166] [Info   : Unity Log] Interact trigger destroying! name: InteractTrigger
[19:03:57.1146166] [Info   : Unity Log] Interact trigger destroying! name: InteractTrigger
[19:03:57.1146166] [Info   : Unity Log] Interact trigger destroying! name: InteractTrigger
[19:03:57.1146166] [Info   : Unity Log] Interact trigger destroying! name: InteractTrigger
[19:03:57.1146166] [Info   : Unity Log] Interact trigger destroying! name: InteractTrigger
[19:03:57.1146166] [Info   : Unity Log] Interact trigger destroying! name: InteractTrigger
[19:03:57.1156192] [Info   : Unity Log] Interact trigger destroying! name: InteractTrigger
[19:03:57.1156192] [Info   : Unity Log] Interact trigger destroying! name: InteractTrigger
[19:03:57.1156192] [Info   : Unity Log] Interact trigger destroying! name: InteractTrigger
[19:03:57.1156192] [Info   : Unity Log] Interact trigger destroying! name: InteractTrigger
[19:03:57.1156192] [Info   : Unity Log] Interact trigger destroying! name: InteractTrigger
[19:03:57.1156192] [Info   : Unity Log] Interact trigger destroying! name: InteractTrigger
[19:03:57.1156192] [Info   : Unity Log] Interact trigger destroying! name: InteractTrigger
[19:03:57.1156192] [Info   : Unity Log] Interact trigger destroying! name: InteractTrigger
[19:03:57.1156192] [Info   : Unity Log] Interact trigger destroying! name: InteractTrigger
[19:03:57.1156192] [Info   : Unity Log] Interact trigger destroying! name: InteractTrigger
[19:03:57.1156192] [Info   : Unity Log] Interact trigger destroying! name: InteractTrigger
[19:03:57.1156192] [Info   : Unity Log] Interact trigger destroying! name: InteractTrigger
[19:03:57.1166186] [Info   : Unity Log] Interact trigger destroying! name: InteractTrigger
[19:03:57.1166186] [Info   : Unity Log] Interact trigger destroying! name: InteractTrigger
[19:03:57.1166186] [Info   : Unity Log] Interact trigger destroying! name: InteractTrigger
[19:03:57.1166186] [Info   : Unity Log] Interact trigger destroying! name: InteractTrigger
[19:03:57.1166186] [Info   : Unity Log] Interact trigger destroying! name: InteractTrigger
[19:03:57.1166186] [Info   : Unity Log] Interact trigger destroying! name: InteractTrigger
[19:03:57.1166186] [Info   : Unity Log] Interact trigger destroying! name: InteractTrigger
[19:03:57.1166186] [Info   : Unity Log] Interact trigger destroying! name: InteractTrigger
[19:03:57.1166186] [Info   : Unity Log] Interact trigger destroying! name: InteractTrigger
[19:03:57.1166186] [Info   : Unity Log] Interact trigger destroying! name: InteractTrigger
[19:03:57.1166186] [Info   : Unity Log] Interact trigger destroying! name: InteractTrigger
[19:03:57.1166186] [Info   : Unity Log] Interact trigger destroying! name: InteractTrigger
[19:03:57.1166186] [Info   : Unity Log] Interact trigger destroying! name: InteractTrigger
[19:03:57.1166186] [Info   : Unity Log] Interact trigger destroying! name: InteractTrigger
[19:03:57.1166186] [Info   : Unity Log] Interact trigger destroying! name: InteractTrigger
[19:03:57.1166186] [Info   : Unity Log] Interact trigger destroying! name: InteractTrigger
[19:03:57.1166186] [Info   : Unity Log] Interact trigger destroying! name: InteractTrigger
[19:03:57.1166186] [Info   : Unity Log] Interact trigger destroying! name: InteractTrigger
[19:03:57.1181245] [Info   : Unity Log] Interact trigger destroying! name: InteractTrigger
[19:03:57.1181245] [Info   : Unity Log] Interact trigger destroying! name: InteractTrigger
[19:03:57.1181245] [Info   : Unity Log] Interact trigger destroying! name: InteractTrigger
[19:03:57.1181245] [Info   : Unity Log] Interact trigger destroying! name: InteractTrigger
[19:03:57.1181245] [Info   : Unity Log] Interact trigger destroying! name: InteractTrigger
[19:03:57.1181245] [Info   : Unity Log] Interact trigger destroying! name: InteractTrigger
[19:03:57.1191330] [Debug  :Starlancer AI Fix] ButlerEnemy(Clone) from the interior enemy list has died; 
Previous interior power level is 0
[19:03:57.1191330] [Debug  :Starlancer AI Fix] Removing ButlerEnemy(Clone)'s power (2) from the RoundManager; 
Current interior power level is 0
[19:03:57.1191330] [Debug  :Starlancer AI Fix] ButlerEnemy(Clone) from the interior enemy list has died; 
Previous interior power level is 0
[19:03:57.1191330] [Debug  :Starlancer AI Fix] Removing ButlerEnemy(Clone)'s power (2) from the RoundManager; 
Current interior power level is 0
[19:03:57.1191330] [Debug  :Starlancer AI Fix] ButlerEnemy(Clone) from the interior enemy list has died; 
Previous interior power level is 0
[19:03:57.1191330] [Debug  :Starlancer AI Fix] Removing ButlerEnemy(Clone)'s power (2) from the RoundManager; 
Current interior power level is 0
[19:03:57.1201338] [Info   : Unity Log] Interact trigger destroying! name: CoinInteract
[19:03:57.1271306] [Info   : Unity Log] Interact trigger destroying! name: EntranceTeleportAManor(Clone)
[19:03:57.1271306] [Info   : Unity Log] Interact trigger destroying! name: DrawerLowerLeftAnimContainer
[19:03:57.1271306] [Info   : Unity Log] Interact trigger destroying! name: DrawerLowerLeftAnimContainer
[19:03:57.1271306] [Info   : Unity Log] Interact trigger destroying! name: DrawerUpperLeftAnimContainer
[19:03:57.1271306] [Info   : Unity Log] Interact trigger destroying! name: DrawerUpperLeftAnimContainer
[19:03:57.1281330] [Info   : Unity Log] Interact trigger destroying! name: DrawerLowerLeftAnimContainer
[19:03:57.1281330] [Info   : Unity Log] Interact trigger destroying! name: DrawerLowerLeftAnimContainer
[19:03:57.1281330] [Info   : Unity Log] Interact trigger destroying! name: DrawerUpperLeftAnimContainer
[19:03:57.1281330] [Info   : Unity Log] Interact trigger destroying! name: DrawerUpperLeftAnimContainer
[19:03:57.1281330] [Info   : Unity Log] Interact trigger destroying! name: Cube
[19:03:57.1281330] [Info   : Unity Log] Interact trigger destroying! name: BreakerSwitch1
[19:03:57.1281330] [Info   : Unity Log] Interact trigger destroying! name: BreakerSwitch2
[19:03:57.1281330] [Info   : Unity Log] Interact trigger destroying! name: BreakerSwitch3
[19:03:57.1281330] [Info   : Unity Log] Interact trigger destroying! name: BreakerSwitch4
[19:03:57.1281330] [Info   : Unity Log] Interact trigger destroying! name: BreakerSwitch5
[19:03:57.1281330] [Info   : Unity Log] Interact trigger destroying! name: PowerBoxDoor
[19:03:57.1281330] [Info   : Unity Log] Interact trigger destroying! name: DrawerLowerLeftAnimContainer
[19:03:57.1281330] [Info   : Unity Log] Interact trigger destroying! name: DrawerLowerLeftAnimContainer
[19:03:57.1281330] [Info   : Unity Log] Interact trigger destroying! name: DrawerUpperLeftAnimContainer
[19:03:57.1281330] [Info   : Unity Log] Interact trigger destroying! name: DrawerUpperLeftAnimContainer
[19:03:57.1281330] [Info   : Unity Log] Interact trigger destroying! name: EntranceTeleportB(Clone)
[19:03:57.1281330] [Info   : Unity Log] Interact trigger destroying! name: EntranceTeleportB(Clone)
[19:03:57.1281330] [Info   : Unity Log] Interact trigger destroying! name: EntranceTeleportB(Clone)
[19:03:57.1303617] [Info   : Unity Log] Interact trigger destroying! name: Cube (1)
[19:03:57.1303617] [Info   : Unity Log] Interact trigger destroying! name: Cube (1)
[19:03:57.1303617] [Info   : Unity Log] Interact trigger destroying! name: Cube (1)
[19:03:57.1303617] [Info   : Unity Log] Interact trigger destroying! name: Cube (1)
[19:03:57.1303617] [Info   : Unity Log] Interact trigger destroying! name: Cube (1)
[19:03:57.1303617] [Info   : Unity Log] Interact trigger destroying! name: Cube (1)
[19:03:57.1303617] [Info   : Unity Log] Interact trigger destroying! name: Cube (26)
[19:03:57.1303617] [Info   : Unity Log] Interact trigger destroying! name: Cube
[19:03:57.1303617] [Info   : Unity Log] Interact trigger destroying! name: DrawerLowerLeftAnimContainer
[19:03:57.1303617] [Info   : Unity Log] Interact trigger destroying! name: DrawerLowerLeftAnimContainer
[19:03:57.1303617] [Info   : Unity Log] Interact trigger destroying! name: DrawerUpperLeftAnimContainer
[19:03:57.1303617] [Info   : Unity Log] Interact trigger destroying! name: DrawerUpperLeftAnimContainer
[19:03:57.1303617] [Info   : Unity Log] Interact trigger destroying! name: Cube (1)
[19:03:57.1303617] [Info   : Unity Log] Interact trigger destroying! name: Cube (1)
[19:03:57.1303617] [Info   : Unity Log] Interact trigger destroying! name: Cube (1)
[19:03:57.1303617] [Info   : Unity Log] Interact trigger destroying! name: Cube (1)
[19:03:57.1303617] [Info   : Unity Log] Interact trigger destroying! name: Cube (1)
[19:03:57.1303617] [Info   : Unity Log] Interact trigger destroying! name: Cube (1)
[19:03:57.1303617] [Info   : Unity Log] Interact trigger destroying! name: Cube (26)
[19:03:57.1313604] [Info   : Unity Log] Interact trigger destroying! name: Cube
[19:03:57.1313604] [Info   : Unity Log] Interact trigger destroying! name: Cube
[19:03:57.1313604] [Info   : Unity Log] Interact trigger destroying! name: Cube (1)
[19:03:57.1313604] [Info   : Unity Log] Interact trigger destroying! name: Cube (1)
[19:03:57.1313604] [Info   : Unity Log] Interact trigger destroying! name: Cube (1)
[19:03:57.1313604] [Info   : Unity Log] Interact trigger destroying! name: Cube (2)
[19:03:57.1313604] [Info   : Unity Log] Interact trigger destroying! name: Cube (2)
[19:03:57.1313604] [Info   : Unity Log] Interact trigger destroying! name: Cube (1)
[19:03:57.1313604] [Info   : Unity Log] Interact trigger destroying! name: Cube (1)
[19:03:57.1313604] [Info   : Unity Log] Interact trigger destroying! name: Cube
[19:03:57.1313604] [Info   : Unity Log] Interact trigger destroying! name: LadderTrigger
[19:03:57.1313604] [Info   : Unity Log] Interact trigger destroying! name: Trigger
[19:03:57.1313604] [Info   : Unity Log] Interact trigger destroying! name: Cube
[19:03:57.1313604] [Info   : Unity Log] Interact trigger destroying! name: Cube (1)
[19:03:57.1313604] [Info   : Unity Log] Interact trigger destroying! name: Cube (1)
[19:03:57.1313604] [Info   : Unity Log] Interact trigger destroying! name: Cube (1)
[19:03:57.1313604] [Info   : Unity Log] Interact trigger destroying! name: Cube (2)
[19:03:57.1313604] [Info   : Unity Log] Interact trigger destroying! name: Cube (2)
[19:03:57.1313604] [Info   : Unity Log] Interact trigger destroying! name: Cube (1)
[19:03:57.1313604] [Info   : Unity Log] Interact trigger destroying! name: Cube (1)
[19:03:57.1323605] [Info   : Unity Log] Interact trigger destroying! name: Cube
[19:03:57.1323605] [Info   : Unity Log] Interact trigger destroying! name: Cube (1)
[19:03:57.1323605] [Info   : Unity Log] Interact trigger destroying! name: Cube (1)
[19:03:57.1323605] [Info   : Unity Log] Interact trigger destroying! name: Cube (1)
[19:03:57.1323605] [Info   : Unity Log] Interact trigger destroying! name: Cube (1)
[19:03:57.1323605] [Info   : Unity Log] Interact trigger destroying! name: Cube (1)
[19:03:57.1323605] [Info   : Unity Log] Interact trigger destroying! name: Cube (1)
[19:03:57.1323605] [Info   : Unity Log] Interact trigger destroying! name: Cube (26)
[19:03:57.1323605] [Info   : Unity Log] Interact trigger destroying! name: Cube
[19:03:57.1323605] [Info   : Unity Log] Interact trigger destroying! name: Cube (1)
[19:03:57.1323605] [Info   : Unity Log] Interact trigger destroying! name: Cube (1)
[19:03:57.1323605] [Info   : Unity Log] Interact trigger destroying! name: Cube (1)
[19:03:57.1323605] [Info   : Unity Log] Interact trigger destroying! name: Cube (1)
[19:03:57.1323605] [Info   : Unity Log] Interact trigger destroying! name: Cube (1)
[19:03:57.1323605] [Info   : Unity Log] Interact trigger destroying! name: Cube (1)
[19:03:57.1323605] [Info   : Unity Log] Interact trigger destroying! name: Cube (26)
[19:03:57.1323605] [Info   : Unity Log] Interact trigger destroying! name: Cube
[19:03:57.1323605] [Info   : Unity Log] Interact trigger destroying! name: Cube (1)
[19:03:57.1323605] [Info   : Unity Log] Interact trigger destroying! name: Cube (1)
[19:03:57.1323605] [Info   : Unity Log] Interact trigger destroying! name: Cube
[19:03:57.1323605] [Info   : Unity Log] Interact trigger destroying! name: Cube (1)
[19:03:57.1323605] [Info   : Unity Log] Interact trigger destroying! name: Cube (1)
[19:03:57.1323605] [Info   : Unity Log] Interact trigger destroying! name: Cube (1)
[19:03:57.1323605] [Info   : Unity Log] Interact trigger destroying! name: Cube (2)
[19:03:57.1323605] [Info   : Unity Log] Interact trigger destroying! name: Cube (2)
[19:03:57.1323605] [Info   : Unity Log] Interact trigger destroying! name: Cube (1)
[19:03:57.1323605] [Info   : Unity Log] Interact trigger destroying! name: Cube (1)
[19:03:57.1323605] [Info   : Unity Log] Interact trigger destroying! name: Cube
[19:03:57.1323605] [Info   : Unity Log] Interact trigger destroying! name: Cube
[19:03:57.1333643] [Info   : Unity Log] Interact trigger destroying! name: Cube
[19:03:57.1333643] [Info   : Unity Log] Interact trigger destroying! name: Cube
[19:03:57.1333643] [Info   : Unity Log] Interact trigger destroying! name: Cube
[19:03:57.1333643] [Info   : Unity Log] Interact trigger destroying! name: Cube
[19:03:57.1333643] [Info   : Unity Log] Interact trigger destroying! name: Cube
[19:03:57.1333643] [Info   : Unity Log] Interact trigger destroying! name: Cube
[19:03:57.1333643] [Info   : Unity Log] Interact trigger destroying! name: Cube
[19:03:57.1333643] [Info   : Unity Log] Interact trigger destroying! name: Cube
[19:03:57.1333643] [Info   : Unity Log] Interact trigger destroying! name: Cube
[19:03:57.1333643] [Info   : Unity Log] Interact trigger destroying! name: Cube
[19:03:57.1333643] [Info   : Unity Log] Interact trigger destroying! name: Cube
[19:03:57.1333643] [Info   : Unity Log] Interact trigger destroying! name: Cube
[19:03:57.1333643] [Info   : Unity Log] Interact trigger destroying! name: Cube
[19:03:57.1333643] [Info   : Unity Log] Interact trigger destroying! name: Cube
[19:03:57.1333643] [Info   : Unity Log] Interact trigger destroying! name: Cube
[19:03:57.1333643] [Info   : Unity Log] Interact trigger destroying! name: Cube
[19:03:57.1333643] [Info   : Unity Log] Interact trigger destroying! name: Cube
[19:03:57.1333643] [Info   : Unity Log] Interact trigger destroying! name: Cube
[19:03:57.1333643] [Info   : Unity Log] Interact trigger destroying! name: Cube
[19:03:57.1333643] [Info   : Unity Log] Interact trigger destroying! name: Cube
[19:03:57.1333643] [Info   : Unity Log] Interact trigger destroying! name: Cube
[19:03:57.1343627] [Info   : Unity Log] Interact trigger destroying! name: Mimic Metal Crate(Clone)
[19:03:57.1353648] [Info   : Unity Log] Interact trigger destroying! name: Mimic Metal Crate(Clone)
[19:03:57.1398793] [Info   : Unity Log] Interact trigger destroying! name: HoverboardChild
[19:03:57.1408759] [Info   : Unity Log] Interact trigger destroying! name: ChangableSuit(Clone)
[19:03:57.1408759] [Debug  :suitsTerminal] Destroying SuitAttribute! [Smile]
[19:03:57.1418792] [Info   : Unity Log] Interact trigger destroying! name: ChangableSuit(Clone)
[19:03:57.1418792] [Debug  :suitsTerminal] Destroying SuitAttribute! [Slayer]
[19:03:57.1418792] [Info   : Unity Log] Interact trigger destroying! name: ChangableSuit(Clone)
[19:03:57.1418792] [Debug  :suitsTerminal] Destroying SuitAttribute! [Skeleton]
[19:03:57.1418792] [Info   : Unity Log] Interact trigger destroying! name: ChangableSuit(Clone)
[19:03:57.1418792] [Debug  :suitsTerminal] Destroying SuitAttribute! [Minion]
[19:03:57.1418792] [Info   : Unity Log] Interact trigger destroying! name: ChangableSuit(Clone)
[19:03:57.1418792] [Debug  :suitsTerminal] Destroying SuitAttribute! [Mario]
[19:03:57.1418792] [Info   : Unity Log] Interact trigger destroying! name: ChangableSuit(Clone)
[19:03:57.1418792] [Debug  :suitsTerminal] Destroying SuitAttribute! [Luigi]
[19:03:57.1418792] [Info   : Unity Log] Interact trigger destroying! name: ChangableSuit(Clone)
[19:03:57.1418792] [Debug  :suitsTerminal] Destroying SuitAttribute! [Knuckles]
[19:03:57.1418792] [Info   : Unity Log] Interact trigger destroying! name: ChangableSuit(Clone)
[19:03:57.1418792] [Debug  :suitsTerminal] Destroying SuitAttribute! [Kirby]
[19:03:57.1418792] [Info   : Unity Log] Interact trigger destroying! name: ChangableSuit(Clone)
[19:03:57.1418792] [Debug  :suitsTerminal] Destroying SuitAttribute! [Glow]
[19:03:57.1418792] [Info   : Unity Log] Interact trigger destroying! name: ChangableSuit(Clone)
[19:03:57.1418792] [Debug  :suitsTerminal] Destroying SuitAttribute! [Zero Two]
[19:03:57.1418792] [Info   : Unity Log] Interact trigger destroying! name: ChangableSuit(Clone)
[19:03:57.1418792] [Debug  :suitsTerminal] Destroying SuitAttribute! [Zero Two [White Suit]]
[19:03:57.1418792] [Info   : Unity Log] Interact trigger destroying! name: ChangableSuit(Clone)
[19:03:57.1418792] [Debug  :suitsTerminal] Destroying SuitAttribute! [Zero Two [School]]
[19:03:57.1418792] [Info   : Unity Log] Interact trigger destroying! name: ChangableSuit(Clone)
[19:03:57.1418792] [Debug  :suitsTerminal] Destroying SuitAttribute! [Zero Two [Red Suit]]
[19:03:57.1418792] [Info   : Unity Log] Interact trigger destroying! name: ChangableSuit(Clone)
[19:03:57.1418792] [Debug  :suitsTerminal] Destroying SuitAttribute! [Yang Xiao Long]
[19:03:57.1418792] [Info   : Unity Log] Interact trigger destroying! name: ChangableSuit(Clone)
[19:03:57.1418792] [Debug  :suitsTerminal] Destroying SuitAttribute! [Yang Xiao Long [Timeskip]]
[19:03:57.1418792] [Info   : Unity Log] Interact trigger destroying! name: ChangableSuit(Clone)
[19:03:57.1418792] [Debug  :suitsTerminal] Destroying SuitAttribute! [Yae Sakura [Neon Shade]]
[19:03:57.1418792] [Info   : Unity Log] Interact trigger destroying! name: ChangableSuit(Clone)
[19:03:57.1418792] [Debug  :suitsTerminal] Destroying SuitAttribute! [Weiss Schnee]
[19:03:57.1418792] [Info   : Unity Log] Interact trigger destroying! name: ChangableSuit(Clone)
[19:03:57.1418792] [Debug  :suitsTerminal] Destroying SuitAttribute! [Weiss Schnee [Timeskip]]
[19:03:57.1418792] [Info   : Unity Log] Interact trigger destroying! name: ChangableSuit(Clone)
[19:03:57.1418792] [Debug  :suitsTerminal] Destroying SuitAttribute! [Weedy]
[19:03:57.1418792] [Info   : Unity Log] Interact trigger destroying! name: ChangableSuit(Clone)
[19:03:57.1418792] [Debug  :suitsTerminal] Destroying SuitAttribute! [Theresa [Lunar Vow]]
[19:03:57.1418792] [Info   : Unity Log] Interact trigger destroying! name: ChangableSuit(Clone)
[19:03:57.1418792] [Debug  :suitsTerminal] Destroying SuitAttribute! [Sparkle]
[19:03:57.1418792] [Info   : Unity Log] Interact trigger destroying! name: ChangableSuit(Clone)
[19:03:57.1418792] [Debug  :suitsTerminal] Destroying SuitAttribute! [Silence Suzuka]
[19:03:57.1418792] [Info   : Unity Log] Interact trigger destroying! name: ChangableSuit(Clone)
[19:03:57.1418792] [Debug  :suitsTerminal] Destroying SuitAttribute! [Silence Suzuka [School]]
[19:03:57.1418792] [Info   : Unity Log] Interact trigger destroying! name: ChangableSuit(Clone)
[19:03:57.1418792] [Debug  :suitsTerminal] Destroying SuitAttribute! [Ruby Rose]
[19:03:57.1418792] [Info   : Unity Log] Interact trigger destroying! name: ChangableSuit(Clone)
[19:03:57.1418792] [Debug  :suitsTerminal] Destroying SuitAttribute! [Ruby Rose [Timeskip]]
[19:03:57.1418792] [Info   : Unity Log] Interact trigger destroying! name: ChangableSuit(Clone)
[19:03:57.1418792] [Debug  :suitsTerminal] Destroying SuitAttribute! [Roland]
[19:03:57.1418792] [Info   : Unity Log] Interact trigger destroying! name: ChangableSuit(Clone)
[19:03:57.1418792] [Debug  :suitsTerminal] Destroying SuitAttribute! [Mostima]
[19:03:57.1418792] [Info   : Unity Log] Interact trigger destroying! name: ChangableSuit(Clone)
[19:03:57.1418792] [Debug  :suitsTerminal] Destroying SuitAttribute! [Mostima [Maid]]
[19:03:57.1418792] [Info   : Unity Log] Interact trigger destroying! name: ChangableSuit(Clone)
[19:03:57.1418792] [Debug  :suitsTerminal] Destroying SuitAttribute! [Mejiro McQueen]
[19:03:57.1418792] [Info   : Unity Log] Interact trigger destroying! name: ChangableSuit(Clone)
[19:03:57.1418792] [Debug  :suitsTerminal] Destroying SuitAttribute! [Mejiro McQueen [School]]
[19:03:57.1418792] [Info   : Unity Log] Interact trigger destroying! name: ChangableSuit(Clone)
[19:03:57.1418792] [Debug  :suitsTerminal] Destroying SuitAttribute! [Mayano Top Gun]
[19:03:57.1418792] [Info   : Unity Log] Interact trigger destroying! name: ChangableSuit(Clone)
[19:03:57.1418792] [Debug  :suitsTerminal] Destroying SuitAttribute! [Mayano Top Gun [School]]
[19:03:57.1428776] [Info   : Unity Log] Interact trigger destroying! name: ChangableSuit(Clone)
[19:03:57.1428776] [Debug  :suitsTerminal] Destroying SuitAttribute! [Kiana]
[19:03:57.1428776] [Info   : Unity Log] Interact trigger destroying! name: ChangableSuit(Clone)
[19:03:57.1428776] [Debug  :suitsTerminal] Destroying SuitAttribute! [Kiana [Finality]]
[19:03:57.1428776] [Info   : Unity Log] Interact trigger destroying! name: ChangableSuit(Clone)
[19:03:57.1428776] [Debug  :suitsTerminal] Destroying SuitAttribute! [Faust]
[19:03:57.1428776] [Info   : Unity Log] Interact trigger destroying! name: ChangableSuit(Clone)
[19:03:57.1428776] [Debug  :suitsTerminal] Destroying SuitAttribute! [Cheval Grand]
[19:03:57.1428776] [Info   : Unity Log] Interact trigger destroying! name: ChangableSuit(Clone)
[19:03:57.1428776] [Debug  :suitsTerminal] Destroying SuitAttribute! [Cheval Grand [School]]
[19:03:57.1428776] [Info   : Unity Log] Interact trigger destroying! name: ChangableSuit(Clone)
[19:03:57.1428776] [Debug  :suitsTerminal] Destroying SuitAttribute! [Blake Belladonna]
[19:03:57.1428776] [Info   : Unity Log] Interact trigger destroying! name: ChangableSuit(Clone)
[19:03:57.1428776] [Debug  :suitsTerminal] Destroying SuitAttribute! [Blake Belladonna [Timeskip]]
[19:03:57.1428776] [Info   : Unity Log] Interact trigger destroying! name: ChangableSuit(Clone)
[19:03:57.1428776] [Debug  :suitsTerminal] Destroying SuitAttribute! [Anby]
[19:03:57.1428776] [Info   : Unity Log] Interact trigger destroying! name: ChangableSuit(Clone)
[19:03:57.1428776] [Debug  :suitsTerminal] Destroying SuitAttribute! [Orange suit]
[19:03:57.1428776] [Info   : Unity Log] Interact trigger destroying! name: LeverContainer
[19:03:57.1428776] [Info   : Unity Log] Interact trigger destroying! name: InteractTrigger
[19:03:57.1428776] [Info   : Unity Log] Interact trigger destroying! name: Trigger
[19:03:57.1428776] [Info   : Unity Log] Interact trigger destroying! name: Trigger
[19:03:57.1662952] [Info   : Unity Log] Resetting unlockables list!
[19:03:57.1682987] [Info   :BrutalCompanyMinusExtraReborn] Executing OnLocalDisconnect for all events()
[19:03:57.1698123] [Info   :HotbarPlus-1.8.5] Finished receiving OnUpdatePurchasedHotbarSlots update. New purchased hotbar slots: 0
[19:03:57.1698123] [Info   : Unity Log] Scene manager is null
[19:03:57.2033774] [Info   :LethalPerformance] Saved 1 save(s)
[19:03:57.2392888] [Info   : Unity Log] Interact trigger destroying! name: LadderTrigger
[19:03:57.2402892] [Info   : Unity Log] Terminal disabled, disabling ESC key listener
[19:03:57.2462934] [Info   : Unity Log] Interact trigger destroying! name: Cube
[19:03:57.2462934] [Info   : Unity Log] Interact trigger destroying! name: Cube
[19:03:57.2462934] [Info   : Unity Log] Interact trigger destroying! name: Cube
[19:03:57.2462934] [Info   : Unity Log] Interact trigger destroying! name: Cube (1)
[19:03:57.2462934] [Info   : Unity Log] Interact trigger destroying! name: Cube (2)
[19:03:57.2462934] [Info   : Unity Log] Interact trigger destroying! name: Cube (3)
[19:03:57.2462934] [Info   : Unity Log] Interact trigger destroying! name: LadderTrigger
[19:03:57.2472936] [Info   : Unity Log] Interact trigger destroying! name: trigger
[19:03:57.2472936] [Info   : Unity Log] Interact trigger destroying! name: trigger
[19:03:57.2472936] [Info   : Unity Log] Interact trigger destroying! name: LadderTrigger
[19:03:57.2472936] [Info   : Unity Log] Interact trigger destroying! name: LadderTrigger
[19:03:57.2472936] [Info   : Unity Log] Interact trigger destroying! name: TerminalScript
[19:03:57.2472936] [Info   : Unity Log] Interact trigger destroying! name: StartGameLever
[19:03:57.2472936] [Info   : Unity Log] Interact trigger destroying! name: Trigger
[19:03:57.2472936] [Info   : Unity Log] Interact trigger destroying! name: Cube
[19:03:57.2487974] [Info   : Unity Log] Interact trigger destroying! name: Cube (2)
[19:03:57.2487974] [Info   : Unity Log] Interact trigger destroying! name: Cube (2)
[19:03:57.2487974] [Info   : Unity Log] Interact trigger destroying! name: Cube (2)
[19:03:57.2487974] [Info   : Unity Log] Interact trigger destroying! name: Cube (3)
[19:03:57.2487974] [Info   : Unity Log] Interact trigger destroying! name: LightSwitch
[19:03:57.2487974] [Info   : Unity Log] Interact trigger destroying! name: KillTrigger
[19:03:57.2487974] [Info   : Unity Log] Interact trigger destroying! name: MagnetLever
[19:03:57.2528020] [Info   : Unity Log] Interact trigger destroying! name: EntranceTeleportB
[19:03:57.2528020] [Info   : Unity Log] Interact trigger destroying! name: EntranceTeleportA
[19:03:57.2528020] [Info   : Unity Log] Interact trigger destroying! name: EntranceTeleportC
[19:03:57.2528020] [Info   : Unity Log] Interact trigger destroying! name: EntranceTeleportD
[19:03:57.2528020] [Info   : Unity Log] Interact trigger destroying! name: LadderTrigger (1)
[19:03:57.2528020] [Info   : Unity Log] Interact trigger destroying! name: LadderTrigger
[19:03:57.2538036] [Info   : Unity Log] Interact trigger destroying! name: LadderTrigger
[19:03:57.2538036] [Info   : Unity Log] Interact trigger destroying! name: KillTrigger
[19:03:57.2558024] [Info   : Unity Log] DISABLING connection callbacks in round manager
[19:03:57.2734149] [Info   : Unity Log] Interact trigger destroying! name: Trigger
[19:03:57.2744148] [Info   : Unity Log] Interact trigger destroying! name: KillTrigger
[19:03:57.2895272] [Info   : Unity Log] Interact trigger destroying! name: StoryLogCollectable (3)
[19:03:57.3058548] [Warning:LethalPerformance] EntranceTeleport search called with inactive objects, probably will cause incompatibility!
[19:03:57.3245263] [Warning:LethalPerformance] EntranceTeleport search called with inactive objects, probably will cause incompatibility!
[19:03:57.3319561] [Info   :MoreCompany] LANMenu startLAN Patched
[19:03:57.6275079] [Debug  :LCUltrawide_Community] NOT setting PixelResolution to [0]
[19:03:59.3110640] [Info   : Unity Log] Returning week num: 145
[19:03:59.3110640] [Info   : Unity Log] week num: 145
[19:03:59.3170625] [Debug  :Buttery Fixes] Menu: Override volumes on camera CanvasCam
[19:03:59.3170625] [Message:LethalSponge] Calling initial Resources.UnloadUnusedAssets().
[19:03:59.3255755] [Debug  :PizzaTowerEscapeMusic GameEventListener] Sound Manager destroyed
[19:03:59.3341600] [Info   :PizzaTowerEscapeMusic MusicManager] All music clips unloaded
[19:03:59.3341600] [Debug  :PizzaTowerEscapeMusic GameEventListener] Ship returned to orbit
[19:03:59.3341600] [Debug  :PizzaTowerEscapeMusic GameEventListener] Player exited facility
[19:03:59.3361604] [Info   :LethalPerformance] Saved 1 save(s)
[19:04:00.8149103] [Debug  :ainavt.lc.lethalconfig] Injecting mod config menu into main menu...
[19:04:00.8274259] [Info   :TestAccountCore] TestAccountCore is running on version v81!
[19:04:01.7002289] [Debug  :LethalNetworkAPI] Disposing of UnnamedMessageHandler.
[19:04:01.7012336] [Warning: Unity Log] [SpectateEnemies]: Config saved
[19:04:01.7012336] [Debug  :More Ship Upgrades] [GameNetworkManagerPatcher] Resetting the Upgrade Bus due to disconnecting...
