[11:12:58.4904941] [Info   : Unity Log] Local client hit enemy NutSlayerEnemy(Clone) #0 with force of 2.
[11:12:58.4904941] [Info   : Unity Log] Local client hit enemy NutSlayerEnemy(Clone) #0 with force of 2.
[11:12:58.8425887] [Info   : Unity Log] Local client hit enemy NutSlayerEnemy(Clone) #0 with force of 3.
[11:12:58.8425887] [Info   : Unity Log] Local client hit enemy NutSlayerEnemy(Clone) #0 with force of 2.
[11:12:59.1025467] [Info   : Unity Log] Local client hit enemy NutSlayerEnemy(Clone) #0 with force of 2.
[11:12:59.1833092] [Info   : Unity Log] Local client hit enemy NutSlayerEnemy(Clone) #0 with force of 2.
[11:12:59.1833092] [Info   : Unity Log] Local client hit enemy NutSlayerEnemy(Clone) #0 with force of 2.
[11:12:59.4486073] [Info   : Unity Log] Local client hit enemy NutSlayerEnemy(Clone) #0 with force of 2.
[11:12:59.8013809] [Info   : Unity Log] Local client hit enemy NutSlayerEnemy(Clone) #0 with force of 2.
[11:12:59.8013809] [Info   : Unity Log] Local client hit enemy NutSlayerEnemy(Clone) #0 with force of 2.
[11:12:59.9222641] [Info   : Unity Log] Local client hit enemy NutSlayerEnemy(Clone) #0 with force of 2.
[11:12:59.9222641] [Info   : Unity Log] Local client hit enemy NutSlayerEnemy(Clone) #0 with force of 2.
[11:13:00.1695186] [Info   : Unity Log] Local client hit enemy NutSlayerEnemy(Clone) #0 with force of 2.
[11:13:00.1695186] [Info   : Unity Log] Local client hit enemy NutSlayerEnemy(Clone) #0 with force of 2.
[11:13:00.2705853] [Info   : Unity Log] Local client hit enemy NutSlayerEnemy(Clone) #0 with force of 2.
[11:13:00.2705853] [Info   : Unity Log] Local client hit enemy NutSlayerEnemy(Clone) #0 with force of 2.
[11:13:00.5191595] [Info   : Unity Log] Local client hit enemy NutSlayerEnemy(Clone) #0 with force of 2.
[11:13:00.5191595] [Info   : Unity Log] Local client hit enemy NutSlayerEnemy(Clone) #0 with force of 2.
[11:13:00.6204948] [Info   : Unity Log] Local client hit enemy NutSlayerEnemy(Clone) #0 with force of 2.
[11:13:00.6244955] [Info   : Unity Log] Local client hit enemy NutSlayerEnemy(Clone) #0 with force of 2.
[11:13:00.6244955] [Info   : Unity Log] Local client hit enemy NutSlayerEnemy(Clone) #0 with force of 2.
[11:13:00.7845779] [Info   : Unity Log] Local client hit enemy NutSlayerEnemy(Clone) #0 with force of 2.
[11:13:00.8659290] [Info   : Unity Log] Local client hit enemy NutSlayerEnemy(Clone) #0 with force of 2.
[11:13:00.8659290] [Info   : Unity Log] Local client hit enemy NutSlayerEnemy(Clone) #0 with force of 2.
[11:13:00.9715140] [Info   : Unity Log] Local client hit enemy NutSlayerEnemy(Clone) #0 with force of 2.
[11:13:01.1345811] [Info   : Unity Log] Local client hit enemy NutSlayerEnemy(Clone) #0 with force of 2.
[11:13:01.3159233] [Info   : Unity Log] Local client hit enemy NutSlayerEnemy(Clone) #0 with force of 2.
[11:13:01.4823980] [Info   : Unity Log] Local client hit enemy NutSlayerEnemy(Clone) #0 with force of 2.
[11:13:01.8461361] [Info   : Unity Log] Local client hit enemy NutSlayerEnemy(Clone) #0 with force of 2.
[11:13:02.2016625] [Info   : Unity Log] Local client hit enemy NutSlayerEnemy(Clone) #0 with force of 2.
[11:13:02.5513047] [Info   : Unity Log] Local client hit enemy NutSlayerEnemy(Clone) #0 with force of 2.
[11:13:02.5513047] [Info   : Unity Log] Local client hit enemy NutSlayerEnemy(Clone) #0 with force of 2.
[11:13:02.5833641] [Info   : Unity Log] Local client hit enemy NutSlayerEnemy(Clone) #0 with force of 3.
[11:13:02.5833641] [Info   : Unity Log] Local client hit enemy NutSlayerEnemy(Clone) #0 with force of 2.
[11:13:02.9302960] [Info   : Unity Log] Local client hit enemy NutSlayerEnemy(Clone) #0 with force of 2.
[11:13:02.9302960] [Info   : Unity Log] Local client hit enemy NutSlayerEnemy(Clone) #0 with force of 2.
[11:13:03.2795887] [Info   : Unity Log] Local client hit enemy NutSlayerEnemy(Clone) #0 with force of 2.
[11:13:03.2795887] [Info   : Unity Log] Local client hit enemy NutSlayerEnemy(Clone) #0 with force of 2.
[11:13:03.8476857] [Info   : Unity Log] Local client hit enemy NutSlayerEnemy(Clone) #0 with force of 3.
[11:13:03.8476857] [Info   : Unity Log] Local client hit enemy NutSlayerEnemy(Clone) #0 with force of 2.
[11:13:04.1940193] [Info   : Unity Log] Local client hit enemy NutSlayerEnemy(Clone) #0 with force of 3.
[11:13:04.1940193] [Info   : Unity Log] Local client hit enemy NutSlayerEnemy(Clone) #0 with force of 3.
[11:13:04.5460544] [Info   : Unity Log] Local client hit enemy NutSlayerEnemy(Clone) #0 with force of 3.
[11:13:04.5460544] [Info   : Unity Log] Local client hit enemy NutSlayerEnemy(Clone) #0 with force of 2.
[11:13:04.6996862] [Info   : Unity Log] Local client hit enemy NutSlayerEnemy(Clone) #0 with force of 2.
[11:13:05.0444758] [Info   : Unity Log] Local client hit enemy NutSlayerEnemy(Clone) #0 with force of 2.
[11:13:05.0444758] [Info   : Unity Log] Local client hit enemy NutSlayerEnemy(Clone) #0 with force of 3.
[11:13:05.0485090] [Info   : Unity Log] Local client hit enemy NutSlayerEnemy(Clone) #0 with force of 2.
[11:13:05.2174752] [Info   : Unity Log] Local client hit enemy NutSlayerEnemy(Clone) #0 with force of 2.
[11:13:05.2174752] [Info   : Unity Log] Local client hit enemy NutSlayerEnemy(Clone) #0 with force of 3.
[11:13:05.3978115] [Info   : Unity Log] Local client hit enemy NutSlayerEnemy(Clone) #0 with force of 2.
[11:13:05.3988093] [Info   : Unity Log] Local client hit enemy NutSlayerEnemy(Clone) #0 with force of 2.
[11:13:05.3988093] [Info   : Unity Log] Local client hit enemy NutSlayerEnemy(Clone) #0 with force of 2.
[11:13:05.5703941] [Info   : Unity Log] Local client hit enemy NutSlayerEnemy(Clone) #0 with force of 2.
[11:13:05.5703941] [Info   : Unity Log] Local client hit enemy NutSlayerEnemy(Clone) #0 with force of 3.
[11:13:05.7495462] [Info   : Unity Log] Local client hit enemy NutSlayerEnemy(Clone) #0 with force of 2.
[11:13:05.7495462] [Info   : Unity Log] Local client hit enemy NutSlayerEnemy(Clone) #0 with force of 2.
[11:13:05.9133469] [Info   : Unity Log] Local client hit enemy NutSlayerEnemy(Clone) #0 with force of 3.
[11:13:06.1677259] [Info   : Unity Log] Local client hit enemy NutSlayerEnemy(Clone) #0 with force of 2.
[11:13:06.1677259] [Info   : Unity Log] Local client hit enemy NutSlayerEnemy(Clone) #0 with force of 2.
[11:13:06.5141645] [Info   : Unity Log] Local client hit enemy NutSlayerEnemy(Clone) #0 with force of 2.
[11:13:06.5141645] [Info   : Unity Log] Local client hit enemy NutSlayerEnemy(Clone) #0 with force of 2.
[11:13:06.7288309] [Info   : Unity Log] Local client hit enemy NutSlayerEnemy(Clone) #0 with force of 2.
[11:13:06.8707849] [Info   : Unity Log] Local client hit enemy NutSlayerEnemy(Clone) #0 with force of 2.
[11:13:07.0052985] [Info   : Unity Log] Local client hit enemy NutSlayerEnemy(Clone) #0 with force of 3.
[11:13:07.0803080] [Info   : Unity Log] Local client hit enemy NutSlayerEnemy(Clone) #0 with force of 2.
[11:13:07.3609208] [Info   : Unity Log] Local client hit enemy NutSlayerEnemy(Clone) #0 with force of 3.
[11:13:07.4315813] [Info   : Unity Log] Local client hit enemy NutSlayerEnemy(Clone) #0 with force of 2.
[11:13:07.7005481] [Info   : Unity Log] Local client hit enemy NutSlayerEnemy(Clone) #0 with force of 3.
[11:13:08.6436863] [Info   : Unity Log] Local client hit enemy NutSlayerEnemy(Clone) #0 with force of 2.
[11:13:08.6436863] [Info   : Unity Log] Local client hit enemy NutSlayerEnemy(Clone) #0 with force of 2.
[11:13:08.8203196] [Info   : Unity Log] Local client hit enemy NutSlayerEnemy(Clone) #0 with force of 2.
[11:13:08.8203196] [Info   : Unity Log] Local client hit enemy NutSlayerEnemy(Clone) #0 with force of 2.
[11:13:08.9895874] [Info   : Unity Log] Local client hit enemy NutSlayerEnemy(Clone) #0 with force of 2.
[11:13:08.9895874] [Info   : Unity Log] Local client hit enemy NutSlayerEnemy(Clone) #0 with force of 2.
[11:13:09.1655170] [Info   : Unity Log] Local client hit enemy NutSlayerEnemy(Clone) #0 with force of 2.
[11:13:09.1655170] [Info   : Unity Log] Local client hit enemy NutSlayerEnemy(Clone) #0 with force of 2.
[11:13:09.3435056] [Info   : Unity Log] Local client hit enemy NutSlayerEnemy(Clone) #0 with force of 2.
[11:13:09.3435056] [Info   : Unity Log] Local client hit enemy NutSlayerEnemy(Clone) #0 with force of 2.
[11:13:09.5160880] [Info   : Unity Log] Local client hit enemy NutSlayerEnemy(Clone) #0 with force of 2.
[11:13:09.5160880] [Info   : Unity Log] Local client hit enemy NutSlayerEnemy(Clone) #0 with force of 2.
[11:13:09.6888818] [Info   : Unity Log] Local client hit enemy NutSlayerEnemy(Clone) #0 with force of 2.
[11:13:10.0326238] [Info   : Unity Log] Local client hit enemy NutSlayerEnemy(Clone) #0 with force of 2.
[11:13:10.3876672] [Info   : Unity Log] Local client hit enemy NutSlayerEnemy(Clone) #0 with force of 2.
[11:13:10.3876672] [Info   : Unity Log] Local client hit enemy NutSlayerEnemy(Clone) #0 with force of 2.
[11:13:10.5845445] [Info   : Unity Log] Local client hit enemy NutSlayerEnemy(Clone) #0 with force of 2.
[11:13:10.5845445] [Info   : Unity Log] Local client hit enemy NutSlayerEnemy(Clone) #0 with force of 2.
[11:13:10.6961269] [Info   : Unity Log] Local client hit enemy NutSlayerEnemy(Clone) #0 with force of 2.
[11:13:10.6961269] [Info   : Unity Log] Local client hit enemy NutSlayerEnemy(Clone) #0 with force of 2.
[11:13:10.9161282] [Info   : Unity Log] Local client hit enemy NutSlayerEnemy(Clone) #0 with force of 2.
[11:13:10.9351774] [Info   : Unity Log] Local client hit enemy NutSlayerEnemy(Clone) #0 with force of 2.
[11:13:10.9351774] [Info   : Unity Log] Local client hit enemy NutSlayerEnemy(Clone) #0 with force of 2.
[11:13:11.0424955] [Info   : Unity Log] Local client hit enemy NutSlayerEnemy(Clone) #0 with force of 2.
[11:13:11.0424955] [Info   : Unity Log] Local client hit enemy NutSlayerEnemy(Clone) #0 with force of 2.
[11:13:11.0678713] [Info   : Unity Log] Local client hit enemy NutSlayerEnemy(Clone) #0 with force of 2.
[11:13:11.0678713] [Info   : Unity Log] Local client hit enemy NutSlayerEnemy(Clone) #0 with force of 2.
[11:13:11.2678421] [Info   : Unity Log] Local client hit enemy NutSlayerEnemy(Clone) #0 with force of 2.
[11:13:11.2864306] [Info   : Unity Log] Local client hit enemy NutSlayerEnemy(Clone) #0 with force of 2.
[11:13:11.2864306] [Info   : Unity Log] Local client hit enemy NutSlayerEnemy(Clone) #0 with force of 2.
[11:13:11.3897055] [Info   : Unity Log] Local client hit enemy NutSlayerEnemy(Clone) #0 with force of 2.
[11:13:11.3897055] [Info   : Unity Log] Local client hit enemy NutSlayerEnemy(Clone) #0 with force of 2.
[11:13:11.4162686] [Info   : Unity Log] Local client hit enemy NutSlayerEnemy(Clone) #0 with force of 2.
[11:13:11.4162686] [Info   : Unity Log] Local client hit enemy NutSlayerEnemy(Clone) #0 with force of 2.
[11:13:11.6109622] [Info   : Unity Log] Local client hit enemy NutSlayerEnemy(Clone) #0 with force of 3.
[11:13:11.7686075] [Info   : Unity Log] Local client hit enemy NutSlayerEnemy(Clone) #0 with force of 2.
[11:13:11.7686075] [Info   : Unity Log] Local client hit enemy NutSlayerEnemy(Clone) #0 with force of 2.
[11:13:11.8323555] [Info   : Unity Log] Local client hit enemy NutSlayerEnemy(Clone) #0 with force of 2.
[11:13:11.8323555] [Info   : Unity Log] Local client hit enemy NutSlayerEnemy(Clone) #0 with force of 3.
[11:13:12.1834677] [Info   : Unity Log] Local client hit enemy NutSlayerEnemy(Clone) #0 with force of 2.
[11:13:12.1834677] [Info   : Unity Log] Local client hit enemy NutSlayerEnemy(Clone) #0 with force of 2.
[11:13:12.5261833] [Info   : Unity Log] Local client hit enemy NutSlayerEnemy(Clone) #0 with force of 2.
[11:13:12.5261833] [Info   : Unity Log] Local client hit enemy NutSlayerEnemy(Clone) #0 with force of 2.
[11:13:12.5346983] [Debug  : LethalMin] Sprout Setting growth stage to 1
[11:13:13.1977637] [Info   : Unity Log] Local client hit enemy NutSlayerEnemy(Clone) #0 with force of 3.
[11:13:13.1977637] [Info   : Unity Log] Local client hit enemy NutSlayerEnemy(Clone) #0 with force of 2.
[11:13:13.5525154] [Info   : Unity Log] Local client hit enemy NutSlayerEnemy(Clone) #0 with force of 2.
[11:13:13.5525154] [Info   : Unity Log] Local client hit enemy NutSlayerEnemy(Clone) #0 with force of 2.
[11:13:13.9019246] [Info   : Unity Log] Local client hit enemy NutSlayerEnemy(Clone) #0 with force of 3.
[11:13:13.9019246] [Info   : Unity Log] Local client hit enemy NutSlayerEnemy(Clone) #0 with force of 2.
[11:13:14.5374958] [Debug  : LethalMin] Sprout Setting growth stage to 1
[11:13:14.6062492] [Info   : Unity Log] Local client hit enemy NutSlayerEnemy(Clone) #0 with force of 2.
[11:13:14.9177009] [Info   : Unity Log] Local client hit enemy NutSlayerEnemy(Clone) #0 with force of 2.
[11:13:14.9177009] [Info   : Unity Log] Local client hit enemy NutSlayerEnemy(Clone) #0 with force of 2.
[11:13:14.9537866] [Info   : Unity Log] Local client hit enemy NutSlayerEnemy(Clone) #0 with force of 2.
[11:13:14.9925169] [Info   : Unity Log] Local client hit enemy NutSlayerEnemy(Clone) #0 with force of 2.
[11:13:14.9925169] [Info   : Unity Log] Local client hit enemy NutSlayerEnemy(Clone) #0 with force of 2.
[11:13:15.2499479] [Info   : Unity Log] Local client hit enemy NutSlayerEnemy(Clone) #0 with force of 2.
[11:13:15.2499479] [Info   : Unity Log] Local client hit enemy NutSlayerEnemy(Clone) #0 with force of 2.
[11:13:15.3050402] [Info   : Unity Log] Local client hit enemy NutSlayerEnemy(Clone) #0 with force of 2.
[11:13:15.3387550] [Info   : Unity Log] Local client hit enemy NutSlayerEnemy(Clone) #0 with force of 2.
[11:13:15.3387550] [Info   : Unity Log] Local client hit enemy NutSlayerEnemy(Clone) #0 with force of 2.
[11:13:15.6070353] [Info   : Unity Log] Local client hit enemy NutSlayerEnemy(Clone) #0 with force of 2.
[11:13:15.6070353] [Info   : Unity Log] Local client hit enemy NutSlayerEnemy(Clone) #0 with force of 2.
[11:13:15.6876865] [Info   : Unity Log] Local client hit enemy NutSlayerEnemy(Clone) #0 with force of 2.
[11:13:15.6876865] [Info   : Unity Log] Local client hit enemy NutSlayerEnemy(Clone) #0 with force of 2.
[11:13:15.8029840] [Info   : Unity Log] Is jetpack audio playing?: True
[11:13:16.2165314] [Info   : Unity Log] Local client hit enemy NutSlayerEnemy(Clone) #0 with force of 2.
[11:13:16.2977521] [Info   : Unity Log] Local client hit enemy NutSlayerEnemy(Clone) #0 with force of 2.
[11:13:16.2977521] [Info   : Unity Log] Local client hit enemy NutSlayerEnemy(Clone) #0 with force of 2.
[11:13:16.4063276] [Info   : Unity Log] Local client hit enemy NutSlayerEnemy(Clone) #0 with force of 2.
[11:13:16.4063276] [Info   : Unity Log] Local client hit enemy NutSlayerEnemy(Clone) #0 with force of 2.
[11:13:16.5665519] [Info   : Unity Log] Local client hit enemy NutSlayerEnemy(Clone) #0 with force of 2.
[11:13:16.6464036] [Info   : Unity Log] Local client hit enemy NutSlayerEnemy(Clone) #0 with force of 2.
[11:13:16.6464036] [Info   : Unity Log] Local client hit enemy NutSlayerEnemy(Clone) #0 with force of 2.
[11:13:16.7587544] [Info   : Unity Log] Local client hit enemy NutSlayerEnemy(Clone) #0 with force of 2.
[11:13:16.7587544] [Info   : Unity Log] Local client hit enemy NutSlayerEnemy(Clone) #0 with force of 2.
[11:13:16.7762998] [Info   : Unity Log] Local client hit enemy NutSlayerEnemy(Clone) #0 with force of 2.
[11:13:16.8714552] [Info   : Unity Log] Local client hit enemy NutSlayerEnemy(Clone) #0 with force of 2.
[11:13:16.8714552] [Info   : Unity Log] Local client hit enemy NutSlayerEnemy(Clone) #0 with force of 2.
[11:13:16.9165952] [Info   : Unity Log] Local client hit enemy NutSlayerEnemy(Clone) #0 with force of 2.
[11:13:16.9919182] [Info   : Unity Log] Local client hit enemy NutSlayerEnemy(Clone) #0 with force of 2.
[11:13:16.9919182] [Info   : Unity Log] Local client hit enemy NutSlayerEnemy(Clone) #0 with force of 2.
[11:13:17.1062935] [Info   : Unity Log] Local client hit enemy NutSlayerEnemy(Clone) #0 with force of 2.
[11:13:17.1062935] [Info   : Unity Log] Local client hit enemy NutSlayerEnemy(Clone) #0 with force of 2.
[11:13:17.1263519] [Info   : Unity Log] Local client hit enemy NutSlayerEnemy(Clone) #0 with force of 2.
[11:13:17.2128496] [Info   : Unity Log] Is jetpack audio playing?: True
[11:13:17.2148502] [Info   : Unity Log] Local client hit enemy NutSlayerEnemy(Clone) #0 with force of 2.
[11:13:17.2148502] [Info   : Unity Log] Local client hit enemy NutSlayerEnemy(Clone) #0 with force of 2.
[11:13:17.4778912] [Info   : Unity Log] Local client hit enemy NutSlayerEnemy(Clone) #0 with force of 2.
[11:13:17.5663588] [Info   : Unity Log] Local client hit enemy NutSlayerEnemy(Clone) #0 with force of 2.
[11:13:17.5663588] [Info   : Unity Log] Local client hit enemy NutSlayerEnemy(Clone) #0 with force of 2.
[11:13:17.7690414] [Info   : Unity Log] Local client hit enemy NutSlayerEnemy(Clone) #0 with force of 2.
[11:13:17.7690414] [Info   : Unity Log] Local client hit enemy NutSlayerEnemy(Clone) #0 with force of 2.
[11:13:17.9977816] [Info   : Unity Log] Local client hit enemy NutSlayerEnemy(Clone) #0 with force of 2.
[11:13:17.9977816] [Info   : Unity Log] Local client hit enemy NutSlayerEnemy(Clone) #0 with force of 2.
[11:13:18.0188519] [Info   : Unity Log] Is jetpack audio playing?: True
[11:13:18.1228572] [Info   : Unity Log] Local client hit enemy NutSlayerEnemy(Clone) #0 with force of 2.
[11:13:18.1228572] [Info   : Unity Log] Local client hit enemy NutSlayerEnemy(Clone) #0 with force of 2.
[11:13:18.2900939] [Info   : Unity Log] Is jetpack audio playing?: True
[11:13:18.3451490] [Info   : Unity Log] Local client hit enemy NutSlayerEnemy(Clone) #0 with force of 2.
[11:13:18.3451490] [Info   : Unity Log] Local client hit enemy NutSlayerEnemy(Clone) #0 with force of 2.
[11:13:18.4650505] [Info   : Unity Log] Local client hit enemy NutSlayerEnemy(Clone) #0 with force of 3.
[11:13:18.6990554] [Info   : Unity Log] Local client hit enemy NutSlayerEnemy(Clone) #0 with force of 2.
[11:13:18.6990554] [Info   : Unity Log] Local client hit enemy NutSlayerEnemy(Clone) #0 with force of 2.
[11:13:19.2282795] [Info   : Unity Log] Local client hit enemy NutSlayerEnemy(Clone) #0 with force of 2.
[11:13:19.3026861] [Info   : Unity Log] Local client hit enemy NutSlayerEnemy(Clone) #0 with force of 2.
[11:13:19.4032644] [Info   : Unity Log] Local client hit enemy NutSlayerEnemy(Clone) #0 with force of 3.
[11:13:19.4032644] [Info   : Unity Log] Local client hit enemy NutSlayerEnemy(Clone) #0 with force of 3.
[11:13:19.4231032] [Info   : Unity Log] Local client hit enemy NutSlayerEnemy(Clone) #0 with force of 2.
[11:13:19.4276093] [Debug  :   Coroner] Querying target player parameters pre-death...
[11:13:19.4276093] [Debug  :   Coroner] Query successful!True
[11:13:19.4286100] [Info   :GeneralImprovements] Applied 4 queued monitor changes.
[11:13:19.5749235] [Info   : Unity Log] Local client hit enemy NutSlayerEnemy(Clone) #0 with force of 2.
[11:13:19.5749235] [Info   : Unity Log] Local client hit enemy NutSlayerEnemy(Clone) #0 with force of 2.
[11:13:19.6517842] [Info   : Unity Log] Local client hit enemy NutSlayerEnemy(Clone) #0 with force of 2.
[11:13:19.7476402] [Info   : Unity Log] Local client hit enemy NutSlayerEnemy(Clone) #0 with force of 2.
[11:13:19.7476402] [Info   : Unity Log] Local client hit enemy NutSlayerEnemy(Clone) #0 with force of 2.
[11:13:19.7738083] [Info   : Unity Log] Local client hit enemy NutSlayerEnemy(Clone) #0 with force of 2.
[11:13:19.8818581] [Info   : Unity Log] Local client hit enemy NutSlayerEnemy(Clone) #0 with force of 2.
[11:13:19.8818581] [Info   : Unity Log] Local client hit enemy NutSlayerEnemy(Clone) #0 with force of 3.
[11:13:19.9265722] [Info   : Unity Log] Local client hit enemy NutSlayerEnemy(Clone) #0 with force of 2.
[11:13:19.9265722] [Info   : Unity Log] Local client hit enemy NutSlayerEnemy(Clone) #0 with force of 2.
[11:13:19.9999393] [Info   : Unity Log] Local client hit enemy NutSlayerEnemy(Clone) #0 with force of 2.
[11:13:20.0964878] [Info   : Unity Log] Local client hit enemy NutSlayerEnemy(Clone) #0 with force of 2.
[11:13:20.0964878] [Info   : Unity Log] Local client hit enemy NutSlayerEnemy(Clone) #0 with force of 2.
[11:13:20.1190666] [Info   : Unity Log] Local client hit enemy NutSlayerEnemy(Clone) #0 with force of 2.
[11:13:20.2287986] [Info   : Unity Log] Local client hit enemy NutSlayerEnemy(Clone) #0 with force of 2.
[11:13:20.2287986] [Info   : Unity Log] Local client hit enemy NutSlayerEnemy(Clone) #0 with force of 3.
[11:13:20.3091488] [Debug  :   Coroner] Querying target player parameters pre-death...
[11:13:20.3091488] [Debug  :   Coroner] Query successful!True
[11:13:20.5787806] [Info   : Unity Log] Local client hit enemy NutSlayerEnemy(Clone) #0 with force of 2.
[11:13:20.5787806] [Info   : Unity Log] Local client hit enemy NutSlayerEnemy(Clone) #0 with force of 3.
[11:13:20.8850799] [Debug  :PizzaTowerEscapeMusic GameEventListener] Player entered ship
[11:13:21.0131351] [Info   : Unity Log] Local client hit enemy NutSlayerEnemy(Clone) #0 with force of 2.
[11:13:21.1064934] [Info   : Unity Log] Local client hit enemy NutSlayerEnemy(Clone) #0 with force of 2.
[11:13:21.3574982] [Info   : Unity Log] Local client hit enemy NutSlayerEnemy(Clone) #0 with force of 2.
[11:13:21.4531460] [Info   : Unity Log] Local client hit enemy NutSlayerEnemy(Clone) #0 with force of 2.
[11:13:21.7106762] [Info   : Unity Log] Local client hit enemy NutSlayerEnemy(Clone) #0 with force of 2.
[11:13:21.7106762] [Info   : Unity Log] Local client hit enemy NutSlayerEnemy(Clone) #0 with force of 2.
[11:13:21.8017824] [Info   : Unity Log] Local client hit enemy NutSlayerEnemy(Clone) #0 with force of 2.
[11:13:22.0567007] [Debug  :GeneralImprovements] Updated time display.
[11:13:22.4791881] [Info   : Unity Log] [Lethal Doors Fixed] Checking for enemies to apply damage
[11:13:22.4791881] [Warning:S1.39 Compatibility Fixes] [DoorAudit] Hangar state changed -> CLOSED; doorPower=1.000; landed=True; leaving=False; living=1; livingInsideShip=1
[11:13:22.4917022] [Info   : Unity Log] [Lethal Doors Fixed] Checking for enemies to apply damage
[11:13:22.5052124] [Info   : Unity Log] [Lethal Doors Fixed] Checking for enemies to apply damage
[11:13:22.5167444] [Info   : Unity Log] [Lethal Doors Fixed] Checking for enemies to apply damage
[11:13:22.5282529] [Info   : Unity Log] [Lethal Doors Fixed] Checking for enemies to apply damage
[11:13:22.5407605] [Info   : Unity Log] [Lethal Doors Fixed] Checking for enemies to apply damage
[11:13:22.5487756] [Info   : Unity Log] Local client hit enemy NutSlayerEnemy(Clone) #0 with force of 2.
[11:13:22.5517790] [Info   : Unity Log] [Lethal Doors Fixed] Checking for enemies to apply damage
[11:13:22.5632535] [Info   : Unity Log] [Lethal Doors Fixed] Checking for enemies to apply damage
[11:13:22.5735725] [Info   : Unity Log] [Lethal Doors Fixed] Checking for enemies to apply damage
[11:13:22.5881474] [Info   : Unity Log] [Lethal Doors Fixed] Checking for enemies to apply damage
[11:13:22.6001853] [Info   : Unity Log] [Lethal Doors Fixed] Checking for enemies to apply damage
[11:13:22.6136913] [Info   : Unity Log] [Lethal Doors Fixed] Checking for enemies to apply damage
[11:13:22.6257175] [Info   : Unity Log] [Lethal Doors Fixed] Checking for enemies to apply damage
[11:13:22.6387950] [Info   : Unity Log] [Lethal Doors Fixed] Checking for enemies to apply damage
[11:13:22.6518339] [Info   : Unity Log] [Lethal Doors Fixed] Checking for enemies to apply damage
[11:13:22.6639218] [Info   : Unity Log] [Lethal Doors Fixed] Checking for enemies to apply damage
[11:13:22.6744592] [Info   : Unity Log] [Lethal Doors Fixed] Checking for enemies to apply damage
[11:13:22.6887906] [Info   : Unity Log] [Lethal Doors Fixed] Checking for enemies to apply damage
[11:13:22.6998334] [Info   : Unity Log] [Lethal Doors Fixed] Checking for enemies to apply damage
[11:13:22.7103714] [Info   : Unity Log] Local client hit enemy NutSlayerEnemy(Clone) #0 with force of 2.
[11:13:22.7103714] [Info   : Unity Log] Local client hit enemy NutSlayerEnemy(Clone) #0 with force of 2.
[11:13:22.7123760] [Info   : Unity Log] [Lethal Doors Fixed] Checking for enemies to apply damage
[11:13:22.7238866] [Info   : Unity Log] [Lethal Doors Fixed] Checking for enemies to apply damage
[11:13:22.7364233] [Info   : Unity Log] [Lethal Doors Fixed] Checking for enemies to apply damage
[11:13:22.7500213] [Info   : Unity Log] [Lethal Doors Fixed] Checking for enemies to apply damage
[11:13:22.7610509] [Info   : Unity Log] [Lethal Doors Fixed] Checking for enemies to apply damage
[11:13:22.7716431] [Info   : Unity Log] [Lethal Doors Fixed] Checking for enemies to apply damage
[11:13:22.7832805] [Info   : Unity Log] Local client hit enemy NutSlayerEnemy(Clone) #0 with force of 2.
[11:13:22.9011021] [Info   : Unity Log] Local client hit enemy NutSlayerEnemy(Clone) #0 with force of 2.
[11:13:23.0249198] [Warning: Unity Log] Parent of RectTransform is being set with parent property. Consider using the SetParent method instead, with the worldPositionStays argument set to false. This will retain local orientation and scale rather than world orientation and scale, which can prevent common UI scaling issues.
[11:13:23.0249198] [Info   : Unity Log] Owner of jetpack?: True
[11:13:23.0249198] [Info   : Unity Log] Is dead?: False
[11:13:23.0264265] [Debug  : LightsOut] DiscardItem Jetpack
[11:13:23.0264265] [Debug  : LightsOut] JetpackItem is not a predefined type
[11:13:23.0630680] [Info   : Unity Log] Local client hit enemy NutSlayerEnemy(Clone) #0 with force of 2.
[11:13:23.0630680] [Info   : Unity Log] Local client hit enemy NutSlayerEnemy(Clone) #0 with force of 2.
[11:13:23.0721506] [Info   : Unity Log] Local client hit enemy NutSlayerEnemy(Clone) #0 with force of 2.
[11:13:23.0721506] [Info   : Unity Log] Local client hit enemy NutSlayerEnemy(Clone) #0 with force of 2.
[11:13:23.1099149] [Info   : Unity Log] Local client hit enemy NutSlayerEnemy(Clone) #0 with force of 2.
[11:13:23.1099149] [Info   : Unity Log] Local client hit enemy NutSlayerEnemy(Clone) #0 with force of 2.
[11:13:23.1265591] [Info   : Unity Log] Local client hit enemy NutSlayerEnemy(Clone) #0 with force of 2.
[11:13:23.4097051] [Info   : Unity Log] Local client hit enemy NutSlayerEnemy(Clone) #0 with force of 2.
[11:13:23.4097051] [Info   : Unity Log] Local client hit enemy NutSlayerEnemy(Clone) #0 with force of 2.
[11:13:23.4222290] [Info   : Unity Log] Local client hit enemy NutSlayerEnemy(Clone) #0 with force of 2.
[11:13:23.4222290] [Info   : Unity Log] Local client hit enemy NutSlayerEnemy(Clone) #0 with force of 2.
[11:13:23.4572660] [Info   : Unity Log] Local client hit enemy NutSlayerEnemy(Clone) #0 with force of 2.
[11:13:23.4572660] [Info   : Unity Log] Local client hit enemy NutSlayerEnemy(Clone) #0 with force of 2.
[11:13:23.4822308] [Info   : Unity Log] Local client hit enemy NutSlayerEnemy(Clone) #0 with force of 2.
[11:13:23.7701347] [Info   : Unity Log] Local client hit enemy NutSlayerEnemy(Clone) #0 with force of 2.
[11:13:23.7701347] [Info   : Unity Log] Local client hit enemy NutSlayerEnemy(Clone) #0 with force of 2.
[11:13:23.8079743] [Info   : Unity Log] Local client hit enemy NutSlayerEnemy(Clone) #0 with force of 3.
[11:13:23.8079743] [Info   : Unity Log] Local client hit enemy NutSlayerEnemy(Clone) #0 with force of 2.
[11:13:24.0339886] [Info   : Unity Log] Local client hit enemy NutSlayerEnemy(Clone) #0 with force of 2.
[11:13:24.3781913] [Info   : Unity Log] Local client hit enemy NutSlayerEnemy(Clone) #0 with force of 2.
[11:13:24.7264200] [Info   : Unity Log] Local client hit enemy NutSlayerEnemy(Clone) #0 with force of 2.
[11:13:25.0756064] [Debug  :GeneralImprovements] Updated time display.
[11:13:25.1967784] [Info   : Unity Log] Local client hit enemy NutSlayerEnemy(Clone) #0 with force of 2.
[11:13:25.5449705] [Info   : Unity Log] Local client hit enemy NutSlayerEnemy(Clone) #0 with force of 2.
[11:13:25.7152477] [Info   : Unity Log] Local client hit enemy NutSlayerEnemy(Clone) #0 with force of 2.
[11:13:25.7989237] [Info   : Unity Log] Local client hit enemy NutSlayerEnemy(Clone) #0 with force of 2.
[11:13:25.7989237] [Info   : Unity Log] Local client hit enemy NutSlayerEnemy(Clone) #0 with force of 2.
[11:13:25.8932468] [Info   : Unity Log] Local client hit enemy NutSlayerEnemy(Clone) #0 with force of 2.
[11:13:26.0592687] [Info   : Unity Log] Local client hit enemy NutSlayerEnemy(Clone) #0 with force of 2.
[11:13:26.0751149] [Info   : Unity Log] Local client hit enemy NutSlayerEnemy(Clone) #0 with force of 2.
[11:13:26.1202476] [Info   : Unity Log] Local client hit enemy NutSlayerEnemy(Clone) #0 with force of 2.
[11:13:26.1202476] [Info   : Unity Log] Local client hit enemy NutSlayerEnemy(Clone) #0 with force of 2.
[11:13:26.1483401] [Info   : Unity Log] Local client hit enemy NutSlayerEnemy(Clone) #0 with force of 2.
[11:13:26.1483401] [Info   : Unity Log] Local client hit enemy NutSlayerEnemy(Clone) #0 with force of 2.
[11:13:26.4082996] [Info   : Unity Log] Local client hit enemy NutSlayerEnemy(Clone) #0 with force of 2.
[11:13:26.4238450] [Info   : Unity Log] Local client hit enemy NutSlayerEnemy(Clone) #0 with force of 2.
[11:13:26.4268469] [Info   : Unity Log] Local client hit enemy NutSlayerEnemy(Clone) #0 with force of 2.
[11:13:26.4728893] [Info   : Unity Log] Local client hit enemy NutSlayerEnemy(Clone) #0 with force of 2.
[11:13:26.4728893] [Info   : Unity Log] Local client hit enemy NutSlayerEnemy(Clone) #0 with force of 2.
[11:13:26.4929461] [Info   : Unity Log] Local client hit enemy NutSlayerEnemy(Clone) #0 with force of 2.
[11:13:26.4929461] [Info   : Unity Log] Local client hit enemy NutSlayerEnemy(Clone) #0 with force of 2.
[11:13:26.7745747] [Info   : Unity Log] Local client hit enemy NutSlayerEnemy(Clone) #0 with force of 2.
[11:13:26.7745747] [Info   : Unity Log] Local client hit enemy NutSlayerEnemy(Clone) #0 with force of 2.
[11:13:26.8149342] [Info   : Unity Log] Local client hit enemy NutSlayerEnemy(Clone) #0 with force of 2.
[11:13:27.0492212] [Info   : Unity Log] Local client hit enemy NutSlayerEnemy(Clone) #0 with force of 2.
[11:13:27.0492212] [Info   : Unity Log] Local client hit enemy NutSlayerEnemy(Clone) #0 with force of 2.
[11:13:27.1181970] [Info   : Unity Log] Local client hit enemy NutSlayerEnemy(Clone) #0 with force of 2.
[11:13:27.3967529] [Info   : Unity Log] Local client hit enemy NutSlayerEnemy(Clone) #0 with force of 2.
[11:13:27.3967529] [Info   : Unity Log] Local client hit enemy NutSlayerEnemy(Clone) #0 with force of 2.
[11:13:27.7423309] [Info   : Unity Log] Local client hit enemy NutSlayerEnemy(Clone) #0 with force of 2.
[11:13:27.7423309] [Info   : Unity Log] Local client hit enemy NutSlayerEnemy(Clone) #0 with force of 2.
[11:13:28.0650578] [Info   : Unity Log] Local client hit enemy NutSlayerEnemy(Clone) #0 with force of 2.
[11:13:28.0650578] [Info   : Unity Log] Local client hit enemy NutSlayerEnemy(Clone) #0 with force of 2.
[11:13:28.0891348] [Debug  :GeneralImprovements] Updated time display.
[11:13:28.4151901] [Info   : Unity Log] Local client hit enemy NutSlayerEnemy(Clone) #0 with force of 2.
[11:13:28.4151901] [Info   : Unity Log] Local client hit enemy NutSlayerEnemy(Clone) #0 with force of 2.
[11:13:28.7151168] [Info   : Unity Log] Local client hit enemy NutSlayerEnemy(Clone) #0 with force of 2.
[11:13:28.7593759] [Info   : Unity Log] Local client hit enemy NutSlayerEnemy(Clone) #0 with force of 2.
[11:13:28.7593759] [Info   : Unity Log] Local client hit enemy NutSlayerEnemy(Clone) #0 with force of 2.
[11:13:28.9930638] [Info   :GeneralImprovements] Server disconnecting - dropping FlashlightItem(Clone)
[11:13:28.9930638] [Info   :GeneralImprovements] Server disconnecting - dropping Key(Clone)
[11:13:28.9940646] [Info   : Unity Log] Leaving current lobby
[11:13:28.9950650] [Info   : Unity Log] Disconnecting and setting networkobjects to destroy with owner
[11:13:29.0251345] [Info   :mrgrm7.LethalCasino] Player disconnected.
[11:13:29.0251345] [Info   :Dreamweave.CompanyBuildingEnhancements] Disconnected From Lobby: Config Sync Reverted.
[11:13:29.0251345] [Info   :Rolling Giant] [RandomlyMoveWhileLooking]: moveSpeed: 2, moveAcceleration: 1, moveDeceleration: 0.5, rotateToLookAtPlayer: True, delayBeforeLookingAtPlayer: 2, lookAtPlayerDuration: 3, waitTimeMin: 1, waitTimeMax: 3, randomMoveTimeMin: 1, randomMoveTimeMax: 3, lookTimeBeforeAgro: 0
[11:13:29.0251345] [Info   :Rolling Giant] Resetting all rolling giants!
[11:13:29.0251345] [Message:Rolling Giant] Reverting sync
[11:13:29.0281592] [Debug  :More Ship Upgrades] [GameNetworkManagerPatcher] Saving the LGU upgrades unto a json file...
[11:13:29.0281592] [Debug  :MrHat.BasedItemSaving] Saved 18 exact item poses
[11:13:29.0291635] [Info   : Unity Log] Shutting down and disconnecting from server. Is host?: True
[11:13:29.0301632] [Debug  :More Ship Upgrades] [GameNetworkManagerPatcher] Resetting the Upgrade Bus due to disconnecting...
[11:13:29.0311629] [Debug  :More Ship Upgrades] [UpgradeBus] Resetting MasaeAhmya's attributes
[11:13:29.0623891] [Info   :LethalPerformance] Saved 2 save(s)
[11:13:29.0714024] [Debug  :LethalNetworkAPI] Disposing of UnnamedMessageHandler.
[11:13:29.1057966] [Debug  : LethalMin] Purple Pikmin_onKe0: Removed Leader
[11:13:29.1057966] [Debug  : LethalMin] Purple Pikmin_V67C8BG: Removed Leader
[11:13:29.1057966] [Debug  : LethalMin] Purple Pikmin_DOukG: Removed Leader
[11:13:29.1057966] [Debug  : LethalMin] White Pikmin_vhgIOIG: Removed Leader
[11:13:29.1068053] [Debug  : LethalMin] White Pikmin_d0TqW: Removed Leader
[11:13:29.1068053] [Debug  : LethalMin] Purple Pikmin_LIGOdOG: Removed Leader
[11:13:29.1068053] [Debug  : LethalMin] Purple Pikmin_2b3wl: Removed Leader
[11:13:29.1068053] [Debug  : LethalMin] Bulbmin_kupUtVG: Removed Leader
[11:13:29.1068053] [Debug  : LethalMin] Bulbmin_SCc21: Removed Leader
[11:13:29.1068053] [Debug  : LethalMin] Purple Pikmin_AVPa9b: Removed Leader
[11:13:29.1068053] [Debug  : LethalMin] Bulbmin_soC8: Removed Leader
[11:13:29.1068053] [Debug  : LethalMin] White Pikmin_a6zgOi: Removed Leader
[11:13:29.1083321] [Debug  : LethalMin] White Pikmin_HPlE: Removed Leader
[11:13:29.1113376] [Debug  : LethalMin] Purple Pikmin_ziYmeo: Removed Leader
[11:13:29.1133379] [Debug  : LethalMin] Purple Pikmin_h0LK: Removed Leader
[11:13:29.1133379] [Debug  : LethalMin] Purple Pikmin_PJ8suv: Removed Leader
[11:13:29.1133379] [Debug  : LethalMin] White Pikmin_7cuQ: Removed Leader
[11:13:29.1143385] [Debug  : LethalMin] White Pikmin_ouhy91: Removed Leader
[11:13:29.1143385] [Debug  : LethalMin] White Pikmin_WDUW: Removed Leader
[11:13:29.1143385] [Debug  : LethalMin] Bulbmin_EWH4P7: Removed Leader
[11:13:29.1143385] [Debug  : LethalMin] White Pikmin_wo3cXgj: Removed Leader
[11:13:29.1348934] [Info   : LethalMin] ShipOnion: saved 53 pikmin to disk on despawn.
[11:13:29.1630207] [Info   :LobbyControl] 0 disconnected
[11:13:29.1640204] [Info   : Unity Log] Disconnect callback called
[11:13:29.1640204] [Info   : Unity Log] Is server: True; ishost: True; isConnectedClient: False
[11:13:29.1640204] [Info   : Unity Log] Disconnect callback called in gamenetworkmanager; disconnecting clientId: 0
[11:13:29.1640204] [Info   : Unity Log] Disconnect callback called for local client; ignoring.
[11:13:29.1765487] [Info   : Unity Log] Interact trigger destroying! name: trigger
[11:13:29.1800802] [Debug  :Starlancer AI Fix] Purple Pikmin_onKe0 from the interior enemy list has died; 
Previous interior power level is 0
[11:13:29.1800802] [Debug  :Starlancer AI Fix] Removing Purple Pikmin_onKe0's power (0) from the RoundManager; 
Current interior power level is 0
[11:13:29.1830794] [Debug  :Starlancer AI Fix] Purple Pikmin_V67C8BG from the interior enemy list has died; 
Previous interior power level is 0
[11:13:29.1830794] [Debug  :Starlancer AI Fix] Removing Purple Pikmin_V67C8BG's power (0) from the RoundManager; 
Current interior power level is 0
[11:13:29.1830794] [Debug  :Starlancer AI Fix] Purple Pikmin_DOukG from the interior enemy list has died; 
Previous interior power level is 0
[11:13:29.1830794] [Debug  :Starlancer AI Fix] Removing Purple Pikmin_DOukG's power (0) from the RoundManager; 
Current interior power level is 0
[11:13:29.1830794] [Debug  :Starlancer AI Fix] White Pikmin_vhgIOIG from the interior enemy list has died; 
Previous interior power level is 0
[11:13:29.1830794] [Debug  :Starlancer AI Fix] Removing White Pikmin_vhgIOIG's power (0) from the RoundManager; 
Current interior power level is 0
[11:13:29.1830794] [Debug  :Starlancer AI Fix] White Pikmin_d0TqW from the interior enemy list has died; 
Previous interior power level is 0
[11:13:29.1830794] [Debug  :Starlancer AI Fix] Removing White Pikmin_d0TqW's power (0) from the RoundManager; 
Current interior power level is 0
[11:13:29.1840823] [Debug  :Starlancer AI Fix] Purple Pikmin_LIGOdOG from the interior enemy list has died; 
Previous interior power level is 0
[11:13:29.1840823] [Debug  :Starlancer AI Fix] Removing Purple Pikmin_LIGOdOG's power (0) from the RoundManager; 
Current interior power level is 0
[11:13:29.1840823] [Debug  :Starlancer AI Fix] Purple Pikmin_2b3wl from the interior enemy list has died; 
Previous interior power level is 0
[11:13:29.1840823] [Debug  :Starlancer AI Fix] Removing Purple Pikmin_2b3wl's power (0) from the RoundManager; 
Current interior power level is 0
[11:13:29.1840823] [Debug  :Starlancer AI Fix] Bulbmin_kupUtVG from the interior enemy list has died; 
Previous interior power level is 0
[11:13:29.1840823] [Debug  :Starlancer AI Fix] Removing Bulbmin_kupUtVG's power (0) from the RoundManager; 
Current interior power level is 0
[11:13:29.1840823] [Debug  :Starlancer AI Fix] Bulbmin_SCc21 from the interior enemy list has died; 
Previous interior power level is 0
[11:13:29.1840823] [Debug  :Starlancer AI Fix] Removing Bulbmin_SCc21's power (0) from the RoundManager; 
Current interior power level is 0
[11:13:29.1850835] [Debug  :Starlancer AI Fix] Purple Pikmin_AVPa9b from the interior enemy list has died; 
Previous interior power level is 0
[11:13:29.1850835] [Debug  :Starlancer AI Fix] Removing Purple Pikmin_AVPa9b's power (0) from the RoundManager; 
Current interior power level is 0
[11:13:29.1850835] [Debug  :Starlancer AI Fix] Bulbmin_soC8 from the interior enemy list has died; 
Previous interior power level is 0
[11:13:29.1850835] [Debug  :Starlancer AI Fix] Removing Bulbmin_soC8's power (0) from the RoundManager; 
Current interior power level is 0
[11:13:29.1850835] [Debug  :Starlancer AI Fix] White Pikmin_a6zgOi from the interior enemy list has died; 
Previous interior power level is 0
[11:13:29.1850835] [Debug  :Starlancer AI Fix] Removing White Pikmin_a6zgOi's power (0) from the RoundManager; 
Current interior power level is 0
[11:13:29.1850835] [Debug  :Starlancer AI Fix] White Pikmin_HPlE from the interior enemy list has died; 
Previous interior power level is 0
[11:13:29.1850835] [Debug  :Starlancer AI Fix] Removing White Pikmin_HPlE's power (0) from the RoundManager; 
Current interior power level is 0
[11:13:29.1850835] [Debug  :Starlancer AI Fix] Purple Pikmin_ziYmeo from the interior enemy list has died; 
Previous interior power level is 0
[11:13:29.1850835] [Debug  :Starlancer AI Fix] Removing Purple Pikmin_ziYmeo's power (0) from the RoundManager; 
Current interior power level is 0
[11:13:29.1865888] [Debug  :Starlancer AI Fix] Purple Pikmin_h0LK from the interior enemy list has died; 
Previous interior power level is 0
[11:13:29.1865888] [Debug  :Starlancer AI Fix] Removing Purple Pikmin_h0LK's power (0) from the RoundManager; 
Current interior power level is 0
[11:13:29.1865888] [Debug  :Starlancer AI Fix] Purple Pikmin_PJ8suv from the interior enemy list has died; 
Previous interior power level is 0
[11:13:29.1865888] [Debug  :Starlancer AI Fix] Removing Purple Pikmin_PJ8suv's power (0) from the RoundManager; 
Current interior power level is 0
[11:13:29.1865888] [Debug  :Starlancer AI Fix] White Pikmin_7cuQ from the interior enemy list has died; 
Previous interior power level is 0
[11:13:29.1865888] [Debug  :Starlancer AI Fix] Removing White Pikmin_7cuQ's power (0) from the RoundManager; 
Current interior power level is 0
[11:13:29.1865888] [Debug  :Starlancer AI Fix] White Pikmin_ouhy91 from the interior enemy list has died; 
Previous interior power level is 0
[11:13:29.1865888] [Debug  :Starlancer AI Fix] Removing White Pikmin_ouhy91's power (0) from the RoundManager; 
Current interior power level is 0
[11:13:29.1865888] [Debug  :Starlancer AI Fix] White Pikmin_WDUW from the interior enemy list has died; 
Previous interior power level is 0
[11:13:29.1865888] [Debug  :Starlancer AI Fix] Removing White Pikmin_WDUW's power (0) from the RoundManager; 
Current interior power level is 0
[11:13:29.1865888] [Debug  :Starlancer AI Fix] Bulbmin_EWH4P7 from the interior enemy list has died; 
Previous interior power level is 0
[11:13:29.1865888] [Debug  :Starlancer AI Fix] Removing Bulbmin_EWH4P7's power (0) from the RoundManager; 
Current interior power level is 0
[11:13:29.1881104] [Debug  :Starlancer AI Fix] White Pikmin_wo3cXgj from the interior enemy list has died; 
Previous interior power level is 0
[11:13:29.1881104] [Debug  :Starlancer AI Fix] Removing White Pikmin_wo3cXgj's power (0) from the RoundManager; 
Current interior power level is 0
[11:13:29.1881104] [Info   : Unity Log] Interact trigger destroying! name: InteractTrigger
[11:13:29.1881104] [Info   : Unity Log] Interact trigger destroying! name: InteractTrigger
[11:13:29.1881104] [Info   : Unity Log] Interact trigger destroying! name: InteractTrigger
[11:13:29.1881104] [Info   : Unity Log] Interact trigger destroying! name: InteractTrigger
[11:13:29.1881104] [Info   : Unity Log] Interact trigger destroying! name: InteractTrigger
[11:13:29.1881104] [Info   : Unity Log] Interact trigger destroying! name: InteractTrigger
[11:13:29.1881104] [Info   : Unity Log] Interact trigger destroying! name: InteractTrigger
[11:13:29.1891148] [Info   : Unity Log] Interact trigger destroying! name: InteractTrigger
[11:13:29.1891148] [Info   : Unity Log] Interact trigger destroying! name: InteractTrigger
[11:13:29.1891148] [Info   : Unity Log] Interact trigger destroying! name: InteractTrigger
[11:13:29.1891148] [Info   : Unity Log] Interact trigger destroying! name: InteractTrigger
[11:13:29.1891148] [Info   : Unity Log] Interact trigger destroying! name: InteractTrigger
[11:13:29.1891148] [Info   : Unity Log] Interact trigger destroying! name: InteractTrigger
[11:13:29.1891148] [Info   : Unity Log] Interact trigger destroying! name: InteractTrigger
[11:13:29.1891148] [Info   : Unity Log] Interact trigger destroying! name: InteractTrigger
[11:13:29.1891148] [Info   : Unity Log] Interact trigger destroying! name: InteractTrigger
[11:13:29.1891148] [Info   : Unity Log] Interact trigger destroying! name: InteractTrigger
[11:13:29.1891148] [Info   : Unity Log] Interact trigger destroying! name: InteractTrigger
[11:13:29.1901163] [Info   : Unity Log] Interact trigger destroying! name: InteractTrigger
[11:13:29.1901163] [Info   : Unity Log] Interact trigger destroying! name: InteractTrigger
[11:13:29.1901163] [Info   : Unity Log] Interact trigger destroying! name: InteractTrigger
[11:13:29.1901163] [Info   : Unity Log] Interact trigger destroying! name: InteractTrigger
[11:13:29.1901163] [Info   : Unity Log] Interact trigger destroying! name: InteractTrigger
[11:13:29.1901163] [Info   : Unity Log] Interact trigger destroying! name: InteractTrigger
[11:13:29.1901163] [Info   : Unity Log] Interact trigger destroying! name: InteractTrigger
[11:13:29.1901163] [Info   : Unity Log] Interact trigger destroying! name: InteractTrigger
[11:13:29.1901163] [Info   : Unity Log] Interact trigger destroying! name: InteractTrigger
[11:13:29.1901163] [Info   : Unity Log] Interact trigger destroying! name: InteractTrigger
[11:13:29.1901163] [Info   : Unity Log] Interact trigger destroying! name: InteractTrigger
[11:13:29.1911158] [Info   : Unity Log] Interact trigger destroying! name: InteractTrigger
[11:13:29.1911158] [Info   : Unity Log] Interact trigger destroying! name: InteractTrigger
[11:13:29.1911158] [Info   : Unity Log] Interact trigger destroying! name: InteractTrigger
[11:13:29.1911158] [Info   : Unity Log] Interact trigger destroying! name: InteractTrigger
[11:13:29.1911158] [Info   : Unity Log] Interact trigger destroying! name: InteractTrigger
[11:13:29.1911158] [Info   : Unity Log] Interact trigger destroying! name: InteractTrigger
[11:13:29.1911158] [Info   : Unity Log] Interact trigger destroying! name: InteractTrigger
[11:13:29.1911158] [Info   : Unity Log] Interact trigger destroying! name: InteractTrigger
[11:13:29.1911158] [Info   : Unity Log] Interact trigger destroying! name: InteractTrigger
[11:13:29.1911158] [Info   : Unity Log] Interact trigger destroying! name: InteractTrigger
[11:13:29.1931139] [Debug  :Starlancer AI Fix] NutSlayerEnemy(Clone) from the exterior enemy list has died; 
Previous exterior power level is 0
[11:13:29.1931139] [Debug  :Starlancer AI Fix] Removing NutSlayerEnemy(Clone)'s power (8) from the RoundManager; 
Current exterior power level is 0
[11:13:29.1941148] [Debug  :Starlancer AI Fix] NutSlayerEnemy(Clone) from the exterior enemy list has died; 
Previous exterior power level is 0
[11:13:29.1941148] [Debug  :Starlancer AI Fix] Removing NutSlayerEnemy(Clone)'s power (8) from the RoundManager; 
Current exterior power level is 0
[11:13:29.1941148] [Debug  :Starlancer AI Fix] NutSlayerEnemy(Clone) from the exterior enemy list has died; 
Previous exterior power level is 0
[11:13:29.1941148] [Debug  :Starlancer AI Fix] Removing NutSlayerEnemy(Clone)'s power (8) from the RoundManager; 
Current exterior power level is 0
[11:13:29.1951150] [Debug  :Starlancer AI Fix] NutSlayerEnemy(Clone) from the exterior enemy list has died; 
Previous exterior power level is 0
[11:13:29.1951150] [Debug  :Starlancer AI Fix] Removing NutSlayerEnemy(Clone)'s power (8) from the RoundManager; 
Current exterior power level is 0
[11:13:29.1951150] [Debug  :Starlancer AI Fix] NutSlayerEnemy(Clone) from the exterior enemy list has died; 
Previous exterior power level is 0
[11:13:29.1951150] [Debug  :Starlancer AI Fix] Removing NutSlayerEnemy(Clone)'s power (8) from the RoundManager; 
Current exterior power level is 0
[11:13:29.1951150] [Debug  :Starlancer AI Fix] NutSlayerEnemy(Clone) from the exterior enemy list has died; 
Previous exterior power level is 0
[11:13:29.1951150] [Debug  :Starlancer AI Fix] Removing NutSlayerEnemy(Clone)'s power (8) from the RoundManager; 
Current exterior power level is 0
[11:13:29.1951150] [Debug  :Starlancer AI Fix] NutSlayerEnemy(Clone) from the exterior enemy list has died; 
Previous exterior power level is 0
[11:13:29.1951150] [Debug  :Starlancer AI Fix] Removing NutSlayerEnemy(Clone)'s power (8) from the RoundManager; 
Current exterior power level is 0
[11:13:29.1951150] [Debug  :Starlancer AI Fix] NutSlayerEnemy(Clone) from the exterior enemy list has died; 
Previous exterior power level is 0
[11:13:29.1951150] [Debug  :Starlancer AI Fix] Removing NutSlayerEnemy(Clone)'s power (8) from the RoundManager; 
Current exterior power level is 0
[11:13:29.1966195] [Debug  :Starlancer AI Fix] NutSlayerEnemy(Clone) from the exterior enemy list has died; 
Previous exterior power level is 0
[11:13:29.1966195] [Debug  :Starlancer AI Fix] Removing NutSlayerEnemy(Clone)'s power (8) from the RoundManager; 
Current exterior power level is 0
[11:13:29.1966195] [Debug  :GeneralImprovements] Updated danger level display.
[11:13:29.1966195] [Debug  :Starlancer AI Fix] NutSlayerEnemy(Clone) from the exterior enemy list has died; 
Previous exterior power level is 0
[11:13:29.1966195] [Debug  :Starlancer AI Fix] Removing NutSlayerEnemy(Clone)'s power (8) from the RoundManager; 
Current exterior power level is 0
[11:13:29.1966195] [Debug  :GeneralImprovements] Updated danger level display.
[11:13:29.1966195] [Debug  :Starlancer AI Fix] NutSlayerEnemy(Clone) from the exterior enemy list has died; 
Previous exterior power level is 0
[11:13:29.1966195] [Debug  :Starlancer AI Fix] Removing NutSlayerEnemy(Clone)'s power (8) from the RoundManager; 
Current exterior power level is 0
[11:13:29.1966195] [Debug  :GeneralImprovements] Updated danger level display.
[11:13:29.1966195] [Debug  :Starlancer AI Fix] NutSlayerEnemy(Clone) from the exterior enemy list has died; 
Previous exterior power level is 0
[11:13:29.1966195] [Debug  :Starlancer AI Fix] Removing NutSlayerEnemy(Clone)'s power (8) from the RoundManager; 
Current exterior power level is 0
[11:13:29.1966195] [Debug  :GeneralImprovements] Updated danger level display.
[11:13:29.1966195] [Debug  :Starlancer AI Fix] DocileLocustBees(Clone) from the daytime enemy list has died; 
Previous daytime power level is 0
[11:13:29.1966195] [Debug  :Starlancer AI Fix] Removing DocileLocustBees(Clone)'s power (1) from the RoundManager; 
Current daytime power level is 0
[11:13:29.1966195] [Debug  :Starlancer AI Fix] DocileLocustBees(Clone) from the daytime enemy list has died; 
Previous daytime power level is 0
[11:13:29.1966195] [Debug  :Starlancer AI Fix] Removing DocileLocustBees(Clone)'s power (1) from the RoundManager; 
Current daytime power level is 0
[11:13:29.1981425] [Debug  :Starlancer AI Fix] DocileLocustBees(Clone) from the daytime enemy list has died; 
Previous daytime power level is 0
[11:13:29.1981425] [Debug  :Starlancer AI Fix] Removing DocileLocustBees(Clone)'s power (1) from the RoundManager; 
Current daytime power level is 0
[11:13:29.1981425] [Debug  :Starlancer AI Fix] DocileLocustBees(Clone) from the daytime enemy list has died; 
Previous daytime power level is 0
[11:13:29.1981425] [Debug  :Starlancer AI Fix] Removing DocileLocustBees(Clone)'s power (1) from the RoundManager; 
Current daytime power level is 0
[11:13:29.1981425] [Debug  :Starlancer AI Fix] DocileLocustBees(Clone) from the daytime enemy list has died; 
Previous daytime power level is 0
[11:13:29.1981425] [Debug  :Starlancer AI Fix] Removing DocileLocustBees(Clone)'s power (1) from the RoundManager; 
Current daytime power level is 0
[11:13:29.1981425] [Debug  :Starlancer AI Fix] DocileLocustBees(Clone) from the daytime enemy list has died; 
Previous daytime power level is 0
[11:13:29.1981425] [Debug  :Starlancer AI Fix] Removing DocileLocustBees(Clone)'s power (1) from the RoundManager; 
Current daytime power level is 0
[11:13:29.2031504] [Info   : Unity Log] Interact trigger destroying! name: EntranceTeleportA
[11:13:29.2041506] [Info   : Unity Log] Interact trigger destroying! name: Trigger
[11:13:29.2041506] [Info   : Unity Log] Interact trigger destroying! name: Trigger
[11:13:29.2041506] [Info   : Unity Log] Interact trigger destroying! name: Cube
[11:13:29.2051501] [Info   : Unity Log] Interact trigger destroying! name: BreakerSwitch1
[11:13:29.2051501] [Info   : Unity Log] Interact trigger destroying! name: BreakerSwitch2
[11:13:29.2051501] [Info   : Unity Log] Interact trigger destroying! name: BreakerSwitch3
[11:13:29.2051501] [Info   : Unity Log] Interact trigger destroying! name: BreakerSwitch4
[11:13:29.2051501] [Info   : Unity Log] Interact trigger destroying! name: BreakerSwitch5
[11:13:29.2051501] [Info   : Unity Log] Interact trigger destroying! name: PowerBoxDoor
[11:13:29.2051501] [Info   : Unity Log] Interact trigger destroying! name: Cube
[11:13:29.2051501] [Info   : Unity Log] Interact trigger destroying! name: EntranceTeleportB(Clone)
[11:13:29.2051501] [Info   : Unity Log] Interact trigger destroying! name: Cube
[11:13:29.2051501] [Info   : Unity Log] Interact trigger destroying! name: Cube
[11:13:29.2061488] [Info   : Unity Log] Interact trigger destroying! name: Liminal Exit(Clone)
[11:13:29.2061488] [Info   : Unity Log] Interact trigger destroying! name: Cube
[11:13:29.2061488] [Info   : Unity Log] Interact trigger destroying! name: Cube
[11:13:29.2066541] [Info   : Unity Log] Interact trigger destroying! name: Cube
[11:13:29.2066541] [Info   : Unity Log] Interact trigger destroying! name: Cube
[11:13:29.2066541] [Info   : Unity Log] Interact trigger destroying! name: Cube
[11:13:29.2066541] [Info   : Unity Log] Interact trigger destroying! name: Cube
[11:13:29.2066541] [Info   : Unity Log] Interact trigger destroying! name: Cube
[11:13:29.2066541] [Info   : Unity Log] Interact trigger destroying! name: Cube
[11:13:29.2066541] [Info   : Unity Log] Interact trigger destroying! name: Cube
[11:13:29.2081755] [Info   : Unity Log] Interact trigger destroying! name: Cube
[11:13:29.2081755] [Info   : Unity Log] Interact trigger destroying! name: Cube
[11:13:29.2081755] [Info   : Unity Log] Interact trigger destroying! name: Cube
[11:13:29.2081755] [Info   : Unity Log] Interact trigger destroying! name: Cube
[11:13:29.2081755] [Info   : Unity Log] Interact trigger destroying! name: Cube
[11:13:29.2091806] [Info   : Unity Log] Interact trigger destroying! name: Cube
[11:13:29.2091806] [Info   : Unity Log] Interact trigger destroying! name: Cube
[11:13:29.2091806] [Info   : Unity Log] Interact trigger destroying! name: InteractTrigger
[11:13:29.2091806] [Info   : Unity Log] Interact trigger destroying! name: InteractTrigger
[11:13:29.2091806] [Info   : Unity Log] Interact trigger destroying! name: InteractTrigger
[11:13:29.2091806] [Info   : Unity Log] Interact trigger destroying! name: InteractTrigger
[11:13:29.2091806] [Info   : Unity Log] Interact trigger destroying! name: InteractTrigger
[11:13:29.2091806] [Info   : Unity Log] Interact trigger destroying! name: InteractTrigger
[11:13:29.2091806] [Info   : Unity Log] Interact trigger destroying! name: InteractTrigger
[11:13:29.2091806] [Info   : Unity Log] Interact trigger destroying! name: InteractTrigger
[11:13:29.2091806] [Info   : Unity Log] Interact trigger destroying! name: InteractTrigger
[11:13:29.2091806] [Info   : Unity Log] Interact trigger destroying! name: InteractTrigger
[11:13:29.2111790] [Info   : Unity Log] Interact trigger destroying! name: DropTrigger
[11:13:29.2111790] [Info   : Unity Log] Interact trigger destroying! name: LadderTrigger
[11:13:29.2111790] [Info   : Unity Log] Interact trigger destroying! name: LadderTrigger
[11:13:29.2111790] [Info   : Unity Log] Interact trigger destroying! name: LadderTrigger
[11:13:29.2111790] [Info   : Unity Log] Interact trigger destroying! name: LadderTrigger
[11:13:29.2121804] [Info   : Unity Log] Interact trigger destroying! name: DropTrigger
[11:13:29.2121804] [Info   : Unity Log] Interact trigger destroying! name: LadderTrigger
[11:13:29.2121804] [Info   : Unity Log] Interact trigger destroying! name: LadderTrigger
[11:13:29.2121804] [Info   : Unity Log] Interact trigger destroying! name: LadderTrigger
[11:13:29.2121804] [Info   : Unity Log] Interact trigger destroying! name: LadderTrigger
[11:13:29.2121804] [Info   : Unity Log] Interact trigger destroying! name: Mimic Metal Crate(Clone)
[11:13:29.2202105] [Info   : Unity Log] Interact trigger destroying! name: ChangableSuit(Clone)
[11:13:29.2212112] [Debug  :suitsTerminal] Destroying SuitAttribute! [Smile]
[11:13:29.2212112] [Info   : Unity Log] Interact trigger destroying! name: ChangableSuit(Clone)
[11:13:29.2212112] [Debug  :suitsTerminal] Destroying SuitAttribute! [Slayer]
[11:13:29.2212112] [Info   : Unity Log] Interact trigger destroying! name: ChangableSuit(Clone)
[11:13:29.2212112] [Debug  :suitsTerminal] Destroying SuitAttribute! [Skeleton]
[11:13:29.2212112] [Info   : Unity Log] Interact trigger destroying! name: ChangableSuit(Clone)
[11:13:29.2212112] [Debug  :suitsTerminal] Destroying SuitAttribute! [Minion]
[11:13:29.2212112] [Info   : Unity Log] Interact trigger destroying! name: ChangableSuit(Clone)
[11:13:29.2212112] [Debug  :suitsTerminal] Destroying SuitAttribute! [Mario]
[11:13:29.2212112] [Info   : Unity Log] Interact trigger destroying! name: ChangableSuit(Clone)
[11:13:29.2212112] [Debug  :suitsTerminal] Destroying SuitAttribute! [Luigi]
[11:13:29.2212112] [Info   : Unity Log] Interact trigger destroying! name: ChangableSuit(Clone)
[11:13:29.2212112] [Debug  :suitsTerminal] Destroying SuitAttribute! [Knuckles]
[11:13:29.2212112] [Info   : Unity Log] Interact trigger destroying! name: ChangableSuit(Clone)
[11:13:29.2212112] [Debug  :suitsTerminal] Destroying SuitAttribute! [Kirby]
[11:13:29.2212112] [Info   : Unity Log] Interact trigger destroying! name: ChangableSuit(Clone)
[11:13:29.2212112] [Debug  :suitsTerminal] Destroying SuitAttribute! [Glow]
[11:13:29.2212112] [Info   : Unity Log] Interact trigger destroying! name: ChangableSuit(Clone)
[11:13:29.2212112] [Debug  :suitsTerminal] Destroying SuitAttribute! [Zero Two]
[11:13:29.2212112] [Info   : Unity Log] Interact trigger destroying! name: ChangableSuit(Clone)
[11:13:29.2212112] [Debug  :suitsTerminal] Destroying SuitAttribute! [Zero Two [White Suit]]
[11:13:29.2212112] [Info   : Unity Log] Interact trigger destroying! name: ChangableSuit(Clone)
[11:13:29.2212112] [Debug  :suitsTerminal] Destroying SuitAttribute! [Zero Two [School]]
[11:13:29.2212112] [Info   : Unity Log] Interact trigger destroying! name: ChangableSuit(Clone)
[11:13:29.2212112] [Debug  :suitsTerminal] Destroying SuitAttribute! [Zero Two [Red Suit]]
[11:13:29.2212112] [Info   : Unity Log] Interact trigger destroying! name: ChangableSuit(Clone)
[11:13:29.2212112] [Debug  :suitsTerminal] Destroying SuitAttribute! [Yang Xiao Long]
[11:13:29.2212112] [Info   : Unity Log] Interact trigger destroying! name: ChangableSuit(Clone)
[11:13:29.2212112] [Debug  :suitsTerminal] Destroying SuitAttribute! [Yang Xiao Long [Timeskip]]
[11:13:29.2212112] [Info   : Unity Log] Interact trigger destroying! name: ChangableSuit(Clone)
[11:13:29.2212112] [Debug  :suitsTerminal] Destroying SuitAttribute! [Yae Sakura [Neon Shade]]
[11:13:29.2212112] [Info   : Unity Log] Interact trigger destroying! name: ChangableSuit(Clone)
[11:13:29.2212112] [Debug  :suitsTerminal] Destroying SuitAttribute! [Weiss Schnee]
[11:13:29.2212112] [Info   : Unity Log] Interact trigger destroying! name: ChangableSuit(Clone)
[11:13:29.2212112] [Debug  :suitsTerminal] Destroying SuitAttribute! [Weiss Schnee [Timeskip]]
[11:13:29.2212112] [Info   : Unity Log] Interact trigger destroying! name: ChangableSuit(Clone)
[11:13:29.2212112] [Debug  :suitsTerminal] Destroying SuitAttribute! [Weedy]
[11:13:29.2212112] [Info   : Unity Log] Interact trigger destroying! name: ChangableSuit(Clone)
[11:13:29.2212112] [Debug  :suitsTerminal] Destroying SuitAttribute! [Theresa [Lunar Vow]]
[11:13:29.2222117] [Info   : Unity Log] Interact trigger destroying! name: ChangableSuit(Clone)
[11:13:29.2222117] [Debug  :suitsTerminal] Destroying SuitAttribute! [Sparkle]
[11:13:29.2222117] [Info   : Unity Log] Interact trigger destroying! name: ChangableSuit(Clone)
[11:13:29.2222117] [Debug  :suitsTerminal] Destroying SuitAttribute! [Silence Suzuka]
[11:13:29.2222117] [Info   : Unity Log] Interact trigger destroying! name: ChangableSuit(Clone)
[11:13:29.2222117] [Debug  :suitsTerminal] Destroying SuitAttribute! [Silence Suzuka [School]]
[11:13:29.2222117] [Info   : Unity Log] Interact trigger destroying! name: ChangableSuit(Clone)
[11:13:29.2222117] [Debug  :suitsTerminal] Destroying SuitAttribute! [Ruby Rose]
[11:13:29.2222117] [Info   : Unity Log] Interact trigger destroying! name: ChangableSuit(Clone)
[11:13:29.2222117] [Debug  :suitsTerminal] Destroying SuitAttribute! [Ruby Rose [Timeskip]]
[11:13:29.2222117] [Info   : Unity Log] Interact trigger destroying! name: ChangableSuit(Clone)
[11:13:29.2222117] [Debug  :suitsTerminal] Destroying SuitAttribute! [Roland]
[11:13:29.2222117] [Info   : Unity Log] Interact trigger destroying! name: ChangableSuit(Clone)
[11:13:29.2222117] [Debug  :suitsTerminal] Destroying SuitAttribute! [Mostima]
[11:13:29.2222117] [Info   : Unity Log] Interact trigger destroying! name: ChangableSuit(Clone)
[11:13:29.2222117] [Debug  :suitsTerminal] Destroying SuitAttribute! [Mostima [Maid]]
[11:13:29.2222117] [Info   : Unity Log] Interact trigger destroying! name: ChangableSuit(Clone)
[11:13:29.2222117] [Debug  :suitsTerminal] Destroying SuitAttribute! [Mejiro McQueen]
[11:13:29.2222117] [Info   : Unity Log] Interact trigger destroying! name: ChangableSuit(Clone)
[11:13:29.2222117] [Debug  :suitsTerminal] Destroying SuitAttribute! [Mejiro McQueen [School]]
[11:13:29.2222117] [Info   : Unity Log] Interact trigger destroying! name: ChangableSuit(Clone)
[11:13:29.2222117] [Debug  :suitsTerminal] Destroying SuitAttribute! [Mayano Top Gun]
[11:13:29.2222117] [Info   : Unity Log] Interact trigger destroying! name: ChangableSuit(Clone)
[11:13:29.2222117] [Debug  :suitsTerminal] Destroying SuitAttribute! [Mayano Top Gun [School]]
[11:13:29.2222117] [Info   : Unity Log] Interact trigger destroying! name: ChangableSuit(Clone)
[11:13:29.2222117] [Debug  :suitsTerminal] Destroying SuitAttribute! [Kiana]
[11:13:29.2222117] [Info   : Unity Log] Interact trigger destroying! name: ChangableSuit(Clone)
[11:13:29.2222117] [Debug  :suitsTerminal] Destroying SuitAttribute! [Kiana [Finality]]
[11:13:29.2222117] [Info   : Unity Log] Interact trigger destroying! name: ChangableSuit(Clone)
[11:13:29.2222117] [Debug  :suitsTerminal] Destroying SuitAttribute! [Faust]
[11:13:29.2222117] [Info   : Unity Log] Interact trigger destroying! name: ChangableSuit(Clone)
[11:13:29.2222117] [Debug  :suitsTerminal] Destroying SuitAttribute! [Cheval Grand]
[11:13:29.2222117] [Info   : Unity Log] Interact trigger destroying! name: ChangableSuit(Clone)
[11:13:29.2222117] [Debug  :suitsTerminal] Destroying SuitAttribute! [Cheval Grand [School]]
[11:13:29.2222117] [Info   : Unity Log] Interact trigger destroying! name: ChangableSuit(Clone)
[11:13:29.2222117] [Debug  :suitsTerminal] Destroying SuitAttribute! [Blake Belladonna]
[11:13:29.2222117] [Info   : Unity Log] Interact trigger destroying! name: ChangableSuit(Clone)
[11:13:29.2222117] [Debug  :suitsTerminal] Destroying SuitAttribute! [Blake Belladonna [Timeskip]]
[11:13:29.2222117] [Info   : Unity Log] Interact trigger destroying! name: ChangableSuit(Clone)
[11:13:29.2222117] [Debug  :suitsTerminal] Destroying SuitAttribute! [Anby]
[11:13:29.2222117] [Info   : Unity Log] Interact trigger destroying! name: ChangableSuit(Clone)
[11:13:29.2222117] [Debug  :suitsTerminal] Destroying SuitAttribute! [Orange suit]
[11:13:29.2232120] [Info   : Unity Log] Interact trigger destroying! name: LeverContainer
[11:13:29.2232120] [Info   : Unity Log] Interact trigger destroying! name: InteractTrigger
[11:13:29.2232120] [Info   : Unity Log] Interact trigger destroying! name: Trigger
[11:13:29.2232120] [Info   : Unity Log] Interact trigger destroying! name: Trigger
[11:13:29.2267161] [Info   : Unity Log] DropAllHeldItems called on player 'MasaeAhmya'; itemsFall: True; disconnecting: False; ItemSlots length: 11; isHoldingObject: True
[11:13:29.2267161] [Info   : Unity Log] DropAllHeldItems; player pos: (1.42, 0.29, -14.12)
[11:13:29.2267161] [Info   : Unity Log] Item slot #0 null?: True
[11:13:29.2267161] [Info   : Unity Log] Item slot #1 null?: True
[11:13:29.2267161] [Info   : Unity Log] Item slot #2 null?: True
[11:13:29.2267161] [Info   : Unity Log] Item slot #3 null?: True
[11:13:29.2267161] [Info   : Unity Log] Item slot #4 null?: True
[11:13:29.2267161] [Info   : Unity Log] Item slot #5 null?: True
[11:13:29.2267161] [Info   : Unity Log] Item slot #6 null?: True
[11:13:29.2267161] [Info   : Unity Log] Item slot #7 null?: True
[11:13:29.2267161] [Info   : Unity Log] Item slot #8 null?: True
[11:13:29.2267161] [Info   : Unity Log] Item slot #9 null?: True
[11:13:29.2267161] [Info   : Unity Log] Item slot #10 null?: True
[11:13:29.2267161] [Warning: Unity Log] Parent of RectTransform is being set with parent property. Consider using the SetParent method instead, with the worldPositionStays argument set to false. This will retain local orientation and scale rather than world orientation and scale, which can prevent common UI scaling issues.
[11:13:29.2448001] [Info   : Unity Log] Resetting unlockables list!
[11:13:29.2468028] [Info   :BrutalCompanyMinusExtraReborn] Executing OnLocalDisconnect for all events()
[11:13:29.2483153] [Info   :HotbarPlus-1.8.5] Finished receiving OnUpdatePurchasedHotbarSlots update. New purchased hotbar slots: 0
[11:13:29.2483153] [Info   : Unity Log] Scene manager is null
[11:13:29.2543126] [Fatal  :AdditionalNetworking] Exception during networking of MasaeAhmya(113):
System.ArgumentException: NetworkObjectReference can only be created from spawned NetworkObjects.
  at Unity.Netcode.NetworkObjectReference..ctor (Unity.Netcode.NetworkObject networkObject) [0x0001d] in <97ae41d8913f4f12b6133336c5f4f494>:IL_001D 
  at Unity.Netcode.NetworkObjectReference.op_Implicit (Unity.Netcode.NetworkObject networkObject) [0x00000] in <97ae41d8913f4f12b6133336c5f4f494>:IL_0000 
  at AdditionalNetworking.Patches.Inventory.PlayerControllerBPatch.OnLateUpdate (GameNetcodeStuff.PlayerControllerB __instance) [0x00136] in ./Plugin/src/Patches/Inventory/PlayerControllerBPatch.cs:195 
[11:13:29.2568141] [Info   :LethalPerformance] Saved 1 save(s)
[11:13:29.3179562] [Info   : Unity Log] Interact trigger destroying! name: LadderTrigger
[11:13:29.3179562] [Info   : Unity Log] Interact trigger destroying! name: LadderTrigger
[11:13:29.3179562] [Info   : Unity Log] Interact trigger destroying! name: EntranceTeleportB
[11:13:29.3179562] [Info   : Unity Log] Interact trigger destroying! name: EntranceTeleportA
[11:13:29.3239564] [Info   : Unity Log] Interact trigger destroying! name: LadderTrigger
[11:13:29.3239564] [Info   : Unity Log] Interact trigger destroying! name: StoryLogCollectable (3)
[11:13:29.3397682] [Info   : Unity Log] Interact trigger destroying! name: Trigger
[11:13:29.3397682] [Info   : Unity Log] Interact trigger destroying! name: KillTrigger
[11:13:29.3397682] [Info   : Unity Log] Interact trigger destroying! name: stinger trigger random
[11:13:29.3397682] [Info   : Unity Log] Interact trigger destroying! name: stinger trigger random
[11:13:29.3407692] [Info   : Unity Log] Interact trigger destroying! name: KillTrigger (1)
[11:13:29.3407692] [Info   : Unity Log] Interact trigger destroying! name: KillTrigger (1)
[11:13:29.3407692] [Info   : Unity Log] Interact trigger destroying! name: KillTrigger (1)
[11:13:29.3407692] [Info   : Unity Log] Interact trigger destroying! name: KillTrigger (1)
[11:13:29.3427653] [Info   : Unity Log] Interact trigger destroying! name: KillTrigger (1)
[11:13:29.3427653] [Info   : Unity Log] Interact trigger destroying! name: KillTrigger (1)
[11:13:29.3437656] [Info   : Unity Log] Interact trigger destroying! name: KillTrigger (1)
[11:13:29.3437656] [Info   : Unity Log] Interact trigger destroying! name: KillTrigger (1)
[11:13:29.3447657] [Info   : Unity Log] Interact trigger destroying! name: KillTrigger (1)
[11:13:29.3867308] [Info   : Unity Log] DISABLING connection callbacks in round manager
[11:13:29.3995493] [Info   : Unity Log] Terminal disabled, disabling ESC key listener
[11:13:29.4070555] [Info   : Unity Log] Interact trigger destroying! name: Cube
[11:13:29.4070555] [Info   : Unity Log] Interact trigger destroying! name: Cube
[11:13:29.4070555] [Info   : Unity Log] Interact trigger destroying! name: Cube
[11:13:29.4070555] [Info   : Unity Log] Interact trigger destroying! name: Cube (1)
[11:13:29.4070555] [Info   : Unity Log] Interact trigger destroying! name: Cube (2)
[11:13:29.4070555] [Info   : Unity Log] Interact trigger destroying! name: Cube (3)
[11:13:29.4070555] [Info   : Unity Log] Interact trigger destroying! name: LadderTrigger
[11:13:29.4070555] [Info   : Unity Log] Interact trigger destroying! name: trigger
[11:13:29.4070555] [Info   : Unity Log] Interact trigger destroying! name: trigger
[11:13:29.4070555] [Info   : Unity Log] Interact trigger destroying! name: LadderTrigger
[11:13:29.4070555] [Info   : Unity Log] Interact trigger destroying! name: LadderTrigger
[11:13:29.4070555] [Info   : Unity Log] Interact trigger destroying! name: TerminalScript
[11:13:29.4070555] [Info   : Unity Log] Interact trigger destroying! name: StartGameLever
[11:13:29.4070555] [Info   : Unity Log] Interact trigger destroying! name: Trigger
[11:13:29.4080616] [Info   : Unity Log] Interact trigger destroying! name: Cube
[11:13:29.4090645] [Info   : Unity Log] Interact trigger destroying! name: Cube (2)
[11:13:29.4090645] [Info   : Unity Log] Interact trigger destroying! name: Cube (2)
[11:13:29.4090645] [Info   : Unity Log] Interact trigger destroying! name: Cube (2)
[11:13:29.4090645] [Info   : Unity Log] Interact trigger destroying! name: Cube (3)
[11:13:29.4090645] [Info   : Unity Log] Interact trigger destroying! name: LightSwitch
[11:13:29.4090645] [Info   : Unity Log] Interact trigger destroying! name: KillTrigger
[11:13:29.4090645] [Info   : Unity Log] Interact trigger destroying! name: MagnetLever
[11:13:29.4337505] [Warning:LethalPerformance] EntranceTeleport search called with inactive objects, probably will cause incompatibility!
[11:13:29.4475852] [Warning:LethalPerformance] EntranceTeleport search called with inactive objects, probably will cause incompatibility!
[11:13:29.4545850] [Info   :MoreCompany] LANMenu startLAN Patched
[11:13:29.7544118] [Debug  :LCUltrawide_Community] NOT setting PixelResolution to [0]
[11:13:31.3621725] [Info   : Unity Log] Returning week num: 147
[11:13:31.3621725] [Info   : Unity Log] week num: 147
[11:13:31.3686890] [Debug  :Buttery Fixes] Menu: Override volumes on camera CanvasCam
[11:13:31.3696888] [Message:LethalSponge] Calling initial Resources.UnloadUnusedAssets().
[11:13:31.3796993] [Debug  :PizzaTowerEscapeMusic GameEventListener] Sound Manager destroyed
[11:13:31.3887405] [Info   :PizzaTowerEscapeMusic MusicManager] All music clips unloaded
[11:13:31.3887405] [Debug  :PizzaTowerEscapeMusic GameEventListener] Ship returned to orbit
[11:13:31.3887405] [Debug  :PizzaTowerEscapeMusic GameEventListener] Player exited ship
[11:13:31.3917419] [Info   :LethalPerformance] Saved 1 save(s)
[11:13:33.1505195] [Debug  :ainavt.lc.lethalconfig] Injecting mod config menu into main menu...
[11:13:33.1635348] [Info   :TestAccountCore] TestAccountCore is running on version v81!
[11:13:39.2217821] [Debug  :LethalNetworkAPI] Disposing of UnnamedMessageHandler.
[11:13:39.2227854] [Warning: Unity Log] [SpectateEnemies]: Config saved
[11:13:39.2227854] [Debug  :More Ship Upgrades] [GameNetworkManagerPatcher] Resetting the Upgrade Bus due to disconnecting...
