[09:29:04.5541857] [Info   : Unity Log] Interact trigger destroying! name: Trigger
[09:29:04.6663941] [Info   : Unity Log] Resetting unlockables list!
[09:29:04.6703976] [Info   :BrutalCompanyMinusExtraReborn] Executing OnLocalDisconnect for all events()
[09:29:04.6726984] [Info   :HotbarPlus-1.8.5] Finished receiving OnUpdatePurchasedHotbarSlots update. New purchased hotbar slots: 0
[09:29:04.6726984] [Info   : Unity Log] Scene manager is null
[09:29:04.7075553] [Info   :LethalPerformance] Saved 1 save(s)
[09:29:04.7550551] [Info   : Unity Log] Terminal disabled, disabling ESC key listener
[09:29:04.7641330] [Info   : Unity Log] Interact trigger destroying! name: Cube
[09:29:04.7651326] [Info   : Unity Log] Interact trigger destroying! name: Cube
[09:29:04.7651326] [Info   : Unity Log] Interact trigger destroying! name: Cube
[09:29:04.7651326] [Info   : Unity Log] Interact trigger destroying! name: Cube (1)
[09:29:04.7651326] [Info   : Unity Log] Interact trigger destroying! name: Cube (2)
[09:29:04.7651326] [Info   : Unity Log] Interact trigger destroying! name: Cube (3)
[09:29:04.7651326] [Info   : Unity Log] Interact trigger destroying! name: LadderTrigger
[09:29:04.7651326] [Info   : Unity Log] Interact trigger destroying! name: trigger
[09:29:04.7651326] [Info   : Unity Log] Interact trigger destroying! name: trigger
[09:29:04.7651326] [Info   : Unity Log] Interact trigger destroying! name: LadderTrigger
[09:29:04.7651326] [Info   : Unity Log] Interact trigger destroying! name: LadderTrigger
[09:29:04.7651326] [Info   : Unity Log] Interact trigger destroying! name: TerminalScript
[09:29:04.7651326] [Info   : Unity Log] Interact trigger destroying! name: StartGameLever
[09:29:04.7651326] [Info   : Unity Log] Interact trigger destroying! name: Trigger
[09:29:04.7651326] [Info   : Unity Log] Interact trigger destroying! name: Cube
[09:29:04.7681341] [Info   : Unity Log] Interact trigger destroying! name: Cube (2)
[09:29:04.7681341] [Info   : Unity Log] Interact trigger destroying! name: Cube (2)
[09:29:04.7681341] [Info   : Unity Log] Interact trigger destroying! name: Cube (2)
[09:29:04.7681341] [Info   : Unity Log] Interact trigger destroying! name: Cube (3)
[09:29:04.7681341] [Info   : Unity Log] Interact trigger destroying! name: LightSwitch
[09:29:04.7681341] [Info   : Unity Log] Interact trigger destroying! name: KillTrigger
[09:29:04.7681341] [Info   : Unity Log] Interact trigger destroying! name: MagnetLever
[09:29:04.7701328] [Info   : Unity Log] Interact trigger destroying! name: StoryLogCollectable (3)
[09:29:04.7721626] [Info   : Unity Log] Interact trigger destroying! name: EntranceTeleportB
[09:29:04.7721626] [Info   : Unity Log] Interact trigger destroying! name: EntranceTeleportA
[09:29:04.7721626] [Info   : Unity Log] Interact trigger destroying! name: EntranceTeleportC
[09:29:04.7721626] [Info   : Unity Log] Interact trigger destroying! name: EntranceTeleportD
[09:29:04.7721626] [Info   : Unity Log] Interact trigger destroying! name: LadderTrigger (1)
[09:29:04.7721626] [Info   : Unity Log] Interact trigger destroying! name: LadderTrigger
[09:29:04.7721626] [Info   : Unity Log] Interact trigger destroying! name: LadderTrigger
[09:29:04.7731612] [Info   : Unity Log] Interact trigger destroying! name: KillTrigger
[09:29:04.7876695] [Info   : Unity Log] Interact trigger destroying! name: Trigger
[09:29:04.7876695] [Info   : Unity Log] Interact trigger destroying! name: KillTrigger
[09:29:04.7876695] [Info   : Unity Log] Interact trigger destroying! name: Cube
[09:29:04.7886708] [Info   : Unity Log] Interact trigger destroying! name: KillTrigger
[09:29:04.7886708] [Info   : Unity Log] Interact trigger destroying! name: KillTrigger
[09:29:04.7886708] [Info   : Unity Log] Interact trigger destroying! name: KillTrigger (1)
[09:29:04.7886708] [Info   : Unity Log] Interact trigger destroying! name: KillTrigger (1)
[09:29:04.7886708] [Info   : Unity Log] Interact trigger destroying! name: KillTrigger (2)
[09:29:04.7886708] [Info   : Unity Log] Interact trigger destroying! name: KillTrigger (3)
[09:29:04.7886708] [Info   : Unity Log] Interact trigger destroying! name: KillTrigger
[09:29:04.7886708] [Info   : Unity Log] Interact trigger destroying! name: KillTrigger
[09:29:04.7886708] [Info   : Unity Log] Interact trigger destroying! name: KillTrigger (2)
[09:29:04.7886708] [Info   : Unity Log] Interact trigger destroying! name: KillTrigger
[09:29:04.7886708] [Info   : Unity Log] Interact trigger destroying! name: KillTrigger (1)
[09:29:04.7886708] [Info   : Unity Log] Interact trigger destroying! name: KillTrigger
[09:29:04.7886708] [Info   : Unity Log] Interact trigger destroying! name: KillTrigger (1)
[09:29:04.7886708] [Info   : Unity Log] Interact trigger destroying! name: KillTrigger
[09:29:04.7886708] [Info   : Unity Log] Interact trigger destroying! name: KillTrigger (1)
[09:29:04.7901743] [Info   : Unity Log] Interact trigger destroying! name: KillTrigger (1)
[09:29:04.7901743] [Info   : Unity Log] Interact trigger destroying! name: KillTrigger (1)
[09:29:04.7901743] [Info   : Unity Log] Interact trigger destroying! name: KillTrigger (2)
[09:29:04.7901743] [Info   : Unity Log] Interact trigger destroying! name: KillTrigger (1)
[09:29:04.7901743] [Info   : Unity Log] Interact trigger destroying! name: KillTrigger
[09:29:04.7901743] [Info   : Unity Log] Interact trigger destroying! name: KillTrigger
[09:29:04.7901743] [Info   : Unity Log] Interact trigger destroying! name: KillTrigger
[09:29:04.7906867] [Info   : Unity Log] Interact trigger destroying! name: KillTrigger (2)
[09:29:04.7906867] [Info   : Unity Log] Interact trigger destroying! name: KillTrigger
[09:29:04.7906867] [Info   : Unity Log] Interact trigger destroying! name: KillTrigger (1)
[09:29:04.7906867] [Info   : Unity Log] Interact trigger destroying! name: KillTrigger
[09:29:04.7906867] [Info   : Unity Log] Interact trigger destroying! name: KillTrigger (1)
[09:29:04.7906867] [Info   : Unity Log] Interact trigger destroying! name: KillTrigger
[09:29:04.7906867] [Info   : Unity Log] Interact trigger destroying! name: KillTrigger (2)
[09:29:04.7906867] [Info   : Unity Log] Interact trigger destroying! name: KillTrigger (2)
[09:29:04.7916913] [Info   : Unity Log] Interact trigger destroying! name: KillTrigger (1)
[09:29:04.7916913] [Info   : Unity Log] Interact trigger destroying! name: KillTrigger (1)
[09:29:04.8172670] [Info   : Unity Log] Interact trigger destroying! name: LadderTrigger
[09:29:04.8172670] [Info   : Unity Log] DISABLING connection callbacks in round manager
[09:29:04.8655640] [Warning:LethalPerformance] EntranceTeleport search called with inactive objects, probably will cause incompatibility!
[09:29:04.8800728] [Warning:LethalPerformance] EntranceTeleport search called with inactive objects, probably will cause incompatibility!
[09:29:04.8881752] [Info   :MoreCompany] LANMenu startLAN Patched
[09:29:05.2081969] [Debug  :LCUltrawide_Community] NOT setting PixelResolution to [0]
[09:29:06.8853594] [Info   : Unity Log] Returning week num: 145
[09:29:06.8853594] [Info   : Unity Log] week num: 145
[09:29:06.8915466] [Debug  :Buttery Fixes] Menu: Override volumes on camera CanvasCam
[09:29:06.8915466] [Message:LethalSponge] Calling initial Resources.UnloadUnusedAssets().
[09:29:06.9020547] [Debug  :PizzaTowerEscapeMusic GameEventListener] Sound Manager destroyed
[09:29:06.9140732] [Info   :PizzaTowerEscapeMusic MusicManager] All music clips unloaded
[09:29:06.9140732] [Debug  :PizzaTowerEscapeMusic GameEventListener] Ship returned to orbit
[09:29:06.9170733] [Info   :LethalPerformance] Saved 1 save(s)
[09:29:08.4725026] [Debug  :ainavt.lc.lethalconfig] Injecting mod config menu into main menu...
[09:29:08.4860597] [Info   :TestAccountCore] TestAccountCore is running on version v81!
[09:29:09.9323127] [Debug  :LethalNetworkAPI] Disposing of UnnamedMessageHandler.
[09:29:09.9333132] [Warning: Unity Log] [SpectateEnemies]: Config saved
[09:29:09.9333132] [Debug  :More Ship Upgrades] [GameNetworkManagerPatcher] Resetting the Upgrade Bus due to disconnecting...
