[09:35:08.9097754] [Info   : Unity Log] Local client hit enemy NutSlayerEnemy(Clone) #0 with force of 2.
[09:35:09.2445185] [Info   : Unity Log] Local client hit enemy NutSlayerEnemy(Clone) #0 with force of 2.
[09:35:09.2445185] [Info   : Unity Log] Local client hit enemy NutSlayerEnemy(Clone) #0 with force of 2.
[09:35:09.6656052] [Warning: Unity Log] PlayOneShot was called with a null AudioClip.
[09:35:10.5207643] [Info   : Unity Log] Local client hit enemy NutSlayerEnemy(Clone) #0 with force of 2.
[09:35:10.5207643] [Info   : Unity Log] Local client hit enemy NutSlayerEnemy(Clone) #0 with force of 2.
[09:35:10.5207643] [Info   : Unity Log] Local client hit enemy NutSlayerEnemy(Clone) #0 with force of 2.
[09:35:10.8656207] [Info   : Unity Log] Local client hit enemy NutSlayerEnemy(Clone) #0 with force of 2.
[09:35:10.8656207] [Info   : Unity Log] Local client hit enemy NutSlayerEnemy(Clone) #0 with force of 2.
[09:35:10.8656207] [Info   : Unity Log] Local client hit enemy NutSlayerEnemy(Clone) #0 with force of 3.
[09:35:11.0776515] [Info   : Unity Log] Local client hit enemy NutSlayerEnemy(Clone) #0 with force of 2.
[09:35:11.0776515] [Info   : Unity Log] Local client hit enemy NutSlayerEnemy(Clone) #0 with force of 2.
[09:35:11.0776515] [Info   : Unity Log] Local client hit enemy NutSlayerEnemy(Clone) #0 with force of 2.
[09:35:11.2145664] [Info   : Unity Log] Local client hit enemy NutSlayerEnemy(Clone) #0 with force of 2.
[09:35:11.2145664] [Info   : Unity Log] Local client hit enemy NutSlayerEnemy(Clone) #0 with force of 2.
[09:35:11.2145664] [Info   : Unity Log] Local client hit enemy NutSlayerEnemy(Clone) #0 with force of 2.
[09:35:11.4300681] [Info   : Unity Log] Local client hit enemy NutSlayerEnemy(Clone) #0 with force of 2.
[09:35:11.4300681] [Info   : Unity Log] Local client hit enemy NutSlayerEnemy(Clone) #0 with force of 2.
[09:35:11.4300681] [Info   : Unity Log] Local client hit enemy NutSlayerEnemy(Clone) #0 with force of 3.
[09:35:11.7736696] [Info   : Unity Log] Local client hit enemy NutSlayerEnemy(Clone) #0 with force of 3.
[09:35:11.7736696] [Info   : Unity Log] Local client hit enemy NutSlayerEnemy(Clone) #0 with force of 3.
[09:35:11.7736696] [Info   : Unity Log] Local client hit enemy NutSlayerEnemy(Clone) #0 with force of 2.
[09:35:12.0535962] [Info   : Unity Log] Is jetpack audio playing?: True
[09:35:12.3245135] [Info   : LethalMin] Bulbmin_b3eSGQq: Setting growth stage to 1
[09:35:13.0399319] [Info   : Unity Log] Local client hit enemy NutSlayerEnemy(Clone) #0 with force of 3.
[09:35:13.0399319] [Info   : Unity Log] Local client hit enemy NutSlayerEnemy(Clone) #0 with force of 2.
[09:35:13.3886928] [Info   : Unity Log] Local client hit enemy NutSlayerEnemy(Clone) #0 with force of 2.
[09:35:13.3886928] [Info   : Unity Log] Local client hit enemy NutSlayerEnemy(Clone) #0 with force of 2.
[09:35:13.5678263] [Warning: Unity Log] PlayOneShot was called with a null AudioClip.
[09:35:13.7370579] [Info   : Unity Log] Local client hit enemy NutSlayerEnemy(Clone) #0 with force of 2.
[09:35:13.7370579] [Info   : Unity Log] Local client hit enemy NutSlayerEnemy(Clone) #0 with force of 2.
[09:35:14.0835125] [Info   : Unity Log] Local client hit enemy NutSlayerEnemy(Clone) #0 with force of 2.
[09:35:14.0835125] [Info   : Unity Log] Local client hit enemy NutSlayerEnemy(Clone) #0 with force of 2.
[09:35:14.4356050] [Info   : Unity Log] Local client hit enemy NutSlayerEnemy(Clone) #0 with force of 2.
[09:35:14.4366072] [Info   : Unity Log] Local client hit enemy NutSlayerEnemy(Clone) #0 with force of 2.
[09:35:14.7510416] [Debug  :   Coroner] Querying target player parameters pre-death...
[09:35:14.7510416] [Debug  :   Coroner] Query successful!True
[09:35:14.7921316] [Info   : Unity Log] Local client hit enemy NutSlayerEnemy(Clone) #0 with force of 2.
[09:35:14.9597614] [Debug  :   Coroner] Querying target player parameters pre-death...
[09:35:14.9597614] [Debug  :   Coroner] Query successful!True
[09:35:15.0747793] [Info   : Unity Log] Local client hit enemy NutSlayerEnemy(Clone) #0 with force of 2.
[09:35:15.0747793] [Info   : Unity Log] Local client hit enemy NutSlayerEnemy(Clone) #0 with force of 2.
[09:35:15.0747793] [Info   : Unity Log] Local client hit enemy NutSlayerEnemy(Clone) #0 with force of 2.
[09:35:15.3534666] [Debug  :   Coroner] Querying target player parameters pre-death...
[09:35:15.3534666] [Debug  :   Coroner] Query successful!True
[09:35:15.4191084] [Info   : Unity Log] Local client hit enemy NutSlayerEnemy(Clone) #0 with force of 2.
[09:35:15.4191084] [Info   : Unity Log] Local client hit enemy NutSlayerEnemy(Clone) #0 with force of 2.
[09:35:15.4865202] [Info   : Unity Log] Is jetpack audio playing?: True
[09:35:15.5059692] [Debug  :   Coroner] Querying target player parameters pre-death...
[09:35:15.5059692] [Debug  :   Coroner] Query successful!True
[09:35:15.7723482] [Info   : Unity Log] Local client hit enemy NutSlayerEnemy(Clone) #0 with force of 3.
[09:35:15.7723482] [Info   : Unity Log] Local client hit enemy NutSlayerEnemy(Clone) #0 with force of 2.
[09:35:16.0548697] [Info   : Unity Log] Local client hit enemy NutSlayerEnemy(Clone) #0 with force of 2.
[09:35:16.1055328] [Debug  :   Coroner] Querying target player parameters pre-death...
[09:35:16.1055328] [Debug  :   Coroner] Query successful!True
[09:35:16.2756146] [Debug  :   Coroner] Querying target player parameters pre-death...
[09:35:16.2756146] [Debug  :   Coroner] Query successful!True
[09:35:16.3923764] [Debug  :   Coroner] Querying target player parameters pre-death...
[09:35:16.3923764] [Debug  :   Coroner] Query successful!True
[09:35:16.4100413] [Info   : Unity Log] Local client hit enemy NutSlayerEnemy(Clone) #0 with force of 2.
[09:35:16.4836758] [Debug  :   Coroner] Querying target player parameters pre-death...
[09:35:16.4836758] [Debug  :   Coroner] Query successful!True
[09:35:16.5672785] [Debug  :   Coroner] Querying target player parameters pre-death...
[09:35:16.5672785] [Debug  :   Coroner] Query successful!True
[09:35:16.6093546] [Debug  :   Coroner] Querying target player parameters pre-death...
[09:35:16.6103543] [Debug  :   Coroner] Query successful!True
[09:35:16.6509248] [Debug  :   Coroner] Querying target player parameters pre-death...
[09:35:16.6509248] [Debug  :   Coroner] Query successful!True
[09:35:16.6968445] [Debug  :   Coroner] Querying target player parameters pre-death...
[09:35:16.6968445] [Debug  :   Coroner] Query successful!True
[09:35:16.7349178] [Debug  :   Coroner] Querying target player parameters pre-death...
[09:35:16.7349178] [Debug  :   Coroner] Query successful!True
[09:35:16.7501977] [Info   : Unity Log] Local client hit enemy NutSlayerEnemy(Clone) #0 with force of 2.
[09:35:16.7878649] [Debug  :   Coroner] Querying target player parameters pre-death...
[09:35:16.7878649] [Debug  :   Coroner] Query successful!True
[09:35:16.9511642] [Info   : Unity Log] Local client hit enemy NutSlayerEnemy(Clone) #0 with force of 3.
[09:35:16.9511642] [Info   : Unity Log] Local client hit enemy NutSlayerEnemy(Clone) #0 with force of 2.
[09:35:16.9685289] [Debug  :   Coroner] Querying target player parameters pre-death...
[09:35:16.9685289] [Debug  :   Coroner] Query successful!True
[09:35:17.2920733] [Info   : Unity Log] Local client hit enemy NutSlayerEnemy(Clone) #0 with force of 2.
[09:35:17.3585204] [Debug  :   Coroner] Querying target player parameters pre-death...
[09:35:17.3585204] [Debug  :   Coroner] Query successful!True
[09:35:17.4461583] [Warning: Unity Log] PlayOneShot was called with a null AudioClip.
[09:35:17.6502160] [Info   : Unity Log] Local client hit enemy NutSlayerEnemy(Clone) #0 with force of 2.
[09:35:17.6502160] [Info   : Unity Log] Local client hit enemy NutSlayerEnemy(Clone) #0 with force of 2.
[09:35:17.9501237] [Info   : Unity Log] Is jetpack audio playing?: True
[09:35:18.2675849] [Info   : Unity Log] Local client hit enemy NutSlayerEnemy(Clone) #0 with force of 2.
[09:35:18.6199346] [Info   : Unity Log] Local client hit enemy NutSlayerEnemy(Clone) #0 with force of 2.
[09:35:18.6199346] [Info   : Unity Log] Local client hit enemy NutSlayerEnemy(Clone) #0 with force of 2.
[09:35:18.9670026] [Info   : Unity Log] Local client hit enemy NutSlayerEnemy(Clone) #0 with force of 2.
[09:35:18.9670026] [Info   : Unity Log] Local client hit enemy NutSlayerEnemy(Clone) #0 with force of 2.
[09:35:19.1824259] [Info   : Unity Log] Local client hit enemy Bulbmin_Q9QJdFN #15 with force of 2.
[09:35:19.1824259] [Info   : LethalMin] Bulbmin_Q9QJdFN: Has Invincible mode when hit
[09:35:19.8222822] [Info   : Unity Log] Local client hit enemy NutSlayerEnemy(Clone) #0 with force of 2.
[09:35:19.8222822] [Info   : Unity Log] Local client hit enemy NutSlayerEnemy(Clone) #0 with force of 3.
[09:35:19.8222822] [Info   : Unity Log] Local client hit enemy NutSlayerEnemy(Clone) #0 with force of 2.
[09:35:19.8989063] [Info   : Unity Log] Is jetpack audio playing?: True
[09:35:20.1749137] [Info   : Unity Log] Local client hit enemy NutSlayerEnemy(Clone) #0 with force of 2.
[09:35:20.1749137] [Info   : Unity Log] Local client hit enemy NutSlayerEnemy(Clone) #0 with force of 3.
[09:35:20.1749137] [Info   : Unity Log] Local client hit enemy NutSlayerEnemy(Clone) #0 with force of 2.
[09:35:20.4022580] [Info   : Unity Log] Local client hit enemy NutSlayerEnemy(Clone) #0 with force of 2.
[09:35:20.4022580] [Info   : Unity Log] Local client hit enemy NutSlayerEnemy(Clone) #0 with force of 3.
[09:35:20.5177314] [Info   : Unity Log] Local client hit enemy NutSlayerEnemy(Clone) #0 with force of 2.
[09:35:20.5177314] [Info   : Unity Log] Local client hit enemy NutSlayerEnemy(Clone) #0 with force of 2.
[09:35:20.5177314] [Info   : Unity Log] Local client hit enemy NutSlayerEnemy(Clone) #0 with force of 2.
[09:35:20.6879188] [Info   : Unity Log] Is jetpack audio playing?: True
[09:35:20.7488664] [Info   : Unity Log] Local client hit enemy NutSlayerEnemy(Clone) #0 with force of 2.
[09:35:20.7488664] [Info   : Unity Log] Local client hit enemy NutSlayerEnemy(Clone) #0 with force of 2.
[09:35:21.1056055] [Info   : Unity Log] Local client hit enemy NutSlayerEnemy(Clone) #0 with force of 2.
[09:35:21.3211592] [Warning: Unity Log] PlayOneShot was called with a null AudioClip.
[09:35:21.6482074] [Debug  :   Coroner] Querying target player parameters pre-death...
[09:35:21.6482074] [Debug  :   Coroner] Query successful!True
[09:35:22.4401068] [Info   : Unity Log] Local client hit enemy NutSlayerEnemy(Clone) #0 with force of 2.
[09:35:22.7878373] [Info   : Unity Log] Local client hit enemy NutSlayerEnemy(Clone) #0 with force of 2.
[09:35:22.7878373] [Info   : Unity Log] Local client hit enemy NutSlayerEnemy(Clone) #0 with force of 2.
[09:35:22.8269044] [Info   : Unity Log] Local client hit enemy NutSlayerEnemy(Clone) #0 with force of 2.
[09:35:22.8269044] [Info   : Unity Log] Local client hit enemy NutSlayerEnemy(Clone) #0 with force of 2.
[09:35:23.1371889] [Info   : Unity Log] Local client hit enemy NutSlayerEnemy(Clone) #0 with force of 2.
[09:35:23.1371889] [Info   : Unity Log] Local client hit enemy NutSlayerEnemy(Clone) #0 with force of 2.
[09:35:23.1748442] [Info   : Unity Log] Local client hit enemy NutSlayerEnemy(Clone) #0 with force of 2.
[09:35:23.1748442] [Info   : Unity Log] Local client hit enemy NutSlayerEnemy(Clone) #0 with force of 2.
[09:35:23.5302508] [Info   : Unity Log] Local client hit enemy NutSlayerEnemy(Clone) #0 with force of 2.
[09:35:23.5302508] [Info   : Unity Log] Local client hit enemy NutSlayerEnemy(Clone) #0 with force of 2.
[09:35:25.2067187] [Warning: Unity Log] PlayOneShot was called with a null AudioClip.
[09:35:25.3224856] [Debug  : LethalMin] Sprout Setting growth stage to 1
[09:35:27.3557901] [Info   : Unity Log] Local client hit enemy NutSlayerEnemy(Clone) #0 with force of 2.
[09:35:27.3557901] [Info   : Unity Log] Local client hit enemy NutSlayerEnemy(Clone) #0 with force of 2.
[09:35:27.7060395] [Info   : Unity Log] Local client hit enemy NutSlayerEnemy(Clone) #0 with force of 2.
[09:35:27.7060395] [Info   : Unity Log] Local client hit enemy NutSlayerEnemy(Clone) #0 with force of 2.
[09:35:28.0594114] [Info   : Unity Log] Local client hit enemy NutSlayerEnemy(Clone) #0 with force of 2.
[09:35:28.0594114] [Info   : Unity Log] Local client hit enemy NutSlayerEnemy(Clone) #0 with force of 2.
[09:35:28.8613992] [Info   : Unity Log] Local client hit enemy NutSlayerEnemy(Clone) #0 with force of 2.
[09:35:28.8613992] [Info   : Unity Log] Local client hit enemy NutSlayerEnemy(Clone) #0 with force of 2.
[09:35:28.8613992] [Info   : Unity Log] Local client hit enemy NutSlayerEnemy(Clone) #0 with force of 2.
[09:35:28.8613992] [Info   : Unity Log] Local client hit enemy NutSlayerEnemy(Clone) #0 with force of 2.
[09:35:29.0993696] [Warning: Unity Log] PlayOneShot was called with a null AudioClip.
[09:35:29.1491470] [Info   : Unity Log] Local client hit enemy NutSlayerEnemy(Clone) #0 with force of 2.
[09:35:29.1491470] [Info   : Unity Log] Local client hit enemy NutSlayerEnemy(Clone) #0 with force of 2.
[09:35:29.1491470] [Info   : Unity Log] Local client hit enemy NutSlayerEnemy(Clone) #0 with force of 2.
[09:35:29.1491470] [Info   : Unity Log] Local client hit enemy NutSlayerEnemy(Clone) #0 with force of 2.
[09:35:29.2123411] [Info   : Unity Log] Local client hit enemy NutSlayerEnemy(Clone) #0 with force of 2.
[09:35:29.2123411] [Info   : Unity Log] Local client hit enemy NutSlayerEnemy(Clone) #0 with force of 2.
[09:35:29.2123411] [Info   : Unity Log] Local client hit enemy NutSlayerEnemy(Clone) #0 with force of 2.
[09:35:29.2123411] [Info   : Unity Log] Local client hit enemy NutSlayerEnemy(Clone) #0 with force of 2.
[09:35:29.4938129] [Info   : Unity Log] Local client hit enemy NutSlayerEnemy(Clone) #0 with force of 2.
[09:35:29.4938129] [Info   : Unity Log] Local client hit enemy NutSlayerEnemy(Clone) #0 with force of 2.
[09:35:29.4938129] [Info   : Unity Log] Local client hit enemy NutSlayerEnemy(Clone) #0 with force of 2.
[09:35:29.4938129] [Info   : Unity Log] Local client hit enemy NutSlayerEnemy(Clone) #0 with force of 2.
[09:35:29.5589261] [Info   : Unity Log] Local client hit enemy NutSlayerEnemy(Clone) #0 with force of 2.
[09:35:29.5589261] [Info   : Unity Log] Local client hit enemy NutSlayerEnemy(Clone) #0 with force of 2.
[09:35:29.5589261] [Info   : Unity Log] Local client hit enemy NutSlayerEnemy(Clone) #0 with force of 2.
[09:35:29.5589261] [Info   : Unity Log] Local client hit enemy NutSlayerEnemy(Clone) #0 with force of 2.
[09:35:29.8461516] [Info   : Unity Log] Local client hit enemy NutSlayerEnemy(Clone) #0 with force of 2.
[09:35:29.8461516] [Info   : Unity Log] Local client hit enemy NutSlayerEnemy(Clone) #0 with force of 2.
[09:35:29.8461516] [Info   : Unity Log] Local client hit enemy NutSlayerEnemy(Clone) #0 with force of 2.
[09:35:29.8461516] [Info   : Unity Log] Local client hit enemy NutSlayerEnemy(Clone) #0 with force of 2.
[09:35:30.8761022] [Info   : Unity Log] Local client hit enemy NutSlayerEnemy(Clone) #0 with force of 2.
[09:35:30.8761022] [Info   : Unity Log] Local client hit enemy NutSlayerEnemy(Clone) #0 with force of 2.
[09:35:31.2260839] [Info   : Unity Log] Local client hit enemy NutSlayerEnemy(Clone) #0 with force of 2.
[09:35:31.2260839] [Info   : Unity Log] Local client hit enemy NutSlayerEnemy(Clone) #0 with force of 2.
[09:35:31.5726406] [Info   : Unity Log] Local client hit enemy NutSlayerEnemy(Clone) #0 with force of 2.
[09:35:31.5726406] [Info   : Unity Log] Local client hit enemy NutSlayerEnemy(Clone) #0 with force of 2.
[09:35:32.5477650] [Info   : Unity Log] Local client hit enemy NutSlayerEnemy(Clone) #0 with force of 2.
[09:35:32.9040325] [Info   : Unity Log] Local client hit enemy NutSlayerEnemy(Clone) #0 with force of 2.
[09:35:32.9250714] [Info   : Unity Log] Local client hit enemy NutSlayerEnemy(Clone) #0 with force of 2.
[09:35:32.9250714] [Info   : Unity Log] Local client hit enemy NutSlayerEnemy(Clone) #0 with force of 2.
[09:35:32.9250714] [Info   : Unity Log] Local client hit enemy NutSlayerEnemy(Clone) #0 with force of 2.
[09:35:32.9250714] [Info   : Unity Log] Local client hit enemy NutSlayerEnemy(Clone) #0 with force of 2.
[09:35:32.9250714] [Info   : Unity Log] Local client hit enemy NutSlayerEnemy(Clone) #0 with force of 2.
[09:35:32.9250714] [Info   : Unity Log] Local client hit enemy NutSlayerEnemy(Clone) #0 with force of 2.
[09:35:32.9250714] [Info   : Unity Log] Local client hit enemy NutSlayerEnemy(Clone) #0 with force of 2.
[09:35:32.9250714] [Info   : Unity Log] Local client hit enemy NutSlayerEnemy(Clone) #0 with force of 2.
[09:35:33.0004835] [Warning: Unity Log] PlayOneShot was called with a null AudioClip.
[09:35:33.2452356] [Info   : Unity Log] Local client hit enemy NutSlayerEnemy(Clone) #0 with force of 2.
[09:35:33.2748032] [Info   : Unity Log] Local client hit enemy NutSlayerEnemy(Clone) #0 with force of 2.
[09:35:33.2748032] [Info   : Unity Log] Local client hit enemy NutSlayerEnemy(Clone) #0 with force of 3.
[09:35:33.2748032] [Info   : Unity Log] Local client hit enemy NutSlayerEnemy(Clone) #0 with force of 2.
[09:35:33.2748032] [Info   : Unity Log] Local client hit enemy NutSlayerEnemy(Clone) #0 with force of 2.
[09:35:33.2748032] [Info   : Unity Log] Local client hit enemy NutSlayerEnemy(Clone) #0 with force of 2.
[09:35:33.2748032] [Info   : Unity Log] Local client hit enemy NutSlayerEnemy(Clone) #0 with force of 2.
[09:35:33.2748032] [Info   : Unity Log] Local client hit enemy NutSlayerEnemy(Clone) #0 with force of 2.
[09:35:33.2748032] [Info   : Unity Log] Local client hit enemy NutSlayerEnemy(Clone) #0 with force of 2.
[09:35:33.6181519] [Info   : Unity Log] Local client hit enemy NutSlayerEnemy(Clone) #0 with force of 2.
[09:35:33.6181519] [Info   : Unity Log] Local client hit enemy NutSlayerEnemy(Clone) #0 with force of 2.
[09:35:33.6181519] [Info   : Unity Log] Local client hit enemy NutSlayerEnemy(Clone) #0 with force of 2.
[09:35:33.6181519] [Info   : Unity Log] Local client hit enemy NutSlayerEnemy(Clone) #0 with force of 2.
[09:35:33.6181519] [Info   : Unity Log] Local client hit enemy NutSlayerEnemy(Clone) #0 with force of 2.
[09:35:33.6181519] [Info   : Unity Log] Local client hit enemy NutSlayerEnemy(Clone) #0 with force of 2.
[09:35:33.6181519] [Info   : Unity Log] Local client hit enemy NutSlayerEnemy(Clone) #0 with force of 2.
[09:35:33.6181519] [Info   : Unity Log] Local client hit enemy NutSlayerEnemy(Clone) #0 with force of 2.
[09:35:33.6181519] [Info   : Unity Log] Local client hit enemy NutSlayerEnemy(Clone) #0 with force of 3.
[09:35:33.8813371] [Info   : Unity Log] Local client hit enemy NutSlayerEnemy(Clone) #0 with force of 2.
[09:35:33.8813371] [Info   : Unity Log] Local client hit enemy NutSlayerEnemy(Clone) #0 with force of 2.
[09:35:33.8813371] [Info   : Unity Log] Local client hit enemy NutSlayerEnemy(Clone) #0 with force of 2.
[09:35:33.9424801] [Info   :GeneralImprovements] Server disconnecting - dropping FlashlightItem(Clone)
[09:35:33.9449846] [Info   :GeneralImprovements] Server disconnecting - dropping Key(Clone)
[09:35:33.9449846] [Info   :GeneralImprovements] Server disconnecting - dropping JetpackItem(Clone)
[09:35:33.9449846] [Info   : Unity Log] Leaving current lobby
[09:35:33.9459858] [Info   : Unity Log] Disconnecting and setting networkobjects to destroy with owner
[09:35:33.9791064] [Info   :mrgrm7.LethalCasino] Player disconnected.
[09:35:33.9791064] [Info   :Dreamweave.CompanyBuildingEnhancements] Disconnected From Lobby: Config Sync Reverted.
[09:35:33.9791064] [Info   :Rolling Giant] [RandomlyMoveWhileLooking]: moveSpeed: 2, moveAcceleration: 1, moveDeceleration: 0.5, rotateToLookAtPlayer: True, delayBeforeLookingAtPlayer: 2, lookAtPlayerDuration: 3, waitTimeMin: 1, waitTimeMax: 3, randomMoveTimeMin: 1, randomMoveTimeMax: 3, lookTimeBeforeAgro: 0
[09:35:33.9791064] [Info   :Rolling Giant] Resetting all rolling giants!
[09:35:33.9791064] [Message:Rolling Giant] Reverting sync
[09:35:33.9826167] [Debug  :More Ship Upgrades] [GameNetworkManagerPatcher] Saving the LGU upgrades unto a json file...
[09:35:33.9826167] [Debug  :MrHat.BasedItemSaving] Saved 18 exact item poses
[09:35:33.9826167] [Info   : Unity Log] Shutting down and disconnecting from server. Is host?: True
[09:35:33.9861261] [Debug  :More Ship Upgrades] [GameNetworkManagerPatcher] Resetting the Upgrade Bus due to disconnecting...
[09:35:33.9871234] [Debug  :More Ship Upgrades] [UpgradeBus] Resetting MasaeAhmya's attributes
[09:35:34.0206932] [Info   :LethalPerformance] Saved 2 save(s)
[09:35:34.0282040] [Debug  :LethalNetworkAPI] Disposing of UnnamedMessageHandler.
[09:35:34.0592556] [Debug  : LethalMin] Bulbmin_3RLNU: Removed Leader
[09:35:34.0592556] [Debug  : LethalMin] Bulbmin_lj8vcpN: Removed Leader
[09:35:34.0592556] [Debug  : LethalMin] Bulbmin_T2vTk: Removed Leader
[09:35:34.0592556] [Debug  : LethalMin] Bulbmin_BLh1swN: Removed Leader
[09:35:34.0607595] [Debug  : LethalMin] Bulbmin_tdUZz: Removed Leader
[09:35:34.0607595] [Debug  : LethalMin] White Pikmin_awH772N: Removed Leader
[09:35:34.0607595] [Debug  : LethalMin] Purple Pikmin_IF4fF: Removed Leader
[09:35:34.0607595] [Debug  : LethalMin] White Pikmin_0XqDN9N: Removed Leader
[09:35:34.0607595] [Debug  : LethalMin] White Pikmin_iqdlV: Removed Leader
[09:35:34.0607595] [Debug  : LethalMin] Bulbmin_Q9QJdFN: Removed Leader
[09:35:34.0617654] [Debug  : LethalMin] Purple Pikmin_8RDs: Removed Leader
[09:35:34.0617654] [Debug  : LethalMin] Bulbmin_pk0QsM: Removed Leader
[09:35:34.0617654] [Debug  : LethalMin] Purple Pikmin_X3my: Removed Leader
[09:35:34.0617654] [Debug  : LethalMin] White Pikmin_FLZW8S: Removed Leader
[09:35:34.0617654] [Debug  : LethalMin] Purple Pikmin_xeM4: Removed Leader
[09:35:34.0617654] [Debug  : LethalMin] White Pikmin_fx9cNY: Removed Leader
[09:35:34.0627643] [Debug  : LethalMin] Purple Pikmin_MFvA: Removed Leader
[09:35:34.0652715] [Debug  : LethalMin] Purple Pikmin_4Yiidf: Removed Leader
[09:35:34.0652715] [Debug  : LethalMin] Purple Pikmin_mrVG: Removed Leader
[09:35:34.0662747] [Debug  : LethalMin] White Pikmin_U9Iotl: Removed Leader
[09:35:34.0662747] [Debug  : LethalMin] Bulbmin_CS4M: Removed Leader
[09:35:34.0662747] [Debug  : LethalMin] Purple Pikmin_tlru8: Removed Leader
[09:35:34.0662747] [Debug  : LethalMin] Bulbmin_b3eSGQq: Removed Leader
[09:35:34.0662747] [Debug  : LethalMin] Purple Pikmin_JMR0O: Removed Leader
[09:35:34.0672781] [Debug  : LethalMin] Bulbmin_1fEYWWq: Removed Leader
[09:35:34.0672781] [Debug  : LethalMin] Bulbmin_jx06e: Removed Leader
[09:35:34.0672781] [Debug  : LethalMin] White Pikmin_QGneldq: Removed Leader
[09:35:34.0672781] [Debug  : LethalMin] White Pikmin_8ZaCt: Removed Leader
[09:35:34.0672781] [Debug  : LethalMin] White Pikmin_qrNk1jq: Removed Leader
[09:35:34.0672781] [Debug  : LethalMin] Bulbmin_YA9I9: Removed Leader
[09:35:34.0682773] [Debug  : LethalMin] White Pikmin_GTwqHqp: Removed Leader
[09:35:34.0682773] [Debug  : LethalMin] White Pikmin_xljOP: Removed Leader
[09:35:34.0682773] [Debug  : LethalMin] Bulbmin_f4WwWw: Removed Leader
[09:35:34.0682773] [Debug  : LethalMin] Purple Pikmin_NNIU: Removed Leader
[09:35:34.0682773] [Debug  : LethalMin] White Pikmin_5f52m3: Removed Leader
[09:35:34.0888344] [Info   : LethalMin] ShipOnion: saved 53 pikmin to disk on despawn.
[09:35:34.1179020] [Info   :LobbyControl] 0 disconnected
[09:35:34.1179020] [Info   : Unity Log] Disconnect callback called
[09:35:34.1179020] [Info   : Unity Log] Is server: True; ishost: True; isConnectedClient: False
[09:35:34.1189024] [Info   : Unity Log] Disconnect callback called in gamenetworkmanager; disconnecting clientId: 0
[09:35:34.1189024] [Info   : Unity Log] Disconnect callback called for local client; ignoring.
[09:35:34.1316395] [Info   : Unity Log] Interact trigger destroying! name: trigger
[09:35:34.1341420] [Debug  :Starlancer AI Fix] Bulbmin_3RLNU from the interior enemy list has died; 
Previous interior power level is 0
[09:35:34.1341420] [Debug  :Starlancer AI Fix] Removing Bulbmin_3RLNU's power (0) from the RoundManager; 
Current interior power level is 0
[09:35:34.1371456] [Debug  :Starlancer AI Fix] Bulbmin_lj8vcpN from the interior enemy list has died; 
Previous interior power level is 0
[09:35:34.1371456] [Debug  :Starlancer AI Fix] Removing Bulbmin_lj8vcpN's power (0) from the RoundManager; 
Current interior power level is 0
[09:35:34.1381458] [Debug  :Starlancer AI Fix] Bulbmin_T2vTk from the interior enemy list has died; 
Previous interior power level is 0
[09:35:34.1381458] [Debug  :Starlancer AI Fix] Removing Bulbmin_T2vTk's power (0) from the RoundManager; 
Current interior power level is 0
[09:35:34.1381458] [Debug  :Starlancer AI Fix] Bulbmin_BLh1swN from the interior enemy list has died; 
Previous interior power level is 0
[09:35:34.1381458] [Debug  :Starlancer AI Fix] Removing Bulbmin_BLh1swN's power (0) from the RoundManager; 
Current interior power level is 0
[09:35:34.1381458] [Debug  :Starlancer AI Fix] Bulbmin_tdUZz from the interior enemy list has died; 
Previous interior power level is 0
[09:35:34.1381458] [Debug  :Starlancer AI Fix] Removing Bulbmin_tdUZz's power (0) from the RoundManager; 
Current interior power level is 0
[09:35:34.1381458] [Debug  :Starlancer AI Fix] White Pikmin_awH772N from the interior enemy list has died; 
Previous interior power level is 0
[09:35:34.1381458] [Debug  :Starlancer AI Fix] Removing White Pikmin_awH772N's power (0) from the RoundManager; 
Current interior power level is 0
[09:35:34.1391455] [Debug  :Starlancer AI Fix] Purple Pikmin_IF4fF from the interior enemy list has died; 
Previous interior power level is 0
[09:35:34.1391455] [Debug  :Starlancer AI Fix] Removing Purple Pikmin_IF4fF's power (0) from the RoundManager; 
Current interior power level is 0
[09:35:34.1391455] [Debug  :Starlancer AI Fix] White Pikmin_0XqDN9N from the interior enemy list has died; 
Previous interior power level is 0
[09:35:34.1391455] [Debug  :Starlancer AI Fix] Removing White Pikmin_0XqDN9N's power (0) from the RoundManager; 
Current interior power level is 0
[09:35:34.1391455] [Debug  :Starlancer AI Fix] White Pikmin_iqdlV from the interior enemy list has died; 
Previous interior power level is 0
[09:35:34.1391455] [Debug  :Starlancer AI Fix] Removing White Pikmin_iqdlV's power (0) from the RoundManager; 
Current interior power level is 0
[09:35:34.1391455] [Debug  :Starlancer AI Fix] Bulbmin_Q9QJdFN from the interior enemy list has died; 
Previous interior power level is 0
[09:35:34.1391455] [Debug  :Starlancer AI Fix] Removing Bulbmin_Q9QJdFN's power (0) from the RoundManager; 
Current interior power level is 0
[09:35:34.1391455] [Debug  :Starlancer AI Fix] Purple Pikmin_8RDs from the interior enemy list has died; 
Previous interior power level is 0
[09:35:34.1391455] [Debug  :Starlancer AI Fix] Removing Purple Pikmin_8RDs's power (0) from the RoundManager; 
Current interior power level is 0
[09:35:34.1391455] [Debug  :Starlancer AI Fix] Bulbmin_pk0QsM from the interior enemy list has died; 
Previous interior power level is 0
[09:35:34.1391455] [Debug  :Starlancer AI Fix] Removing Bulbmin_pk0QsM's power (0) from the RoundManager; 
Current interior power level is 0
[09:35:34.1406491] [Debug  :Starlancer AI Fix] Purple Pikmin_X3my from the interior enemy list has died; 
Previous interior power level is 0
[09:35:34.1406491] [Debug  :Starlancer AI Fix] Removing Purple Pikmin_X3my's power (0) from the RoundManager; 
Current interior power level is 0
[09:35:34.1406491] [Debug  :Starlancer AI Fix] White Pikmin_FLZW8S from the interior enemy list has died; 
Previous interior power level is 0
[09:35:34.1406491] [Debug  :Starlancer AI Fix] Removing White Pikmin_FLZW8S's power (0) from the RoundManager; 
Current interior power level is 0
[09:35:34.1406491] [Debug  :Starlancer AI Fix] Purple Pikmin_xeM4 from the interior enemy list has died; 
Previous interior power level is 0
[09:35:34.1406491] [Debug  :Starlancer AI Fix] Removing Purple Pikmin_xeM4's power (0) from the RoundManager; 
Current interior power level is 0
[09:35:34.1406491] [Debug  :Starlancer AI Fix] White Pikmin_fx9cNY from the interior enemy list has died; 
Previous interior power level is 0
[09:35:34.1406491] [Debug  :Starlancer AI Fix] Removing White Pikmin_fx9cNY's power (0) from the RoundManager; 
Current interior power level is 0
[09:35:34.1416531] [Debug  :Starlancer AI Fix] Purple Pikmin_MFvA from the interior enemy list has died; 
Previous interior power level is 0
[09:35:34.1416531] [Debug  :Starlancer AI Fix] Removing Purple Pikmin_MFvA's power (0) from the RoundManager; 
Current interior power level is 0
[09:35:34.1416531] [Debug  :Starlancer AI Fix] Purple Pikmin_4Yiidf from the interior enemy list has died; 
Previous interior power level is 0
[09:35:34.1416531] [Debug  :Starlancer AI Fix] Removing Purple Pikmin_4Yiidf's power (0) from the RoundManager; 
Current interior power level is 0
[09:35:34.1416531] [Debug  :Starlancer AI Fix] Purple Pikmin_mrVG from the interior enemy list has died; 
Previous interior power level is 0
[09:35:34.1416531] [Debug  :Starlancer AI Fix] Removing Purple Pikmin_mrVG's power (0) from the RoundManager; 
Current interior power level is 0
[09:35:34.1416531] [Debug  :Starlancer AI Fix] White Pikmin_U9Iotl from the interior enemy list has died; 
Previous interior power level is 0
[09:35:34.1416531] [Debug  :Starlancer AI Fix] Removing White Pikmin_U9Iotl's power (0) from the RoundManager; 
Current interior power level is 0
[09:35:34.1416531] [Debug  :Starlancer AI Fix] Bulbmin_CS4M from the interior enemy list has died; 
Previous interior power level is 0
[09:35:34.1416531] [Debug  :Starlancer AI Fix] Removing Bulbmin_CS4M's power (0) from the RoundManager; 
Current interior power level is 0
[09:35:34.1426527] [Debug  :Starlancer AI Fix] Purple Pikmin_tlru8 from the interior enemy list has died; 
Previous interior power level is 0
[09:35:34.1426527] [Debug  :Starlancer AI Fix] Removing Purple Pikmin_tlru8's power (0) from the RoundManager; 
Current interior power level is 0
[09:35:34.1426527] [Debug  :Starlancer AI Fix] Bulbmin_b3eSGQq from the interior enemy list has died; 
Previous interior power level is 0
[09:35:34.1426527] [Debug  :Starlancer AI Fix] Removing Bulbmin_b3eSGQq's power (0) from the RoundManager; 
Current interior power level is 0
[09:35:34.1426527] [Debug  :Starlancer AI Fix] Purple Pikmin_JMR0O from the interior enemy list has died; 
Previous interior power level is 0
[09:35:34.1426527] [Debug  :Starlancer AI Fix] Removing Purple Pikmin_JMR0O's power (0) from the RoundManager; 
Current interior power level is 0
[09:35:34.1426527] [Debug  :Starlancer AI Fix] Bulbmin_1fEYWWq from the interior enemy list has died; 
Previous interior power level is 0
[09:35:34.1426527] [Debug  :Starlancer AI Fix] Removing Bulbmin_1fEYWWq's power (0) from the RoundManager; 
Current interior power level is 0
[09:35:34.1441603] [Debug  :Starlancer AI Fix] Bulbmin_jx06e from the interior enemy list has died; 
Previous interior power level is 0
[09:35:34.1441603] [Debug  :Starlancer AI Fix] Removing Bulbmin_jx06e's power (0) from the RoundManager; 
Current interior power level is 0
[09:35:34.1441603] [Debug  :Starlancer AI Fix] White Pikmin_QGneldq from the interior enemy list has died; 
Previous interior power level is 0
[09:35:34.1441603] [Debug  :Starlancer AI Fix] Removing White Pikmin_QGneldq's power (0) from the RoundManager; 
Current interior power level is 0
[09:35:34.1441603] [Debug  :Starlancer AI Fix] White Pikmin_8ZaCt from the interior enemy list has died; 
Previous interior power level is 0
[09:35:34.1441603] [Debug  :Starlancer AI Fix] Removing White Pikmin_8ZaCt's power (0) from the RoundManager; 
Current interior power level is 0
[09:35:34.1441603] [Debug  :Starlancer AI Fix] White Pikmin_qrNk1jq from the interior enemy list has died; 
Previous interior power level is 0
[09:35:34.1441603] [Debug  :Starlancer AI Fix] Removing White Pikmin_qrNk1jq's power (0) from the RoundManager; 
Current interior power level is 0
[09:35:34.1451644] [Debug  :Starlancer AI Fix] Bulbmin_YA9I9 from the interior enemy list has died; 
Previous interior power level is 0
[09:35:34.1451644] [Debug  :Starlancer AI Fix] Removing Bulbmin_YA9I9's power (0) from the RoundManager; 
Current interior power level is 0
[09:35:34.1451644] [Debug  :Starlancer AI Fix] White Pikmin_GTwqHqp from the interior enemy list has died; 
Previous interior power level is 0
[09:35:34.1451644] [Debug  :Starlancer AI Fix] Removing White Pikmin_GTwqHqp's power (0) from the RoundManager; 
Current interior power level is 0
[09:35:34.1451644] [Debug  :Starlancer AI Fix] White Pikmin_xljOP from the interior enemy list has died; 
Previous interior power level is 0
[09:35:34.1451644] [Debug  :Starlancer AI Fix] Removing White Pikmin_xljOP's power (0) from the RoundManager; 
Current interior power level is 0
[09:35:34.1451644] [Debug  :Starlancer AI Fix] Bulbmin_f4WwWw from the interior enemy list has died; 
Previous interior power level is 0
[09:35:34.1451644] [Debug  :Starlancer AI Fix] Removing Bulbmin_f4WwWw's power (0) from the RoundManager; 
Current interior power level is 0
[09:35:34.1451644] [Debug  :Starlancer AI Fix] Purple Pikmin_NNIU from the interior enemy list has died; 
Previous interior power level is 0
[09:35:34.1451644] [Debug  :Starlancer AI Fix] Removing Purple Pikmin_NNIU's power (0) from the RoundManager; 
Current interior power level is 0
[09:35:34.1461671] [Debug  :Starlancer AI Fix] White Pikmin_5f52m3 from the interior enemy list has died; 
Previous interior power level is 0
[09:35:34.1461671] [Debug  :Starlancer AI Fix] Removing White Pikmin_5f52m3's power (0) from the RoundManager; 
Current interior power level is 0
[09:35:34.1461671] [Info   : Unity Log] Interact trigger destroying! name: InteractTrigger
[09:35:34.1461671] [Info   : Unity Log] Interact trigger destroying! name: InteractTrigger
[09:35:34.1461671] [Info   : Unity Log] Interact trigger destroying! name: InteractTrigger
[09:35:34.1461671] [Info   : Unity Log] Interact trigger destroying! name: InteractTrigger
[09:35:34.1461671] [Info   : Unity Log] Interact trigger destroying! name: InteractTrigger
[09:35:34.1461671] [Info   : Unity Log] Interact trigger destroying! name: InteractTrigger
[09:35:34.1461671] [Info   : Unity Log] Interact trigger destroying! name: InteractTrigger
[09:35:34.1471682] [Info   : Unity Log] Interact trigger destroying! name: InteractTrigger
[09:35:34.1471682] [Info   : Unity Log] Interact trigger destroying! name: InteractTrigger
[09:35:34.1471682] [Info   : Unity Log] Interact trigger destroying! name: InteractTrigger
[09:35:34.1471682] [Info   : Unity Log] Interact trigger destroying! name: InteractTrigger
[09:35:34.1471682] [Info   : Unity Log] Interact trigger destroying! name: InteractTrigger
[09:35:34.1471682] [Info   : Unity Log] Interact trigger destroying! name: InteractTrigger
[09:35:34.1471682] [Info   : Unity Log] Interact trigger destroying! name: InteractTrigger
[09:35:34.1471682] [Info   : Unity Log] Interact trigger destroying! name: InteractTrigger
[09:35:34.1471682] [Info   : Unity Log] Interact trigger destroying! name: InteractTrigger
[09:35:34.1471682] [Info   : Unity Log] Interact trigger destroying! name: InteractTrigger
[09:35:34.1471682] [Info   : Unity Log] Interact trigger destroying! name: InteractTrigger
[09:35:34.1471682] [Info   : Unity Log] Interact trigger destroying! name: InteractTrigger
[09:35:34.1481670] [Info   : Unity Log] Interact trigger destroying! name: InteractTrigger
[09:35:34.1481670] [Info   : Unity Log] Interact trigger destroying! name: InteractTrigger
[09:35:34.1481670] [Info   : Unity Log] Interact trigger destroying! name: InteractTrigger
[09:35:34.1481670] [Info   : Unity Log] Interact trigger destroying! name: InteractTrigger
[09:35:34.1481670] [Info   : Unity Log] Interact trigger destroying! name: InteractTrigger
[09:35:34.1481670] [Info   : Unity Log] Interact trigger destroying! name: InteractTrigger
[09:35:34.1481670] [Info   : Unity Log] Interact trigger destroying! name: InteractTrigger
[09:35:34.1481670] [Info   : Unity Log] Interact trigger destroying! name: InteractTrigger
[09:35:34.1481670] [Info   : Unity Log] Interact trigger destroying! name: InteractTrigger
[09:35:34.1481670] [Info   : Unity Log] Interact trigger destroying! name: InteractTrigger
[09:35:34.1481670] [Info   : Unity Log] Interact trigger destroying! name: InteractTrigger
[09:35:34.1481670] [Info   : Unity Log] Interact trigger destroying! name: InteractTrigger
[09:35:34.1491679] [Info   : Unity Log] Interact trigger destroying! name: InteractTrigger
[09:35:34.1491679] [Info   : Unity Log] Interact trigger destroying! name: InteractTrigger
[09:35:34.1491679] [Info   : Unity Log] Interact trigger destroying! name: InteractTrigger
[09:35:34.1491679] [Info   : Unity Log] Interact trigger destroying! name: InteractTrigger
[09:35:34.1491679] [Info   : Unity Log] Interact trigger destroying! name: InteractTrigger
[09:35:34.1491679] [Info   : Unity Log] Interact trigger destroying! name: InteractTrigger
[09:35:34.1491679] [Info   : Unity Log] Interact trigger destroying! name: InteractTrigger
[09:35:34.1491679] [Info   : Unity Log] Interact trigger destroying! name: InteractTrigger
[09:35:34.1491679] [Info   : Unity Log] Interact trigger destroying! name: InteractTrigger
[09:35:34.1491679] [Info   : Unity Log] Interact trigger destroying! name: InteractTrigger
[09:35:34.1491679] [Info   : Unity Log] Interact trigger destroying! name: InteractTrigger
[09:35:34.1491679] [Info   : Unity Log] Interact trigger destroying! name: InteractTrigger
[09:35:34.1491679] [Info   : Unity Log] Interact trigger destroying! name: InteractTrigger
[09:35:34.1491679] [Info   : Unity Log] Interact trigger destroying! name: InteractTrigger
[09:35:34.1506712] [Debug  :Starlancer AI Fix] NutSlayerEnemy(Clone) from the exterior enemy list has died; 
Previous exterior power level is 0
[09:35:34.1506712] [Debug  :Starlancer AI Fix] Removing NutSlayerEnemy(Clone)'s power (8) from the RoundManager; 
Current exterior power level is 0
[09:35:34.1506712] [Debug  :Starlancer AI Fix] NutSlayerEnemy(Clone) from the exterior enemy list has died; 
Previous exterior power level is 0
[09:35:34.1506712] [Debug  :Starlancer AI Fix] Removing NutSlayerEnemy(Clone)'s power (8) from the RoundManager; 
Current exterior power level is 0
[09:35:34.1516779] [Debug  :Starlancer AI Fix] NutSlayerEnemy(Clone) from the exterior enemy list has died; 
Previous exterior power level is 0
[09:35:34.1516779] [Debug  :Starlancer AI Fix] Removing NutSlayerEnemy(Clone)'s power (8) from the RoundManager; 
Current exterior power level is 0
[09:35:34.1516779] [Debug  :Starlancer AI Fix] NutSlayerEnemy(Clone) from the exterior enemy list has died; 
Previous exterior power level is 0
[09:35:34.1516779] [Debug  :Starlancer AI Fix] Removing NutSlayerEnemy(Clone)'s power (8) from the RoundManager; 
Current exterior power level is 0
[09:35:34.1516779] [Debug  :Starlancer AI Fix] NutSlayerEnemy(Clone) from the exterior enemy list has died; 
Previous exterior power level is 0
[09:35:34.1516779] [Debug  :Starlancer AI Fix] Removing NutSlayerEnemy(Clone)'s power (8) from the RoundManager; 
Current exterior power level is 0
[09:35:34.1516779] [Debug  :Starlancer AI Fix] NutSlayerEnemy(Clone) from the exterior enemy list has died; 
Previous exterior power level is 0
[09:35:34.1516779] [Debug  :Starlancer AI Fix] Removing NutSlayerEnemy(Clone)'s power (8) from the RoundManager; 
Current exterior power level is 0
[09:35:34.1526764] [Debug  :Starlancer AI Fix] NutSlayerEnemy(Clone) from the exterior enemy list has died; 
Previous exterior power level is 0
[09:35:34.1526764] [Debug  :Starlancer AI Fix] Removing NutSlayerEnemy(Clone)'s power (8) from the RoundManager; 
Current exterior power level is 0
[09:35:34.1526764] [Debug  :Starlancer AI Fix] NutSlayerEnemy(Clone) from the exterior enemy list has died; 
Previous exterior power level is 0
[09:35:34.1526764] [Debug  :Starlancer AI Fix] Removing NutSlayerEnemy(Clone)'s power (8) from the RoundManager; 
Current exterior power level is 0
[09:35:34.1526764] [Debug  :Starlancer AI Fix] NutSlayerEnemy(Clone) from the exterior enemy list has died; 
Previous exterior power level is 0
[09:35:34.1526764] [Debug  :Starlancer AI Fix] Removing NutSlayerEnemy(Clone)'s power (8) from the RoundManager; 
Current exterior power level is 0
[09:35:34.1526764] [Debug  :Starlancer AI Fix] NutSlayerEnemy(Clone) from the exterior enemy list has died; 
Previous exterior power level is 0
[09:35:34.1526764] [Debug  :Starlancer AI Fix] Removing NutSlayerEnemy(Clone)'s power (8) from the RoundManager; 
Current exterior power level is 0
[09:35:34.1526764] [Debug  :Starlancer AI Fix] DoublewingedBird(Clone) from the daytime enemy list has died; 
Previous daytime power level is 0
[09:35:34.1526764] [Debug  :Starlancer AI Fix] Removing DoublewingedBird(Clone)'s power (1) from the RoundManager; 
Current daytime power level is 0
[09:35:34.1541806] [Debug  :Starlancer AI Fix] DoublewingedBird(Clone) from the daytime enemy list has died; 
Previous daytime power level is 0
[09:35:34.1541806] [Debug  :Starlancer AI Fix] Removing DoublewingedBird(Clone)'s power (1) from the RoundManager; 
Current daytime power level is 0
[09:35:34.1561891] [Info   : Unity Log] Interact trigger destroying! name: CoinInteract
[09:35:34.1606921] [Info   : Unity Log] Interact trigger destroying! name: Cube
[09:35:34.1606921] [Info   : Unity Log] Interact trigger destroying! name: Cube
[09:35:34.1606921] [Info   : Unity Log] Interact trigger destroying! name: EntranceTeleportA(Clone)
[09:35:34.1616972] [Info   : Unity Log] Interact trigger destroying! name: BreakerSwitch1
[09:35:34.1616972] [Info   : Unity Log] Interact trigger destroying! name: BreakerSwitch2
[09:35:34.1616972] [Info   : Unity Log] Interact trigger destroying! name: BreakerSwitch3
[09:35:34.1616972] [Info   : Unity Log] Interact trigger destroying! name: BreakerSwitch4
[09:35:34.1616972] [Info   : Unity Log] Interact trigger destroying! name: BreakerSwitch5
[09:35:34.1616972] [Info   : Unity Log] Interact trigger destroying! name: PowerBoxDoor
[09:35:34.1616972] [Info   : Unity Log] Interact trigger destroying! name: Cube
[09:35:34.1616972] [Info   : Unity Log] Interact trigger destroying! name: Cube
[09:35:34.1616972] [Info   : Unity Log] Interact trigger destroying! name: SeatTrigger
[09:35:34.1616972] [Info   : Unity Log] Interact trigger destroying! name: SeatTrigger
[09:35:34.1616972] [Info   : Unity Log] Interact trigger destroying! name: SeatTrigger
[09:35:34.1616972] [Info   : Unity Log] Interact trigger destroying! name: SeatTrigger
[09:35:34.1616972] [Info   : Unity Log] Interact trigger destroying! name: SeatTrigger
[09:35:34.1616972] [Info   : Unity Log] Interact trigger destroying! name: SeatTrigger
[09:35:34.1616972] [Info   : Unity Log] Interact trigger destroying! name: SeatTrigger
[09:35:34.1616972] [Info   : Unity Log] Interact trigger destroying! name: SeatTrigger
[09:35:34.1616972] [Info   : Unity Log] Interact trigger destroying! name: SeatTrigger
[09:35:34.1616972] [Info   : Unity Log] Interact trigger destroying! name: SeatTrigger
[09:35:34.1616972] [Info   : Unity Log] Interact trigger destroying! name: SeatTrigger
[09:35:34.1616972] [Info   : Unity Log] Interact trigger destroying! name: SeatTrigger
[09:35:34.1616972] [Info   : Unity Log] Interact trigger destroying! name: PlaceableSurface
[09:35:34.1616972] [Info   : Unity Log] Interact trigger destroying! name: PlaceableSurface (1)
[09:35:34.1616972] [Info   : Unity Log] Interact trigger destroying! name: PlaceableSurface (2)
[09:35:34.1616972] [Info   : Unity Log] Interact trigger destroying! name: SeatTrigger
[09:35:34.1616972] [Info   : Unity Log] Interact trigger destroying! name: SeatTrigger
[09:35:34.1616972] [Info   : Unity Log] Interact trigger destroying! name: SeatTrigger
[09:35:34.1616972] [Info   : Unity Log] Interact trigger destroying! name: SeatTrigger
[09:35:34.1616972] [Info   : Unity Log] Interact trigger destroying! name: SeatTrigger
[09:35:34.1616972] [Info   : Unity Log] Interact trigger destroying! name: SeatTrigger
[09:35:34.1616972] [Info   : Unity Log] Interact trigger destroying! name: SeatTrigger
[09:35:34.1616972] [Info   : Unity Log] Interact trigger destroying! name: PlaceableSurface
[09:35:34.1616972] [Info   : Unity Log] Interact trigger destroying! name: PlaceableSurface (1)
[09:35:34.1616972] [Info   : Unity Log] Interact trigger destroying! name: PlaceableSurface (2)
[09:35:34.1616972] [Info   : Unity Log] Interact trigger destroying! name: EntranceTeleportB(Clone)
[09:35:34.1616972] [Info   : Unity Log] Interact trigger destroying! name: SeatTrigger
[09:35:34.1626979] [Info   : Unity Log] Interact trigger destroying! name: Cube
[09:35:34.1626979] [Info   : Unity Log] Interact trigger destroying! name: Cube
[09:35:34.1626979] [Info   : Unity Log] Interact trigger destroying! name: Cube
[09:35:34.1626979] [Info   : Unity Log] Interact trigger destroying! name: Cube
[09:35:34.1626979] [Info   : Unity Log] Interact trigger destroying! name: Cube
[09:35:34.1626979] [Info   : Unity Log] Interact trigger destroying! name: Cube
[09:35:34.1642004] [Info   : Unity Log] Interact trigger destroying! name: Cube
[09:35:34.1642004] [Info   : Unity Log] Interact trigger destroying! name: Cube
[09:35:34.1642004] [Info   : Unity Log] Interact trigger destroying! name: Cube
[09:35:34.1642004] [Info   : Unity Log] Interact trigger destroying! name: Cube
[09:35:34.1642004] [Info   : Unity Log] Interact trigger destroying! name: Cube
[09:35:34.1652051] [Info   : Unity Log] Interact trigger destroying! name: Cube
[09:35:34.1652051] [Info   : Unity Log] Interact trigger destroying! name: Cube
[09:35:34.1652051] [Info   : Unity Log] Interact trigger destroying! name: Cube
[09:35:34.1662057] [Info   : Unity Log] Interact trigger destroying! name: InteractTrigger
[09:35:34.1662057] [Info   : Unity Log] Interact trigger destroying! name: InteractTrigger
[09:35:34.1662057] [Info   : Unity Log] Interact trigger destroying! name: Mimic Metal Crate(Clone)
[09:35:34.1742233] [Info   : Unity Log] Interact trigger destroying! name: ChangableSuit(Clone)
[09:35:34.1742233] [Debug  :suitsTerminal] Destroying SuitAttribute! [Smile]
[09:35:34.1742233] [Info   : Unity Log] Interact trigger destroying! name: ChangableSuit(Clone)
[09:35:34.1742233] [Debug  :suitsTerminal] Destroying SuitAttribute! [Slayer]
[09:35:34.1742233] [Info   : Unity Log] Interact trigger destroying! name: ChangableSuit(Clone)
[09:35:34.1742233] [Debug  :suitsTerminal] Destroying SuitAttribute! [Skeleton]
[09:35:34.1742233] [Info   : Unity Log] Interact trigger destroying! name: ChangableSuit(Clone)
[09:35:34.1742233] [Debug  :suitsTerminal] Destroying SuitAttribute! [Minion]
[09:35:34.1742233] [Info   : Unity Log] Interact trigger destroying! name: ChangableSuit(Clone)
[09:35:34.1742233] [Debug  :suitsTerminal] Destroying SuitAttribute! [Mario]
[09:35:34.1742233] [Info   : Unity Log] Interact trigger destroying! name: ChangableSuit(Clone)
[09:35:34.1742233] [Debug  :suitsTerminal] Destroying SuitAttribute! [Luigi]
[09:35:34.1742233] [Info   : Unity Log] Interact trigger destroying! name: ChangableSuit(Clone)
[09:35:34.1742233] [Debug  :suitsTerminal] Destroying SuitAttribute! [Knuckles]
[09:35:34.1742233] [Info   : Unity Log] Interact trigger destroying! name: ChangableSuit(Clone)
[09:35:34.1742233] [Debug  :suitsTerminal] Destroying SuitAttribute! [Kirby]
[09:35:34.1742233] [Info   : Unity Log] Interact trigger destroying! name: ChangableSuit(Clone)
[09:35:34.1742233] [Debug  :suitsTerminal] Destroying SuitAttribute! [Glow]
[09:35:34.1742233] [Info   : Unity Log] Interact trigger destroying! name: ChangableSuit(Clone)
[09:35:34.1742233] [Debug  :suitsTerminal] Destroying SuitAttribute! [Zero Two]
[09:35:34.1742233] [Info   : Unity Log] Interact trigger destroying! name: ChangableSuit(Clone)
[09:35:34.1742233] [Debug  :suitsTerminal] Destroying SuitAttribute! [Zero Two [White Suit]]
[09:35:34.1742233] [Info   : Unity Log] Interact trigger destroying! name: ChangableSuit(Clone)
[09:35:34.1742233] [Debug  :suitsTerminal] Destroying SuitAttribute! [Zero Two [School]]
[09:35:34.1752295] [Info   : Unity Log] Interact trigger destroying! name: ChangableSuit(Clone)
[09:35:34.1752295] [Debug  :suitsTerminal] Destroying SuitAttribute! [Zero Two [Red Suit]]
[09:35:34.1752295] [Info   : Unity Log] Interact trigger destroying! name: ChangableSuit(Clone)
[09:35:34.1752295] [Debug  :suitsTerminal] Destroying SuitAttribute! [Yang Xiao Long]
[09:35:34.1752295] [Info   : Unity Log] Interact trigger destroying! name: ChangableSuit(Clone)
[09:35:34.1752295] [Debug  :suitsTerminal] Destroying SuitAttribute! [Yang Xiao Long [Timeskip]]
[09:35:34.1752295] [Info   : Unity Log] Interact trigger destroying! name: ChangableSuit(Clone)
[09:35:34.1752295] [Debug  :suitsTerminal] Destroying SuitAttribute! [Yae Sakura [Neon Shade]]
[09:35:34.1752295] [Info   : Unity Log] Interact trigger destroying! name: ChangableSuit(Clone)
[09:35:34.1752295] [Debug  :suitsTerminal] Destroying SuitAttribute! [Weiss Schnee]
[09:35:34.1752295] [Info   : Unity Log] Interact trigger destroying! name: ChangableSuit(Clone)
[09:35:34.1752295] [Debug  :suitsTerminal] Destroying SuitAttribute! [Weiss Schnee [Timeskip]]
[09:35:34.1752295] [Info   : Unity Log] Interact trigger destroying! name: ChangableSuit(Clone)
[09:35:34.1752295] [Debug  :suitsTerminal] Destroying SuitAttribute! [Weedy]
[09:35:34.1752295] [Info   : Unity Log] Interact trigger destroying! name: ChangableSuit(Clone)
[09:35:34.1752295] [Debug  :suitsTerminal] Destroying SuitAttribute! [Theresa [Lunar Vow]]
[09:35:34.1752295] [Info   : Unity Log] Interact trigger destroying! name: ChangableSuit(Clone)
[09:35:34.1752295] [Debug  :suitsTerminal] Destroying SuitAttribute! [Sparkle]
[09:35:34.1752295] [Info   : Unity Log] Interact trigger destroying! name: ChangableSuit(Clone)
[09:35:34.1752295] [Debug  :suitsTerminal] Destroying SuitAttribute! [Silence Suzuka]
[09:35:34.1752295] [Info   : Unity Log] Interact trigger destroying! name: ChangableSuit(Clone)
[09:35:34.1752295] [Debug  :suitsTerminal] Destroying SuitAttribute! [Silence Suzuka [School]]
[09:35:34.1752295] [Info   : Unity Log] Interact trigger destroying! name: ChangableSuit(Clone)
[09:35:34.1752295] [Debug  :suitsTerminal] Destroying SuitAttribute! [Ruby Rose]
[09:35:34.1752295] [Info   : Unity Log] Interact trigger destroying! name: ChangableSuit(Clone)
[09:35:34.1752295] [Debug  :suitsTerminal] Destroying SuitAttribute! [Ruby Rose [Timeskip]]
[09:35:34.1752295] [Info   : Unity Log] Interact trigger destroying! name: ChangableSuit(Clone)
[09:35:34.1752295] [Debug  :suitsTerminal] Destroying SuitAttribute! [Roland]
[09:35:34.1752295] [Info   : Unity Log] Interact trigger destroying! name: ChangableSuit(Clone)
[09:35:34.1752295] [Debug  :suitsTerminal] Destroying SuitAttribute! [Mostima]
[09:35:34.1752295] [Info   : Unity Log] Interact trigger destroying! name: ChangableSuit(Clone)
[09:35:34.1752295] [Debug  :suitsTerminal] Destroying SuitAttribute! [Mostima [Maid]]
[09:35:34.1752295] [Info   : Unity Log] Interact trigger destroying! name: ChangableSuit(Clone)
[09:35:34.1757347] [Debug  :suitsTerminal] Destroying SuitAttribute! [Mejiro McQueen]
[09:35:34.1757347] [Info   : Unity Log] Interact trigger destroying! name: ChangableSuit(Clone)
[09:35:34.1757347] [Debug  :suitsTerminal] Destroying SuitAttribute! [Mejiro McQueen [School]]
[09:35:34.1757347] [Info   : Unity Log] Interact trigger destroying! name: ChangableSuit(Clone)
[09:35:34.1757347] [Debug  :suitsTerminal] Destroying SuitAttribute! [Mayano Top Gun]
[09:35:34.1757347] [Info   : Unity Log] Interact trigger destroying! name: ChangableSuit(Clone)
[09:35:34.1757347] [Debug  :suitsTerminal] Destroying SuitAttribute! [Mayano Top Gun [School]]
[09:35:34.1757347] [Info   : Unity Log] Interact trigger destroying! name: ChangableSuit(Clone)
[09:35:34.1757347] [Debug  :suitsTerminal] Destroying SuitAttribute! [Kiana]
[09:35:34.1757347] [Info   : Unity Log] Interact trigger destroying! name: ChangableSuit(Clone)
[09:35:34.1757347] [Debug  :suitsTerminal] Destroying SuitAttribute! [Kiana [Finality]]
[09:35:34.1757347] [Info   : Unity Log] Interact trigger destroying! name: ChangableSuit(Clone)
[09:35:34.1757347] [Debug  :suitsTerminal] Destroying SuitAttribute! [Faust]
[09:35:34.1757347] [Info   : Unity Log] Interact trigger destroying! name: ChangableSuit(Clone)
[09:35:34.1757347] [Debug  :suitsTerminal] Destroying SuitAttribute! [Cheval Grand]
[09:35:34.1757347] [Info   : Unity Log] Interact trigger destroying! name: ChangableSuit(Clone)
[09:35:34.1757347] [Debug  :suitsTerminal] Destroying SuitAttribute! [Cheval Grand [School]]
[09:35:34.1757347] [Info   : Unity Log] Interact trigger destroying! name: ChangableSuit(Clone)
[09:35:34.1757347] [Debug  :suitsTerminal] Destroying SuitAttribute! [Blake Belladonna]
[09:35:34.1757347] [Info   : Unity Log] Interact trigger destroying! name: ChangableSuit(Clone)
[09:35:34.1757347] [Debug  :suitsTerminal] Destroying SuitAttribute! [Blake Belladonna [Timeskip]]
[09:35:34.1757347] [Info   : Unity Log] Interact trigger destroying! name: ChangableSuit(Clone)
[09:35:34.1757347] [Debug  :suitsTerminal] Destroying SuitAttribute! [Anby]
[09:35:34.1757347] [Info   : Unity Log] Interact trigger destroying! name: ChangableSuit(Clone)
[09:35:34.1757347] [Debug  :suitsTerminal] Destroying SuitAttribute! [Orange suit]
[09:35:34.1757347] [Info   : Unity Log] Interact trigger destroying! name: LeverContainer
[09:35:34.1757347] [Info   : Unity Log] Interact trigger destroying! name: InteractTrigger
[09:35:34.1757347] [Info   : Unity Log] Interact trigger destroying! name: Trigger
[09:35:34.1757347] [Info   : Unity Log] Interact trigger destroying! name: Trigger
[09:35:34.1827384] [Info   : Unity Log] DropAllHeldItems called on player 'MasaeAhmya'; itemsFall: True; disconnecting: False; ItemSlots length: 11; isHoldingObject: True
[09:35:34.1827384] [Info   : Unity Log] DropAllHeldItems; player pos: (22.42, 14.99, -88.68)
[09:35:34.1827384] [Info   : Unity Log] Item slot #0 null?: True
[09:35:34.1827384] [Info   : Unity Log] Item slot #1 null?: True
[09:35:34.1827384] [Info   : Unity Log] Item slot #2 null?: True
[09:35:34.1827384] [Info   : Unity Log] Item slot #3 null?: True
[09:35:34.1827384] [Info   : Unity Log] Item slot #4 null?: True
[09:35:34.1827384] [Info   : Unity Log] Item slot #5 null?: True
[09:35:34.1827384] [Info   : Unity Log] Item slot #6 null?: True
[09:35:34.1827384] [Info   : Unity Log] Item slot #7 null?: True
[09:35:34.1827384] [Info   : Unity Log] Item slot #8 null?: True
[09:35:34.1827384] [Info   : Unity Log] Item slot #9 null?: True
[09:35:34.1827384] [Info   : Unity Log] Item slot #10 null?: True
[09:35:34.1827384] [Warning: Unity Log] Parent of RectTransform is being set with parent property. Consider using the SetParent method instead, with the worldPositionStays argument set to false. This will retain local orientation and scale rather than world orientation and scale, which can prevent common UI scaling issues.
[09:35:34.1995580] [Info   : Unity Log] Resetting unlockables list!
[09:35:34.2025595] [Info   :BrutalCompanyMinusExtraReborn] Executing OnLocalDisconnect for all events()
[09:35:34.2040630] [Info   :HotbarPlus-1.8.5] Finished receiving OnUpdatePurchasedHotbarSlots update. New purchased hotbar slots: 0
[09:35:34.2040630] [Info   : Unity Log] Scene manager is null
[09:35:34.2090675] [Fatal  :AdditionalNetworking] Exception during networking of MasaeAhmya(113):
System.ArgumentException: NetworkObjectReference can only be created from spawned NetworkObjects.
  at Unity.Netcode.NetworkObjectReference..ctor (Unity.Netcode.NetworkObject networkObject) [0x0001d] in <97ae41d8913f4f12b6133336c5f4f494>:IL_001D 
  at Unity.Netcode.NetworkObjectReference.op_Implicit (Unity.Netcode.NetworkObject networkObject) [0x00000] in <97ae41d8913f4f12b6133336c5f4f494>:IL_0000 
  at AdditionalNetworking.Patches.Inventory.PlayerControllerBPatch.OnLateUpdate (GameNetcodeStuff.PlayerControllerB __instance) [0x00136] in ./Plugin/src/Patches/Inventory/PlayerControllerBPatch.cs:195 
[09:35:34.2120669] [Info   :LethalPerformance] Saved 1 save(s)
[09:35:34.2570255] [Info   : Unity Log] Interact trigger destroying! name: StoryLogCollectable (3)
[09:35:34.2570255] [Info   : Unity Log] Interact trigger destroying! name: LadderTrigger
[09:35:34.2640267] [Info   : Unity Log] Interact trigger destroying! name: Trigger
[09:35:34.2640267] [Info   : Unity Log] Interact trigger destroying! name: KillTrigger
[09:35:34.2771227] [Info   : Unity Log] Terminal disabled, disabling ESC key listener
[09:35:34.2831229] [Info   : Unity Log] Interact trigger destroying! name: Cube
[09:35:34.2831229] [Info   : Unity Log] Interact trigger destroying! name: Cube
[09:35:34.2831229] [Info   : Unity Log] Interact trigger destroying! name: Cube
[09:35:34.2831229] [Info   : Unity Log] Interact trigger destroying! name: Cube (1)
[09:35:34.2831229] [Info   : Unity Log] Interact trigger destroying! name: Cube (2)
[09:35:34.2831229] [Info   : Unity Log] Interact trigger destroying! name: Cube (3)
[09:35:34.2831229] [Info   : Unity Log] Interact trigger destroying! name: LadderTrigger
[09:35:34.2831229] [Info   : Unity Log] Interact trigger destroying! name: trigger
[09:35:34.2831229] [Info   : Unity Log] Interact trigger destroying! name: trigger
[09:35:34.2831229] [Info   : Unity Log] Interact trigger destroying! name: LadderTrigger
[09:35:34.2831229] [Info   : Unity Log] Interact trigger destroying! name: LadderTrigger
[09:35:34.2831229] [Info   : Unity Log] Interact trigger destroying! name: TerminalScript
[09:35:34.2831229] [Info   : Unity Log] Interact trigger destroying! name: StartGameLever
[09:35:34.2831229] [Info   : Unity Log] Interact trigger destroying! name: Trigger
[09:35:34.2831229] [Info   : Unity Log] Interact trigger destroying! name: Cube
[09:35:34.2851974] [Info   : Unity Log] Interact trigger destroying! name: Cube (2)
[09:35:34.2851974] [Info   : Unity Log] Interact trigger destroying! name: Cube (2)
[09:35:34.2851974] [Info   : Unity Log] Interact trigger destroying! name: Cube (2)
[09:35:34.2851974] [Info   : Unity Log] Interact trigger destroying! name: Cube (3)
[09:35:34.2851974] [Info   : Unity Log] Interact trigger destroying! name: LightSwitch
[09:35:34.2851974] [Info   : Unity Log] Interact trigger destroying! name: KillTrigger
[09:35:34.2851974] [Info   : Unity Log] Interact trigger destroying! name: MagnetLever
[09:35:34.2967058] [Info   : Unity Log] Interact trigger destroying! name: LadderTrigger
[09:35:34.2967058] [Info   : Unity Log] Interact trigger destroying! name: LadderTrigger
[09:35:34.2967058] [Info   : Unity Log] Interact trigger destroying! name: EntranceTeleportB
[09:35:34.2967058] [Info   : Unity Log] Interact trigger destroying! name: EntranceTeleportA
[09:35:34.3007866] [Info   : Unity Log] DISABLING connection callbacks in round manager
[09:35:34.3305054] [Warning:LethalPerformance] EntranceTeleport search called with inactive objects, probably will cause incompatibility!
[09:35:34.3430129] [Warning:LethalPerformance] EntranceTeleport search called with inactive objects, probably will cause incompatibility!
[09:35:34.3511072] [Info   :MoreCompany] LANMenu startLAN Patched
[09:35:34.6559990] [Debug  :LCUltrawide_Community] NOT setting PixelResolution to [0]
[09:35:36.2956168] [Info   : Unity Log] Returning week num: 147
[09:35:36.2956168] [Info   : Unity Log] week num: 147
[09:35:36.3016199] [Debug  :Buttery Fixes] Menu: Override volumes on camera CanvasCam
[09:35:36.3016199] [Message:LethalSponge] Calling initial Resources.UnloadUnusedAssets().
[09:35:36.3126305] [Debug  :PizzaTowerEscapeMusic GameEventListener] Sound Manager destroyed
[09:35:36.3216483] [Info   :PizzaTowerEscapeMusic MusicManager] All music clips unloaded
[09:35:36.3216483] [Debug  :PizzaTowerEscapeMusic GameEventListener] Ship returned to orbit
[09:35:36.3241539] [Info   :LethalPerformance] Saved 1 save(s)
[09:35:37.8209768] [Debug  :ainavt.lc.lethalconfig] Injecting mod config menu into main menu...
[09:35:37.8329614] [Info   :TestAccountCore] TestAccountCore is running on version v81!
[09:35:38.8564251] [Debug  :LethalNetworkAPI] Disposing of UnnamedMessageHandler.
[09:35:38.8584253] [Warning: Unity Log] [SpectateEnemies]: Config saved
[09:35:38.8584253] [Debug  :More Ship Upgrades] [GameNetworkManagerPatcher] Resetting the Upgrade Bus due to disconnecting...
