[15:45:51.2214821] [Info   : Unity Log] Hours: 60 ; Time: 0.05555556 | Enemy #21 'SlendermanEnemy' : probability: 0
[15:45:51.2214821] [Info   : Unity Log] enemy rush index is -1; current index 22
[15:45:51.2214821] [Info   : Unity Log] Hours: 60 ; Time: 0.05555556 | Enemy #22 'Cabinet' : probability: 5
[15:45:51.2214821] [Info   : Unity Log] enemy rush index is -1; current index 23
[15:45:51.2214821] [Info   : Unity Log] Hours: 60 ; Time: 0.05555556 | Enemy #23 'Football' : probability: 0
[15:45:51.2214821] [Info   : Unity Log] enemy rush index is -1; current index 24
[15:45:51.2214821] [Info   : Unity Log] Hours: 60 ; Time: 0.05555556 | Enemy #24 'Herobrine' : probability: 15
[15:45:51.2214821] [Info   : Unity Log] enemy rush index is -1; current index 25
[15:45:51.2214821] [Info   : Unity Log] Hours: 60 ; Time: 0.05555556 | Enemy #25 'Boomba' : probability: 20
[15:45:51.2214821] [Info   : Unity Log] enemy rush index is -1; current index 26
[15:45:51.2214821] [Info   : Unity Log] Hours: 60 ; Time: 0.05555556 | Enemy #26 'Rabbit Magician' : probability: 1
[15:45:51.2214821] [Info   : Unity Log] enemy rush index is -1; current index 27
[15:45:51.2214821] [Info   : Unity Log] Hours: 60 ; Time: 0.05555556 | Enemy #27 'Peace Keeper' : probability: 0
[15:45:51.2214821] [Info   : Unity Log] enemy rush index is -1; current index 28
[15:45:51.2224825] [Info   : Unity Log] Hours: 60 ; Time: 0.05555556 | Enemy #28 'Lord Of The Manor' : probability: 3
[15:45:51.2224825] [Info   : Unity Log] enemy rush index is -1; current index 29
[15:45:51.2224825] [Info   : Unity Log] Hours: 60 ; Time: 0.05555556 | Enemy #29 'Janitor' : probability: 13
[15:45:51.2224825] [Info   : Unity Log] enemy rush index is -1; current index 30
[15:45:51.2224825] [Info   : Unity Log] Hours: 60 ; Time: 0.05555556 | Enemy #30 'Nancy' : probability: 9
[15:45:51.2224825] [Info   : Unity Log] enemy rush index is -1; current index 31
[15:45:51.2224825] [Info   : Unity Log] Hours: 60 ; Time: 0.05555556 | Enemy #31 'Mistress' : probability: 0
[15:45:51.2224825] [Info   : Unity Log] enemy rush index is -1; current index 32
[15:45:51.2224825] [Info   : Unity Log] Hours: 60 ; Time: 0.05555556 | Enemy #32 'Duck' : probability: 0
[15:45:51.2224825] [Info   : Unity Log] enemy rush index is -1; current index 33
[15:45:51.2224825] [Info   : Unity Log] Hours: 60 ; Time: 0.05555556 | Enemy #33 'Transporter' : probability: 39
[15:45:51.2224825] [Info   : Unity Log] ADDING ENEMY #33: Transporter
[15:45:51.2224825] [Info   : Unity Log] Adding 1 to power level, enemy: Transporter
[15:45:51.2224825] [Info   : Unity Log] Adding 0 to diversity level for enemy 'Transporter'
[15:45:51.2224825] [Info   : Unity Log] enemy rush index is -1; current index 0
[15:45:51.2224825] [Info   : Unity Log] Hours: 60 ; Time: 0.05555556 | Enemy #0 'Crawler' : probability: 34
[15:45:51.2224825] [Info   : Unity Log] enemy rush index is -1; current index 1
[15:45:51.2224825] [Info   : Unity Log] Hours: 60 ; Time: 0.05555556 | Enemy #1 'Hoarding bug' : probability: 35
[15:45:51.2224825] [Info   : Unity Log] enemy rush index is -1; current index 2
[15:45:51.2224825] [Info   : Unity Log] Hours: 60 ; Time: 0.05555556 | Enemy #2 'Jester' : probability: 16
[15:45:51.2224825] [Info   : Unity Log] enemy rush index is -1; current index 3
[15:45:51.2224825] [Info   : Unity Log] Hours: 60 ; Time: 0.05555556 | Enemy #3 'Blob' : probability: 24
[15:45:51.2224825] [Info   : Unity Log] enemy rush index is -1; current index 4
[15:45:51.2224825] [Info   : Unity Log] Hours: 60 ; Time: 0.05555556 | Enemy #4 'Centipede' : probability: 30
[15:45:51.2224825] [Info   : Unity Log] enemy rush index is -1; current index 5
[15:45:51.2224825] [Info   : Unity Log] Hours: 60 ; Time: 0.05555556 | Enemy #5 'Girl' : probability: 19
[15:45:51.2224825] [Info   : Unity Log] enemy rush index is -1; current index 6
[15:45:51.2224825] [Info   : Unity Log] Hours: 60 ; Time: 0.05555556 | Enemy #6 'Masked' : probability: 28
[15:45:51.2224825] [Info   : Unity Log] enemy rush index is -1; current index 7
[15:45:51.2224825] [Info   : Unity Log] Hours: 60 ; Time: 0.05555556 | Enemy #7 'Nutcracker' : probability: 30
[15:45:51.2224825] [Info   : Unity Log] enemy rush index is -1; current index 8
[15:45:51.2224825] [Info   : Unity Log] Hours: 60 ; Time: 0.05555556 | Enemy #8 'Spring' : probability: 30
[15:45:51.2224825] [Info   : Unity Log] enemy rush index is -1; current index 9
[15:45:51.2224825] [Info   : Unity Log] Hours: 60 ; Time: 0.05555556 | Enemy #9 'Flowerman' : probability: 14
[15:45:51.2224825] [Info   : Unity Log] enemy rush index is -1; current index 10
[15:45:51.2224825] [Info   : Unity Log] Hours: 60 ; Time: 0.05555556 | Enemy #10 'Bunker Spider' : probability: 30
[15:45:51.2224825] [Info   : Unity Log] enemy rush index is -1; current index 11
[15:45:51.2224825] [Info   : Unity Log] Hours: 60 ; Time: 0.05555556 | Enemy #11 'Butler' : probability: 30
[15:45:51.2224825] [Info   : Unity Log] enemy rush index is -1; current index 12
[15:45:51.2224825] [Info   : Unity Log] Hours: 60 ; Time: 0.05555556 | Enemy #12 'Clay Surgeon' : probability: 17
[15:45:51.2224825] [Info   : Unity Log] enemy rush index is -1; current index 13
[15:45:51.2224825] [Info   : Unity Log] Hours: 60 ; Time: 0.05555556 | Enemy #13 'Maneater' : probability: 25
[15:45:51.2224825] [Info   : Unity Log] enemy rush index is -1; current index 14
[15:45:51.2224825] [Info   : Unity Log] Hours: 60 ; Time: 0.05555556 | Enemy #14 'Stingray' : probability: 30
[15:45:51.2224825] [Info   : Unity Log] enemy rush index is -1; current index 15
[15:45:51.2224825] [Info   : Unity Log] Hours: 60 ; Time: 0.05555556 | Enemy #15 'Locker' : probability: 9
[15:45:51.2224825] [Info   : Unity Log] enemy rush index is -1; current index 16
[15:45:51.2224825] [Info   : Unity Log] Hours: 60 ; Time: 0.05555556 | Enemy #16 'ImmortalSnail' : probability: 43
[15:45:51.2224825] [Info   : Unity Log] enemy rush index is -1; current index 17
[15:45:51.2224825] [Info   : Unity Log] Hours: 60 ; Time: 0.05555556 | Enemy #17 'HarpGhost' : probability: 24
[15:45:51.2224825] [Info   : Unity Log] enemy rush index is -1; current index 18
[15:45:51.2224825] [Info   : Unity Log] Hours: 60 ; Time: 0.05555556 | Enemy #18 'BagpipeGhost' : probability: 2
[15:45:51.2224825] [Info   : Unity Log] enemy rush index is -1; current index 19
[15:45:51.2224825] [Info   : Unity Log] Hours: 60 ; Time: 0.05555556 | Enemy #19 'EnforcerGhost' : probability: 0
[15:45:51.2224825] [Info   : Unity Log] enemy rush index is -1; current index 20
[15:45:51.2224825] [Info   : Unity Log] Hours: 60 ; Time: 0.05555556 | Enemy #20 'Shy guy' : probability: 3
[15:45:51.2224825] [Info   : Unity Log] enemy rush index is -1; current index 21
[15:45:51.2224825] [Info   : Unity Log] Hours: 60 ; Time: 0.05555556 | Enemy #21 'SlendermanEnemy' : probability: 0
[15:45:51.2224825] [Info   : Unity Log] enemy rush index is -1; current index 22
[15:45:51.2224825] [Info   : Unity Log] Hours: 60 ; Time: 0.05555556 | Enemy #22 'Cabinet' : probability: 5
[15:45:51.2224825] [Info   : Unity Log] enemy rush index is -1; current index 23
[15:45:51.2224825] [Info   : Unity Log] Hours: 60 ; Time: 0.05555556 | Enemy #23 'Football' : probability: 0
[15:45:51.2224825] [Info   : Unity Log] enemy rush index is -1; current index 24
[15:45:51.2224825] [Info   : Unity Log] Hours: 60 ; Time: 0.05555556 | Enemy #24 'Herobrine' : probability: 15
[15:45:51.2224825] [Info   : Unity Log] enemy rush index is -1; current index 25
[15:45:51.2224825] [Info   : Unity Log] Hours: 60 ; Time: 0.05555556 | Enemy #25 'Boomba' : probability: 20
[15:45:51.2224825] [Info   : Unity Log] enemy rush index is -1; current index 26
[15:45:51.2224825] [Info   : Unity Log] Hours: 60 ; Time: 0.05555556 | Enemy #26 'Rabbit Magician' : probability: 1
[15:45:51.2224825] [Info   : Unity Log] enemy rush index is -1; current index 27
[15:45:51.2224825] [Info   : Unity Log] Hours: 60 ; Time: 0.05555556 | Enemy #27 'Peace Keeper' : probability: 0
[15:45:51.2224825] [Info   : Unity Log] enemy rush index is -1; current index 28
[15:45:51.2224825] [Info   : Unity Log] Hours: 60 ; Time: 0.05555556 | Enemy #28 'Lord Of The Manor' : probability: 3
[15:45:51.2224825] [Info   : Unity Log] enemy rush index is -1; current index 29
[15:45:51.2224825] [Info   : Unity Log] Hours: 60 ; Time: 0.05555556 | Enemy #29 'Janitor' : probability: 13
[15:45:51.2224825] [Info   : Unity Log] enemy rush index is -1; current index 30
[15:45:51.2224825] [Info   : Unity Log] Hours: 60 ; Time: 0.05555556 | Enemy #30 'Nancy' : probability: 9
[15:45:51.2224825] [Info   : Unity Log] enemy rush index is -1; current index 31
[15:45:51.2224825] [Info   : Unity Log] Hours: 60 ; Time: 0.05555556 | Enemy #31 'Mistress' : probability: 0
[15:45:51.2224825] [Info   : Unity Log] enemy rush index is -1; current index 32
[15:45:51.2224825] [Info   : Unity Log] Hours: 60 ; Time: 0.05555556 | Enemy #32 'Duck' : probability: 0
[15:45:51.2224825] [Info   : Unity Log] enemy rush index is -1; current index 33
[15:45:51.2224825] [Info   : Unity Log] Hours: 60 ; Time: 0.05555556 | Enemy #33 'Transporter' : probability: 39
[15:45:51.2224825] [Info   : Unity Log] ADDING ENEMY #1: Hoarding bug
[15:45:51.2224825] [Info   : Unity Log] Adding 1 to power level, enemy: Hoarding bug
[15:45:51.2224825] [Info   : Unity Log] Adding 1 to diversity level for enemy 'Hoarding bug'
[15:45:51.2525304] [Debug  : LethalMin] Initializing PikminItem SnailCatRe(Clone) with item SnailCatRe(Clone) (True)
[15:45:51.2760783] [Info   : Unity Log] Found enemy vent which has its time up: VentEntrance(Clone). Spawning Hoarding bug from vent.
[15:45:51.2815886] [Info   : Unity Log] Spawned enemy from vent
[15:45:51.2961168] [Debug  :Starlancer AI Fix] The Enemy Whitelist contains: Blob, Butler, Centipede, Crawler, Flowerman, HoarderBug, Nutcracker, SandSpider, Stingray.
[15:45:51.2961168] [Debug  :Starlancer AI Fix] Adding IVisibleThreat component to HoarderBug(Clone).
[15:45:51.2976213] [Debug  :GeneralImprovements] Updated danger level display.
[15:45:51.3001373] [Info   :qwbarch.Mirage] HoarderBugAI(2818c067-8980-4f1b-945d-d3bfda27ca37) - Mimicking player #0
[15:45:51.3071516] [Info   : Unity Log] startofround: 29; 0
[15:45:51.6029346] [Info   : LethalMin] White Pikmin_aF6ogD: Found enemy: HoarderBug(Clone)
[15:45:51.6029346] [Info   : LethalMin] White Pikmin_aF6ogD: Setting current task to AttackEnemy
[15:45:53.1831464] [Info   :ReservedItemSlotCore-2.0.41] Focusing reserved hotbar slots. NewIndex: 7 OldIndex: 0 ReservedStartIndex: 4
[15:45:54.1895886] [Debug  :GeneralImprovements] Updated time display.
[15:45:55.0726840] [Info   : LethalMin] Bulbmin_LZlq4Ii: Found enemy: HoarderBug(Clone)
[15:45:55.0726840] [Info   : LethalMin] Bulbmin_LZlq4Ii: Setting current task to AttackEnemy
[15:45:55.1996782] [Debug  :PizzaTowerEscapeMusic GameEventListener] Player exited ship
[15:45:55.2106982] [Debug  :PizzaTowerEscapeMusic GameEventListener] Player entered ship
[15:45:55.2242733] [Debug  :PizzaTowerEscapeMusic GameEventListener] Player exited ship
[15:45:55.3922692] [Info   : LethalMin] White Pikmin_HRW2: Found enemy: HoarderBug(Clone)
[15:45:55.3922692] [Info   : LethalMin] White Pikmin_HRW2: Setting current task to AttackEnemy
[15:45:55.8695138] [Info   : Unity Log] Turning lights on at start
[15:45:57.2052340] [Debug  :GeneralImprovements] Updated time display.
[15:45:59.8718085] [Info   : LethalMin] Spawing Onion
[15:45:59.8813181] [Info   : LethalMin] Pos: (1.78, -1.88, -1.83), Angle: 40, IDs: 0, 4, 8, 5, 1, 7
[15:45:59.8858243] [Info   : LethalMin] Waiting for 1 onions to load... Total: 0
[15:45:59.8873280] [Debug  :ReXuvination] Optimised Collider layers in InteractTrigger for Object: trigger (UnityEngine.GameObject)
[15:46:00.2261481] [Debug  :GeneralImprovements] Updated time display.
[15:46:00.5332761] [Info   : Unity Log] clientRPC scrap values length: 77
[15:46:00.5342772] [Debug  :ScienceBirdTweaks] Resetting subtext...
[15:46:00.5347812] [Debug  :Buttery Fixes] Scrap tracker: Tracking "BigBolt(Clone)" worth $26
[15:46:00.5357859] [Debug  :Buttery Fixes] Scrap tracker: Tracking "OldPhone(Clone)" worth $58
[15:46:00.5357859] [Debug  :Buttery Fixes] Scrap tracker: Tracking "TragedyMask(Clone)" worth $30
[15:46:00.5357859] [Debug  :Buttery Fixes] Scrap tracker: Tracking "WrenchPrefab(Clone)" worth $28
[15:46:00.5357859] [Debug  :Buttery Fixes] Scrap tracker: Tracking "PickleJar(Clone)" worth $54
[15:46:00.5357859] [Debug  :Buttery Fixes] Scrap tracker: Tracking "BrokenenginePrefab(Clone)" worth $143
[15:46:00.5357859] [Debug  :Buttery Fixes] Scrap tracker: Tracking "PickleJar(Clone)" worth $41
[15:46:00.5357859] [Debug  :Buttery Fixes] Scrap tracker: Tracking "EyelessDog(Clone)" worth $74
[15:46:00.5357859] [Debug  :Buttery Fixes] Scrap tracker: Tracking "ToasterPrefab(Clone)" worth $86
[15:46:00.5357859] [Debug  :Buttery Fixes] Scrap tracker: Tracking "TheKing(Clone)" worth $46
[15:46:00.5357859] [Debug  :Buttery Fixes] Scrap tracker: Tracking "FancyRing(Clone)" worth $73
[15:46:00.5357859] [Debug  :Buttery Fixes] Scrap tracker: Tracking "ComedyMask(Clone)" worth $35
[15:46:00.5357859] [Debug  :Buttery Fixes] Scrap tracker: Tracking "Toothpaste(Clone)" worth $42
[15:46:00.5357859] [Debug  :Buttery Fixes] Scrap tracker: Tracking "Page4(Clone)" worth $72
[15:46:00.5357859] [Debug  :Buttery Fixes] Scrap tracker: Tracking "LanternPrefab(Clone)" worth $51
[15:46:00.5357859] [Debug  :Buttery Fixes] Scrap tracker: Tracking "MetalSheet(Clone)" worth $15
[15:46:00.5357859] [Debug  :Buttery Fixes] Scrap tracker: Tracking "FancyPaintingPrefab(Clone)" worth $166
[15:46:00.5357859] [Debug  :Buttery Fixes] Scrap tracker: Tracking "OldPhone(Clone)" worth $51
[15:46:00.5357859] [Debug  :Buttery Fixes] Scrap tracker: Tracking "Painting(Clone)" worth $96
[15:46:00.5357859] [Debug  :Buttery Fixes] Scrap tracker: Tracking "RobotToy(Clone)" worth $76
[15:46:00.5357859] [Debug  :Buttery Fixes] Scrap tracker: Tracking "ToyCube(Clone)" worth $36
[15:46:00.5357859] [Debug  :Buttery Fixes] Scrap tracker: Tracking "CoilHeadPlush(Clone)" worth $56
[15:46:00.5357859] [Debug  :Buttery Fixes] Scrap tracker: Tracking "PickleJar(Clone)" worth $35
[15:46:00.5357859] [Debug  :Buttery Fixes] Scrap tracker: Tracking "LibrarylampPrefab(Clone)" worth $137
[15:46:00.5357859] [Debug  :Buttery Fixes] Scrap tracker: Tracking "FirehydrantPrefab(Clone)" worth $100
[15:46:00.5357859] [Debug  :Buttery Fixes] Scrap tracker: Tracking "PlungerPrefab(Clone)" worth $50
[15:46:00.5357859] [Debug  :Buttery Fixes] Scrap tracker: Tracking "WrenchPrefab(Clone)" worth $30
[15:46:00.5357859] [Debug  :Buttery Fixes] Scrap tracker: Tracking "FancyGlass(Clone)" worth $54
[15:46:00.5357859] [Debug  :Buttery Fixes] Scrap tracker: Tracking "Magic7Ball(Clone)" worth $44
[15:46:00.5357859] [Debug  :Buttery Fixes] Scrap tracker: Tracking "Hairbrush(Clone)" worth $34
[15:46:00.5357859] [Debug  :Buttery Fixes] Scrap tracker: Tracking "Toothpaste(Clone)" worth $14
[15:46:00.5357859] [Debug  :Buttery Fixes] Scrap tracker: Tracking "Hairdryer(Clone)" worth $81
[15:46:00.5357859] [Debug  :Buttery Fixes] Scrap tracker: Tracking "LanternPrefab(Clone)" worth $53
[15:46:00.5357859] [Debug  :Buttery Fixes] Scrap tracker: Tracking "FancyRing(Clone)" worth $65
[15:46:00.5357859] [Debug  :Buttery Fixes] Scrap tracker: Tracking "OldPhone(Clone)" worth $52
[15:46:00.5357859] [Debug  :Buttery Fixes] Scrap tracker: Tracking "Controller(Clone)" worth $37
[15:46:00.5357859] [Debug  :Buttery Fixes] Scrap tracker: Tracking "MagnifyingGlass(Clone)" worth $55
[15:46:00.5357859] [Debug  :Buttery Fixes] Scrap tracker: Tracking "GameboyPrefab(Clone)" worth $32
[15:46:00.5357859] [Debug  :Buttery Fixes] Scrap tracker: Tracking "FancyGlass(Clone)" worth $77
[15:46:00.5357859] [Debug  :Buttery Fixes] Scrap tracker: Tracking "CanteenPrefab(Clone)" worth $13
[15:46:00.5357859] [Debug  :Buttery Fixes] Scrap tracker: Tracking "Stick(Clone)" worth $0
[15:46:00.5357859] [Debug  :Buttery Fixes] Scrap tracker: Tracking "ComedyMask(Clone)" worth $35
[15:46:00.5357859] [Debug  :Buttery Fixes] Scrap tracker: Tracking "DarkJobApplication(Clone)" worth $13
[15:46:00.5357859] [Debug  :Buttery Fixes] Scrap tracker: Tracking "ToyTrain(Clone)" worth $34
[15:46:00.5357859] [Debug  :Buttery Fixes] Scrap tracker: Tracking "CanteenPrefab(Clone)" worth $16
[15:46:00.5357859] [Debug  :Buttery Fixes] Scrap tracker: Tracking "Cog(Clone)" worth $50
[15:46:00.5357859] [Debug  :Buttery Fixes] Scrap tracker: Tracking "BeercanPrefab(Clone)" worth $38
[15:46:00.5357859] [Debug  :Buttery Fixes] Scrap tracker: Tracking "CoilHeadPlush(Clone)" worth $42
[15:46:00.5357859] [Debug  :Buttery Fixes] Scrap tracker: Tracking "HandBell(Clone)" worth $64
[15:46:00.5357859] [Debug  :Buttery Fixes] Scrap tracker: Tracking "OldPhone(Clone)" worth $53
[15:46:00.5357859] [Debug  :Buttery Fixes] Scrap tracker: Tracking "PillBottle(Clone)" worth $24
[15:46:00.5357859] [Debug  :Buttery Fixes] Scrap tracker: Tracking "FancyRing(Clone)" worth $53
[15:46:00.5357859] [Debug  :Buttery Fixes] Scrap tracker: Tracking "EyelessDog(Clone)" worth $90
[15:46:00.5357859] [Debug  :Buttery Fixes] Scrap tracker: Tracking "GameboyPrefab(Clone)" worth $36
[15:46:00.5357859] [Debug  :Buttery Fixes] Scrap tracker: Tracking "ComedyMask(Clone)" worth $47
[15:46:00.5357859] [Debug  :Buttery Fixes] Scrap tracker: Tracking "Hairbrush(Clone)" worth $21
[15:46:00.5357859] [Debug  :Buttery Fixes] Scrap tracker: Tracking "Bunkspidplush(Clone)" worth $49
[15:46:00.5357859] [Debug  :Buttery Fixes] Scrap tracker: Tracking "Mug(Clone)" worth $52
[15:46:00.5357859] [Debug  :Buttery Fixes] Scrap tracker: Tracking "FancyPaintingPrefab(Clone)" worth $196
[15:46:00.5357859] [Debug  :Buttery Fixes] Scrap tracker: Tracking "Lootbugplush(Clone)" worth $37
[15:46:00.5357859] [Debug  :Buttery Fixes] Scrap tracker: Tracking "Guitar(Clone)" worth $44
[15:46:00.5357859] [Debug  :Buttery Fixes] Scrap tracker: Tracking "FireextinguisherPrefab(Clone)" worth $71
[15:46:00.5357859] [Debug  :Buttery Fixes] Scrap tracker: Tracking "ClampPrefab(Clone)" worth $52
[15:46:00.5357859] [Debug  :Buttery Fixes] Scrap tracker: Tracking "TotemOfUndying(Clone)" worth $58
[15:46:00.5357859] [Debug  :Buttery Fixes] Scrap tracker: Tracking "Dentures(Clone)" worth $69
[15:46:00.5357859] [Debug  :Buttery Fixes] Scrap tracker: Tracking "HandBell(Clone)" worth $70
[15:46:00.5357859] [Debug  :Buttery Fixes] Scrap tracker: Tracking "Toothpaste(Clone)" worth $36
[15:46:00.5357859] [Debug  :Buttery Fixes] Scrap tracker: Tracking "TophatPrefab(Clone)" worth $47
[15:46:00.5357859] [Debug  :Buttery Fixes] Scrap tracker: Tracking "MagnifyingGlass(Clone)" worth $54
[15:46:00.5357859] [Debug  :Buttery Fixes] Scrap tracker: Tracking "HarryMason(Clone)" worth $90
[15:46:00.5357859] [Debug  :Buttery Fixes] Scrap tracker: Tracking "CoilHeadPlush(Clone)" worth $49
[15:46:00.5357859] [Debug  :Buttery Fixes] Scrap tracker: Tracking "WheelPrefab(Clone)" worth $58
[15:46:00.5357859] [Debug  :Buttery Fixes] Scrap tracker: Tracking "Gazpacho(Clone)" worth $70
[15:46:00.5357859] [Debug  :Buttery Fixes] Scrap tracker: Tracking "Flask(Clone)" worth $18
[15:46:00.5357859] [Debug  :Buttery Fixes] Scrap tracker: Tracking "GarbagePrefab(Clone)" worth $18
[15:46:00.5357859] [Debug  :Buttery Fixes] Scrap tracker: Tracking "SuitcasePrefab(Clone)" worth $125
[15:46:00.6040029] [Debug  :ScienceBirdTweaks] Found bridge 1!
[15:46:00.6617791] [Debug  :ScienceBirdTweaks] Found bridge 1!
[15:46:00.6627794] [Info   : Unity Log] clientRPC scrap values length: 7
[15:46:00.6627794] [Debug  :Buttery Fixes] Scrap tracker: Tracking "FlaregunAmmo(Clone)" worth $3
[15:46:00.6627794] [Debug  :Buttery Fixes] Scrap tracker: Tracking "LockPickerItem(Clone)" worth $11
[15:46:00.6627794] [Debug  :Buttery Fixes] Scrap tracker: Tracking "PluckAphone(Clone)" worth $112
[15:46:00.6627794] [Debug  :Buttery Fixes] Scrap tracker: Tracking "Whisle(Clone)" worth $4
[15:46:00.6627794] [Debug  :Buttery Fixes] Scrap tracker: Tracking "TZPChemical(Clone)" worth $57
[15:46:00.6627794] [Debug  :Buttery Fixes] Scrap tracker: Tracking "Whisle(Clone)" worth $4
[15:46:00.6627794] [Debug  :Buttery Fixes] Scrap tracker: Tracking "BeltBagItem(Clone)" worth $12
[15:46:00.7262663] [Debug  :ScienceBirdTweaks] Found bridge 1!
[15:46:00.7833598] [Debug  :ScienceBirdTweaks] Found bridge 1!
[15:46:00.7843601] [Info   : Unity Log] clientRPC scrap values length: 2
[15:46:00.7843601] [Debug  :Buttery Fixes] Scrap tracker: Tracking "WebbedBody(Clone)" worth $16
[15:46:00.7843601] [Debug  :Buttery Fixes] Scrap tracker: Tracking "HeadBurstBody(Clone)" worth $11
[15:46:00.8444136] [Debug  :ScienceBirdTweaks] Found bridge 1!
[15:46:00.9075261] [Debug  :ScienceBirdTweaks] Found bridge 1!
[15:46:01.0260932] [Info   : LethalMin] 1/1 onions loaded, loading data
[15:46:01.0285937] [Info   : LethalMin] Restored 44 pikmin to onion 2 in 1 batches
[15:46:01.0295980] [Info   : LethalMin] Restored 2 pikmin to onion -1 in 1 batches
[15:46:01.0295980] [Info   : LethalMin] Restored 1 pikmin to onion -1 in 1 batches
[15:46:01.0306007] [Info   : LethalMin] Restored 57 pikmin to onion -1 in 2 batches
[15:46:01.0306007] [Info   : LethalMin] Restored 5 pikmin to onion -1 in 1 batches
[15:46:01.0306007] [Info   : LethalMin] Restored 3 pikmin to onion -1 in 1 batches
[15:46:01.5915753] [Debug  :   Coroner] Querying target player parameters pre-death...
[15:46:01.5915753] [Debug  :   Coroner] Query successful!True
[15:46:01.6141102] [Debug  :   Coroner] Querying target player parameters pre-death...
[15:46:01.6141102] [Debug  :   Coroner] Query successful!True
[15:46:01.7026557] [Info   :GeneralImprovements] Applied 1 queued monitor changes.
[15:46:02.8261013] [Info   : Unity Log] Is jetpack audio playing?: True
[15:46:04.3380438] [Info   : Unity Log] Is jetpack audio playing?: True
[15:46:05.0158407] [Info   : Unity Log] Is jetpack audio playing?: True
[15:46:06.6880358] [Debug  :   Coroner] Querying target player parameters pre-death...
[15:46:06.6880358] [Debug  :   Coroner] Query successful!True
[15:46:09.6643540] [Info   : Unity Log] Called finishopeningentrance (False)
[15:46:09.6643540] [Info   : Unity Log] finishopeningentrance animator null
[15:46:09.6773753] [Info   :S1.42AK-BMAFDIAG1 Black Mesa Abandoned Foundry Diagnostic] [BMAFDIAG1] TRAVERSED id=0 sourceSide=outside targetSide=inside source=EntranceTeleportA target=EntranceTeleportA(Clone) sourcePos=(-65.03886,-0.4746194,-14.0963058) targetPos=(-16.3516712,-217.5914,75.1508255)
[15:46:09.6783740] [Info   :S1.42AK-BMAFDIAG1 Black Mesa Abandoned Foundry Diagnostic] [BMAFDIAG1] COVERAGE id0=outside>inside:1,inside>outside:0;id1=outside>inside:0,inside>outside:0;id2=outside>inside:0,inside>outside:0;id3=outside>inside:0,inside>outside:0
[15:46:09.6798790] [Info   :S1.42AK-BMAFDIAG1 Black Mesa Abandoned Foundry Diagnostic] [BMAFDIAG1] TOPOLOGY_OK ids=0,1,2,3 uniqueOppositePairs=4; id0=outside:1,inside:1;id1=outside:1,inside:1;id2=outside:1,inside:1;id3=outside:1,inside:1; active=id=0,side=inside,name=EntranceTeleportA(Clone),pos=(-16.3516712,-217.5914,75.1508255) | id=0,side=outside,name=EntranceTeleportA,pos=(-65.03886,-0.4746194,-14.0963058) | id=1,side=inside,name=EntranceTeleportB(Clone),pos=(73.64855,-217.5914,233.714325) | id=1,side=outside,name=EntranceTeleportD,pos=(-76.33585,-0.193619251,-82.28931) | id=2,side=inside,name=EntranceTeleportB(Clone),pos=(107.461052,-212.5914,229.90155) | id=2,side=outside,name=EntranceTeleportC,pos=(8.878143,15.04238,19.714695) | id=3,side=inside,name=EntranceTeleportB(Clone),pos=(188.648056,-207.5914,264.714569) | id=3,side=outside,name=EntranceTeleportB,pos=(0.138143539,-4.766619,55.9986954)
[15:46:09.6798790] [Debug  :PizzaTowerEscapeMusic GameEventListener] Player entered facility
[15:46:09.6798790] [Debug  : LethalMin] Setting pikmin to entrance: True
[15:46:09.6808836] [Debug  : LethalMin] Setting pikmin to entrance: True
[15:46:09.7453761] [Debug  :   Coroner] Querying target player parameters pre-death...
[15:46:09.7453761] [Debug  :   Coroner] Query successful!True
[15:46:09.8987800] [Warning: Unity Log] Can not play a disabled audio source
[15:46:11.1499272] [Info   :GeneralImprovements] Enabling ship scan node again and parenting it to the terminal.
[15:46:11.1574407] [Info   :LethalPerformance] Saved 1 save(s)
[15:46:11.1664554] [Debug  :PizzaTowerEscapeMusic GameEventListener] Ship has landed
[15:46:11.1664554] [Debug  :PizzaTowerEscapeMusic GameEventListener] Checking for docked Apparatus...
[15:46:11.1930025] [Debug  :PizzaTowerEscapeMusic GameEventListener] Found docked Apparatus
[15:46:11.1965088] [Info   :MrHat.BasedDecorPlacement] Build mode available after landing
[15:46:15.5743495] [Info   : Unity Log] Called finishopeningentrance (False)
[15:46:15.5743495] [Info   : Unity Log] 'EntranceTeleportA(Clone)' STOPPING entrancePointAudio
[15:46:15.5753543] [Info   :S1.42AK-BMAFDIAG1 Black Mesa Abandoned Foundry Diagnostic] [BMAFDIAG1] TRAVERSED id=0 sourceSide=inside targetSide=outside source=EntranceTeleportA(Clone) target=EntranceTeleportA sourcePos=(-16.3516712,-217.5914,75.1508255) targetPos=(-65.03886,-0.4746194,-14.0963058)
[15:46:15.5753543] [Info   :S1.42AK-BMAFDIAG1 Black Mesa Abandoned Foundry Diagnostic] [BMAFDIAG1] COVERAGE id0=outside>inside:1,inside>outside:1;id1=outside>inside:0,inside>outside:0;id2=outside>inside:0,inside>outside:0;id3=outside>inside:0,inside>outside:0
[15:46:15.5753543] [Debug  :PizzaTowerEscapeMusic GameEventListener] Player exited facility
[15:46:15.5753543] [Debug  : LethalMin] Setting pikmin to entrance: False
[15:46:15.5753543] [Debug  : LethalMin] Setting pikmin to entrance: False
[15:46:16.0119904] [Info   :ReservedItemSlotCore-2.0.41] Unfocusing reserved hotbar slots. NewIndex: 0 OldIndex: 4 ReservedStartIndex: 4
[15:46:16.6158581] [Info   :ReservedItemSlotCore-2.0.41] Focusing reserved hotbar slots. NewIndex: 4 OldIndex: 0 ReservedStartIndex: 4
[15:46:17.0585505] [Warning: Unity Log] Can not play a disabled audio source
[15:46:17.6860543] [Info   : Unity Log] Is jetpack audio playing?: True
[15:46:19.5065065] [Info   : Unity Log] Is jetpack audio playing?: True
[15:46:20.0891425] [Info   : Unity Log] Is jetpack audio playing?: True
[15:46:20.8282117] [Debug  :   Coroner] Querying target player parameters pre-death...
[15:46:20.8282117] [Debug  :   Coroner] Query successful!True
[15:46:21.3185326] [Info   : LethalMin] Bulbmin_RENq: Found enemy: HoarderBug(Clone)
[15:46:21.3185326] [Info   : LethalMin] Bulbmin_RENq: Setting current task to AttackEnemy
[15:46:21.5901546] [Info   : Unity Log] HoarderBug(Clone) : Setting target object and going towards it. [NCS:180-180912]
[15:46:21.9529491] [Info   : Unity Log] Is jetpack audio playing?: True
[15:46:22.7910763] [Info   : Unity Log] Is jetpack audio playing?: True
[15:46:24.2176481] [Info   : Unity Log] Is jetpack audio playing?: True
[15:46:25.0921557] [Info   : Unity Log] Is jetpack audio playing?: True
[15:46:26.6872919] [Info   : Unity Log] Is jetpack audio playing?: True
[15:46:26.7437667] [Info   : Unity Log] Found enemy vent which has its time up: VentEntrance(Clone). Spawning Transporter from vent.
[15:46:26.7557838] [Debug  :ReXuvination] Optimised Collider layers in PlayerPhysicsRegion for Object: PlayerPhysicsRegion (UnityEngine.GameObject)
[15:46:26.7567813] [Info   : Unity Log] Spawned enemy from vent
[15:46:26.8258296] [Warning:DawnLib.DuskMod] TransferRenderer: Material count mismatch (got 3, need 1). Resized with fallback materials.
[15:46:27.2419634] [Info   : Unity Log] Is jetpack audio playing?: True
[15:46:27.7457791] [Info   : Unity Log] Is jetpack audio playing?: True
[15:46:29.6732241] [Debug  :   Coroner] Querying target player parameters pre-death...
[15:46:29.6732241] [Debug  :   Coroner] Query successful!True
[15:46:30.5101183] [Info   :ReservedItemSlotCore-2.0.41] Unfocusing reserved hotbar slots. NewIndex: 0 OldIndex: 7 ReservedStartIndex: 4
[15:46:32.9567321] [Warning: Unity Log] Can not play a disabled audio source
[15:46:34.4362379] [Info   : Unity Log] Called finishopeningentrance (False)
[15:46:34.4362379] [Info   : Unity Log] Id is not 0
[15:46:34.4362379] [Warning: Unity Log] PlayOneShot was called with a null AudioClip.
[15:46:34.4362379] [Warning: Unity Log] PlayOneShot was called with a null AudioClip.
[15:46:34.4362379] [Info   :S1.42AK-BMAFDIAG1 Black Mesa Abandoned Foundry Diagnostic] [BMAFDIAG1] TRAVERSED id=1 sourceSide=outside targetSide=inside source=EntranceTeleportD target=EntranceTeleportB(Clone) sourcePos=(-76.33585,-0.193619251,-82.28931) targetPos=(73.64855,-217.5914,233.714325)
[15:46:34.4362379] [Info   :S1.42AK-BMAFDIAG1 Black Mesa Abandoned Foundry Diagnostic] [BMAFDIAG1] COVERAGE id0=outside>inside:1,inside>outside:1;id1=outside>inside:1,inside>outside:0;id2=outside>inside:0,inside>outside:0;id3=outside>inside:0,inside>outside:0
[15:46:34.4362379] [Debug  :PizzaTowerEscapeMusic GameEventListener] Player entered facility
[15:46:34.4362379] [Debug  : LethalMin] Setting pikmin to entrance: True
[15:46:34.4362379] [Debug  : LethalMin] Setting pikmin to entrance: True
[15:46:34.5003667] [Debug  :   Coroner] Querying target player parameters pre-death...
[15:46:34.5003667] [Debug  :   Coroner] Query successful!True
[15:46:35.7224282] [Warning: Unity Log] Can not play a disabled audio source
[15:46:36.4858790] [Info   : Unity Log] Called finishopeningentrance (False)
[15:46:36.4858790] [Info   : Unity Log] Id is not 0
[15:46:36.4858790] [Info   :S1.42AK-BMAFDIAG1 Black Mesa Abandoned Foundry Diagnostic] [BMAFDIAG1] TRAVERSED id=1 sourceSide=inside targetSide=outside source=EntranceTeleportB(Clone) target=EntranceTeleportD sourcePos=(73.64855,-217.5914,233.714325) targetPos=(-76.33585,-0.193619251,-82.28931)
[15:46:36.4858790] [Info   :S1.42AK-BMAFDIAG1 Black Mesa Abandoned Foundry Diagnostic] [BMAFDIAG1] COVERAGE id0=outside>inside:1,inside>outside:1;id1=outside>inside:1,inside>outside:1;id2=outside>inside:0,inside>outside:0;id3=outside>inside:0,inside>outside:0
[15:46:36.4858790] [Debug  :PizzaTowerEscapeMusic GameEventListener] Player exited facility
[15:46:36.4858790] [Debug  : LethalMin] Setting pikmin to entrance: False
[15:46:36.4858790] [Debug  : LethalMin] Setting pikmin to entrance: False
[15:46:36.5259711] [Debug  :   Coroner] Querying target player parameters pre-death...
[15:46:36.5259711] [Debug  :   Coroner] Query successful!True
[15:46:37.2230056] [Info   :ReservedItemSlotCore-2.0.41] Focusing reserved hotbar slots. NewIndex: 7 OldIndex: 0 ReservedStartIndex: 4
[15:46:39.0789116] [Debug  :   Coroner] Querying target player parameters pre-death...
[15:46:39.0789116] [Debug  :   Coroner] Query successful!True
[15:46:39.4322345] [Info   : Unity Log] Is jetpack audio playing?: True
[15:46:40.9202801] [Info   : Unity Log] Is jetpack audio playing?: True
[15:46:42.3750730] [Info   : Unity Log] Is jetpack audio playing?: True
[15:46:43.2105588] [Info   : Unity Log] Is jetpack audio playing?: True
[15:46:43.6165848] [Info   : Unity Log] Is jetpack audio playing?: True
[15:46:44.6564819] [Info   : Unity Log] Is jetpack audio playing?: True
[15:46:45.9880618] [Info   : Unity Log] Is jetpack audio playing?: True
[15:46:46.9842276] [Info   : Unity Log] Is jetpack audio playing?: True
[15:46:47.6525773] [Info   : Unity Log] Take damage a
[15:46:47.6635944] [Debug  :PizzaTowerEscapeMusic GameEventListener] Player took damage (Health: 15)
[15:46:47.7190721] [Debug  :   Coroner] Querying target player parameters pre-death...
[15:46:47.7190721] [Debug  :   Coroner] Query successful!True
[15:46:48.1289691] [Debug  :   Coroner] Querying target player parameters pre-death...
[15:46:48.1289691] [Debug  :   Coroner] Query successful!True
[15:46:50.2469609] [Debug  :   Coroner] Querying target player parameters pre-death...
[15:46:50.2469609] [Debug  :   Coroner] Query successful!True
[15:46:51.8259496] [Info   : Unity Log] Is jetpack audio playing?: True
[15:46:52.8551084] [Info   : Unity Log] Is jetpack audio playing?: True
[15:46:53.0963075] [Warning: Unity Log] Can not play a disabled audio source
[15:46:53.5415088] [Warning: Unity Log] Can not play a disabled audio source
[15:46:53.9940672] [Info   : Unity Log] Is jetpack audio playing?: True
[15:46:54.7803568] [Info   : Unity Log] Is jetpack audio playing?: True
[15:46:54.9317523] [Debug  : LethalMin] Sprout Setting growth stage to 1
[15:46:55.5518049] [Info   : Unity Log] Is jetpack audio playing?: True
[15:46:56.0953402] [Info   : Unity Log] Is jetpack audio playing?: True
[15:46:56.7047979] [Info   : Unity Log] Is jetpack audio playing?: True
[15:46:57.1916787] [Info   : Unity Log] Is jetpack audio playing?: True
[15:46:58.1158884] [Debug  :   Coroner] Querying target player parameters pre-death...
[15:46:58.1158884] [Debug  :   Coroner] Query successful!True
[15:46:58.5605653] [Info   :ReservedItemSlotCore-2.0.41] Unfocusing reserved hotbar slots. NewIndex: 0 OldIndex: 7 ReservedStartIndex: 4
[15:46:58.9204005] [Debug  : LethalMin] Sprout Setting growth stage to 1
[15:47:01.3909343] [Info   : Unity Log] Called finishopeningentrance (False)
[15:47:01.3919394] [Info   : Unity Log] Id is not 0
[15:47:01.3919394] [Warning: Unity Log] PlayOneShot was called with a null AudioClip.
[15:47:01.3919394] [Warning: Unity Log] PlayOneShot was called with a null AudioClip.
[15:47:01.3919394] [Info   :S1.42AK-BMAFDIAG1 Black Mesa Abandoned Foundry Diagnostic] [BMAFDIAG1] TRAVERSED id=3 sourceSide=outside targetSide=inside source=EntranceTeleportB target=EntranceTeleportB(Clone) sourcePos=(0.138143539,-4.766619,55.9986954) targetPos=(188.648056,-207.5914,264.714569)
[15:47:01.3919394] [Info   :S1.42AK-BMAFDIAG1 Black Mesa Abandoned Foundry Diagnostic] [BMAFDIAG1] COVERAGE id0=outside>inside:1,inside>outside:1;id1=outside>inside:1,inside>outside:1;id2=outside>inside:0,inside>outside:0;id3=outside>inside:1,inside>outside:0
[15:47:01.3919394] [Debug  :PizzaTowerEscapeMusic GameEventListener] Player entered facility
[15:47:01.3919394] [Debug  : LethalMin] Setting pikmin to entrance: True
[15:47:01.3919394] [Debug  : LethalMin] Setting pikmin to entrance: True
[15:47:01.4604975] [Debug  :   Coroner] Querying target player parameters pre-death...
[15:47:01.4604975] [Debug  :   Coroner] Query successful!True
[15:47:04.8509355] [Info   : Unity Log] Called finishopeningentrance (False)
[15:47:04.8509355] [Info   : Unity Log] Id is not 0
[15:47:04.8509355] [Info   :S1.42AK-BMAFDIAG1 Black Mesa Abandoned Foundry Diagnostic] [BMAFDIAG1] TRAVERSED id=3 sourceSide=inside targetSide=outside source=EntranceTeleportB(Clone) target=EntranceTeleportB sourcePos=(188.648056,-207.5914,264.714569) targetPos=(0.138143539,-4.766619,55.9986954)
[15:47:04.8509355] [Info   :S1.42AK-BMAFDIAG1 Black Mesa Abandoned Foundry Diagnostic] [BMAFDIAG1] COVERAGE id0=outside>inside:1,inside>outside:1;id1=outside>inside:1,inside>outside:1;id2=outside>inside:0,inside>outside:0;id3=outside>inside:1,inside>outside:1
[15:47:04.8509355] [Debug  :PizzaTowerEscapeMusic GameEventListener] Player exited facility
[15:47:04.8509355] [Debug  : LethalMin] Setting pikmin to entrance: False
[15:47:04.8509355] [Debug  : LethalMin] Setting pikmin to entrance: False
[15:47:04.8792903] [Debug  :   Coroner] Querying target player parameters pre-death...
[15:47:04.8792903] [Debug  :   Coroner] Query successful!True
[15:47:05.9240152] [Debug  : LethalMin] Sprout Setting growth stage to 1
[15:47:07.8655066] [Info   :ReservedItemSlotCore-2.0.41] Focusing reserved hotbar slots. NewIndex: 7 OldIndex: 0 ReservedStartIndex: 4
[15:47:08.2410280] [Info   : Unity Log] Is jetpack audio playing?: True
[15:47:08.9642303] [Info   : Unity Log] Is jetpack audio playing?: True
[15:47:09.6730614] [Warning: Unity Log] Can not play a disabled audio source
[15:47:09.9316231] [Info   : LethalMin] White Pikmin_3rXOC: Setting growth stage to 1
[15:47:10.7563716] [Info   : Unity Log] Is jetpack audio playing?: True
[15:47:11.1193585] [Warning: Unity Log] Can not play a disabled audio source
[15:47:11.5275893] [Info   : Unity Log] Is jetpack audio playing?: True
[15:47:12.5836643] [Info   : Unity Log] Is jetpack audio playing?: True
[15:47:13.5039560] [Info   : Unity Log] Is jetpack audio playing?: True
[15:47:14.0939834] [Info   : Unity Log] Is jetpack audio playing?: True
[15:47:14.9217329] [Info   : LethalMin] White Pikmin_SLkAI: Setting growth stage to 1
[15:47:15.6996321] [Info   : Unity Log] Is jetpack audio playing?: True
[15:47:16.2390573] [Info   : Unity Log] Is jetpack audio playing?: True
[15:47:16.8645826] [Info   : Unity Log] Is jetpack audio playing?: True
[15:47:17.0653978] [Info   : Unity Log] enemy rush index is -1; current index 0
[15:47:17.0653978] [Info   : Unity Log] Hours: 180 ; Time: 0.1666667 | Enemy #0 'Crawler' : probability: 34
[15:47:17.0653978] [Info   : Unity Log] enemy rush index is -1; current index 1
[15:47:17.0653978] [Info   : Unity Log] Hours: 180 ; Time: 0.1666667 | Enemy #1 'Hoarding bug' : probability: 35
[15:47:17.0653978] [Info   : Unity Log] enemy rush index is -1; current index 2
[15:47:17.0653978] [Info   : Unity Log] Hours: 180 ; Time: 0.1666667 | Enemy #2 'Jester' : probability: 17
[15:47:17.0653978] [Info   : Unity Log] enemy rush index is -1; current index 3
[15:47:17.0653978] [Info   : Unity Log] Hours: 180 ; Time: 0.1666667 | Enemy #3 'Blob' : probability: 24
[15:47:17.0653978] [Info   : Unity Log] enemy rush index is -1; current index 4
[15:47:17.0653978] [Info   : Unity Log] Hours: 180 ; Time: 0.1666667 | Enemy #4 'Centipede' : probability: 30
[15:47:17.0653978] [Info   : Unity Log] enemy rush index is -1; current index 5
[15:47:17.0653978] [Info   : Unity Log] Hours: 180 ; Time: 0.1666667 | Enemy #5 'Girl' : probability: 19
[15:47:17.0653978] [Info   : Unity Log] enemy rush index is -1; current index 6
[15:47:17.0653978] [Info   : Unity Log] Hours: 180 ; Time: 0.1666667 | Enemy #6 'Masked' : probability: 29
[15:47:17.0653978] [Info   : Unity Log] enemy rush index is -1; current index 7
[15:47:17.0653978] [Info   : Unity Log] Hours: 180 ; Time: 0.1666667 | Enemy #7 'Nutcracker' : probability: 30
[15:47:17.0653978] [Info   : Unity Log] enemy rush index is -1; current index 8
[15:47:17.0653978] [Info   : Unity Log] Hours: 180 ; Time: 0.1666667 | Enemy #8 'Spring' : probability: 30
[15:47:17.0653978] [Info   : Unity Log] enemy rush index is -1; current index 9
[15:47:17.0653978] [Info   : Unity Log] Hours: 180 ; Time: 0.1666667 | Enemy #9 'Flowerman' : probability: 15
[15:47:17.0653978] [Info   : Unity Log] enemy rush index is -1; current index 10
[15:47:17.0653978] [Info   : Unity Log] Hours: 180 ; Time: 0.1666667 | Enemy #10 'Bunker Spider' : probability: 30
[15:47:17.0653978] [Info   : Unity Log] enemy rush index is -1; current index 11
[15:47:17.0653978] [Info   : Unity Log] Hours: 180 ; Time: 0.1666667 | Enemy #11 'Butler' : probability: 30
[15:47:17.0658993] [Info   : Unity Log] enemy rush index is -1; current index 12
[15:47:17.0658993] [Info   : Unity Log] Hours: 180 ; Time: 0.1666667 | Enemy #12 'Clay Surgeon' : probability: 13
[15:47:17.0658993] [Info   : Unity Log] enemy rush index is -1; current index 13
[15:47:17.0658993] [Info   : Unity Log] Hours: 180 ; Time: 0.1666667 | Enemy #13 'Maneater' : probability: 25
[15:47:17.0658993] [Info   : Unity Log] enemy rush index is -1; current index 14
[15:47:17.0658993] [Info   : Unity Log] Hours: 180 ; Time: 0.1666667 | Enemy #14 'Stingray' : probability: 30
[15:47:17.0658993] [Info   : Unity Log] enemy rush index is -1; current index 15
[15:47:17.0658993] [Info   : Unity Log] Hours: 180 ; Time: 0.1666667 | Enemy #15 'Locker' : probability: 8
[15:47:17.0658993] [Info   : Unity Log] enemy rush index is -1; current index 16
[15:47:17.0658993] [Info   : Unity Log] Hours: 180 ; Time: 0.1666667 | Enemy #16 'ImmortalSnail' : probability: 46
[15:47:17.0658993] [Info   : Unity Log] enemy rush index is -1; current index 17
[15:47:17.0658993] [Info   : Unity Log] Hours: 180 ; Time: 0.1666667 | Enemy #17 'HarpGhost' : probability: 24
[15:47:17.0658993] [Info   : Unity Log] enemy rush index is -1; current index 18
[15:47:17.0658993] [Info   : Unity Log] Hours: 180 ; Time: 0.1666667 | Enemy #18 'BagpipeGhost' : probability: 2
[15:47:17.0658993] [Info   : Unity Log] enemy rush index is -1; current index 19
[15:47:17.0658993] [Info   : Unity Log] Hours: 180 ; Time: 0.1666667 | Enemy #19 'EnforcerGhost' : probability: 0
[15:47:17.0658993] [Info   : Unity Log] enemy rush index is -1; current index 20
[15:47:17.0658993] [Info   : Unity Log] Hours: 180 ; Time: 0.1666667 | Enemy #20 'Shy guy' : probability: 3
[15:47:17.0658993] [Info   : Unity Log] enemy rush index is -1; current index 21
[15:47:17.0658993] [Info   : Unity Log] Hours: 180 ; Time: 0.1666667 | Enemy #21 'SlendermanEnemy' : probability: 0
[15:47:17.0658993] [Info   : Unity Log] enemy rush index is -1; current index 22
[15:47:17.0658993] [Info   : Unity Log] Hours: 180 ; Time: 0.1666667 | Enemy #22 'Cabinet' : probability: 5
[15:47:17.0658993] [Info   : Unity Log] enemy rush index is -1; current index 23
[15:47:17.0658993] [Info   : Unity Log] Hours: 180 ; Time: 0.1666667 | Enemy #23 'Football' : probability: 0
[15:47:17.0658993] [Info   : Unity Log] enemy rush index is -1; current index 24
[15:47:17.0658993] [Info   : Unity Log] Hours: 180 ; Time: 0.1666667 | Enemy #24 'Herobrine' : probability: 15
[15:47:17.0658993] [Info   : Unity Log] enemy rush index is -1; current index 25
[15:47:17.0658993] [Info   : Unity Log] Hours: 180 ; Time: 0.1666667 | Enemy #25 'Boomba' : probability: 20
[15:47:17.0658993] [Info   : Unity Log] enemy rush index is -1; current index 26
[15:47:17.0658993] [Info   : Unity Log] Hours: 180 ; Time: 0.1666667 | Enemy #26 'Rabbit Magician' : probability: 2
[15:47:17.0658993] [Info   : Unity Log] enemy rush index is -1; current index 27
[15:47:17.0658993] [Info   : Unity Log] Hours: 180 ; Time: 0.1666667 | Enemy #27 'Peace Keeper' : probability: 2
[15:47:17.0658993] [Info   : Unity Log] enemy rush index is -1; current index 28
[15:47:17.0658993] [Info   : Unity Log] Hours: 180 ; Time: 0.1666667 | Enemy #28 'Lord Of The Manor' : probability: 4
[15:47:17.0658993] [Info   : Unity Log] enemy rush index is -1; current index 29
[15:47:17.0658993] [Info   : Unity Log] Hours: 180 ; Time: 0.1666667 | Enemy #29 'Janitor' : probability: 14
[15:47:17.0658993] [Info   : Unity Log] enemy rush index is -1; current index 30
[15:47:17.0658993] [Info   : Unity Log] Hours: 180 ; Time: 0.1666667 | Enemy #30 'Nancy' : probability: 7
[15:47:17.0658993] [Info   : Unity Log] enemy rush index is -1; current index 31
[15:47:17.0658993] [Info   : Unity Log] Hours: 180 ; Time: 0.1666667 | Enemy #31 'Mistress' : probability: 0
[15:47:17.0658993] [Info   : Unity Log] enemy rush index is -1; current index 32
[15:47:17.0658993] [Info   : Unity Log] Hours: 180 ; Time: 0.1666667 | Enemy #32 'Duck' : probability: 0
[15:47:17.0658993] [Info   : Unity Log] enemy rush index is -1; current index 33
[15:47:17.0658993] [Info   : Unity Log] Hours: 180 ; Time: 0.1666667 | Enemy #33 'Transporter' : probability: 39
[15:47:17.0658993] [Info   : Unity Log] ADDING ENEMY #16: ImmortalSnail
[15:47:17.0658993] [Info   : Unity Log] Adding 1 to power level, enemy: ImmortalSnail
[15:47:17.0658993] [Info   : Unity Log] Adding 0 to diversity level for enemy 'ImmortalSnail'
[15:47:17.5268359] [Info   : Unity Log] Is jetpack audio playing?: True
[15:47:19.1164460] [Info   : Unity Log] Is jetpack audio playing?: True
[15:47:19.6758766] [Info   : Unity Log] Is jetpack audio playing?: True
[15:47:20.1720757] [Info   : Unity Log] Is jetpack audio playing?: True
[15:47:21.7142676] [Info   : Unity Log] Is jetpack audio playing?: True
[15:47:22.2184191] [Info   : Unity Log] Is jetpack audio playing?: True
[15:47:23.7696872] [Info   : Unity Log] Is jetpack audio playing?: True
[15:47:24.2566229] [Info   : Unity Log] Is jetpack audio playing?: True
[15:47:24.9427586] [Info   : Unity Log] Is jetpack audio playing?: True
[15:47:25.9222451] [Info   : LethalMin] White Pikmin_aF6ogD: Setting growth stage to 1
[15:47:26.2756987] [Info   : Unity Log] Is jetpack audio playing?: True
[15:47:26.9989508] [Info   : Unity Log] Is jetpack audio playing?: True
[15:47:27.8623485] [Debug  :   Coroner] Querying target player parameters pre-death...
[15:47:27.8623485] [Debug  :   Coroner] Query successful!True
[15:47:27.9676351] [Warning: Unity Log] Can not play a disabled audio source
[15:47:31.7832728] [Info   : Unity Log] Is jetpack audio playing?: True
[15:47:32.6295661] [Debug  :   Coroner] Querying target player parameters pre-death...
[15:47:32.6295661] [Debug  :   Coroner] Query successful!True
[15:47:32.6786655] [Debug  :   Coroner] Querying target player parameters pre-death...
[15:47:32.6786655] [Debug  :   Coroner] Query successful!True
[15:47:33.7186831] [Debug  :   Coroner] Querying target player parameters pre-death...
[15:47:33.7186831] [Debug  :   Coroner] Query successful!True
[15:47:36.8722895] [Info   : Unity Log] Is jetpack audio playing?: True
[15:47:36.8878230] [Warning: Unity Log] Can not play a disabled audio source
[15:47:37.9243442] [Debug  : LethalMin] Sprout Setting growth stage to 1
[15:47:38.8045330] [Debug  :   Coroner] Querying target player parameters pre-death...
[15:47:38.8045330] [Debug  :   Coroner] Query successful!True
[15:47:44.9412744] [Debug  : LethalMin] Sprout Setting growth stage to 2
[15:47:46.2636861] [Warning: Unity Log] Can not play a disabled audio source
[15:47:47.9216562] [Debug  : LethalMin] Sprout Setting growth stage to 1
[15:47:47.9868027] [Info   :ReservedItemSlotCore-2.0.41] Unfocusing reserved hotbar slots. NewIndex: 0 OldIndex: 7 ReservedStartIndex: 4
[15:47:50.2947671] [Info   : Unity Log] Found enemy vent which has its time up: VentEntrance(Clone). Spawning ImmortalSnail from vent.
[15:47:50.2962712] [Info   : Unity Log] Spawned enemy from vent
[15:47:50.4370100] [Debug  :   Coroner] Querying target player parameters pre-death...
[15:47:50.4370100] [Debug  :   Coroner] Query successful!True
[15:47:50.4390139] [Info   :GeneralImprovements] Applied 4 queued monitor changes.
[15:47:51.3972948] [Debug  :   Coroner] Querying target player parameters pre-death...
[15:47:51.3972948] [Debug  :   Coroner] Query successful!True
[15:47:51.5953767] [Debug  :   Coroner] Querying target player parameters pre-death...
[15:47:51.5953767] [Debug  :   Coroner] Query successful!True
[15:47:51.9472260] [Debug  :GeneralImprovements] Updated time display.
[15:47:52.2937149] [Debug  :PizzaTowerEscapeMusic GameEventListener] Player entered ship
[15:47:54.9717229] [Debug  :GeneralImprovements] Updated time display.
[15:47:56.4072004] [Info   :GeneralImprovements] Server disconnecting - dropping FlashlightItem(Clone)
[15:47:56.4072004] [Info   :GeneralImprovements] Server disconnecting - dropping Key(Clone)
[15:47:56.4072004] [Info   :GeneralImprovements] Server disconnecting - dropping JetpackItem(Clone)
[15:47:56.4082008] [Info   : Unity Log] Leaving current lobby
[15:47:56.4092043] [Info   : Unity Log] Disconnecting and setting networkobjects to destroy with owner
[15:47:56.4377531] [Info   :mrgrm7.LethalCasino] Player disconnected.
[15:47:56.4377531] [Info   :Dreamweave.CompanyBuildingEnhancements] Disconnected From Lobby: Config Sync Reverted.
[15:47:56.4377531] [Info   :Rolling Giant] [RandomlyMoveWhileLooking]: moveSpeed: 2, moveAcceleration: 1, moveDeceleration: 0.5, rotateToLookAtPlayer: True, delayBeforeLookingAtPlayer: 2, lookAtPlayerDuration: 3, waitTimeMin: 1, waitTimeMax: 3, randomMoveTimeMin: 1, randomMoveTimeMax: 3, lookTimeBeforeAgro: 0
[15:47:56.4377531] [Info   :Rolling Giant] Resetting all rolling giants!
[15:47:56.4377531] [Message:Rolling Giant] Reverting sync
[15:47:56.4397575] [Debug  :More Ship Upgrades] [GameNetworkManagerPatcher] Saving the LGU upgrades unto a json file...
[15:47:56.4407566] [Debug  :MrHat.BasedItemSaving] Saved 17 exact item poses
[15:47:56.4407566] [Info   : Unity Log] Shutting down and disconnecting from server. Is host?: True
[15:47:56.4417606] [Debug  :More Ship Upgrades] [GameNetworkManagerPatcher] Resetting the Upgrade Bus due to disconnecting...
[15:47:56.4427605] [Debug  :More Ship Upgrades] [UpgradeBus] Resetting MasaeAhmya's attributes
[15:47:56.4748188] [Info   :LethalPerformance] Saved 2 save(s)
[15:47:56.4883501] [Debug  :LethalNetworkAPI] Disposing of UnnamedMessageHandler.
[15:47:56.5249262] [Debug  : LethalMin] Purple Pikmin_2dnk: Removed Leader
[15:47:56.5264299] [Debug  : LethalMin] Purple Pikmin_kvaI2d: Removed Leader
[15:47:56.5284334] [Info   : LethalMin] Bulbmin_RENq: Removing current task
[15:47:56.5284334] [Debug  : LethalMin] Bulbmin_RENq: Removed Leader
[15:47:56.5284334] [Debug  : LethalMin] Purple Pikmin_9XAOHj: Removed Leader
[15:47:56.5284334] [Debug  : LethalMin] White Pikmin_rpww: Removed Leader
[15:47:56.5294344] [Debug  : LethalMin] White Pikmin_Z8jUXp: Removed Leader
[15:47:56.5294344] [Info   : LethalMin] White Pikmin_HRW2: Removing current task
[15:47:56.5294344] [Debug  : LethalMin] White Pikmin_HRW2: Removed Leader
[15:47:56.5294344] [Debug  : LethalMin] Bulbmin_yjJamw: Removed Leader
[15:47:56.5294344] [Debug  : LethalMin] White Pikmin_g258: Removed Leader
[15:47:56.5294344] [Debug  : LethalMin] Bulbmin_OLsg22: Removed Leader
[15:47:56.5304343] [Debug  : LethalMin] White Pikmin_6dfEAbF: Removed Leader
[15:47:56.5304343] [Debug  : LethalMin] Purple Pikmin_owSmI: Removed Leader
[15:47:56.5304343] [Debug  : LethalMin] Purple Pikmin_VFFKQhF: Removed Leader
[15:47:56.5304343] [Debug  : LethalMin] White Pikmin_DX1sX: Removed Leader
[15:47:56.5304343] [Debug  : LethalMin] Purple Pikmin_vqoQfnF: Removed Leader
[15:47:56.5304343] [Debug  : LethalMin] White Pikmin_d9byn: Removed Leader
[15:47:56.5304343] [Debug  : LethalMin] Purple Pikmin_LROWvuE: Removed Leader
[15:47:56.5319375] [Debug  : LethalMin] Purple Pikmin_3kA43: Removed Leader
[15:47:56.5319375] [Debug  : LethalMin] Purple Pikmin_k3xcA0E: Removed Leader
[15:47:56.5319375] [Debug  : LethalMin] White Pikmin_SLkAI: Removed Leader
[15:47:56.5329424] [Debug  : LethalMin] Purple Pikmin_AeXiQ7E: Removed Leader
[15:47:56.5329424] [Debug  : LethalMin] White Pikmin_sxJG: Removed Leader
[15:47:56.5329424] [Info   : LethalMin] White Pikmin_aF6ogD: Removing current task
[15:47:56.5329424] [Debug  : LethalMin] White Pikmin_aF6ogD: Removed Leader
[15:47:56.5339412] [Debug  : LethalMin] Purple Pikmin_HYtM: Removed Leader
[15:47:56.5339412] [Debug  : LethalMin] Bulbmin_zrguvK: Removed Leader
[15:47:56.5339412] [Debug  : LethalMin] Bulbmin_h9TS: Removed Leader
[15:47:56.5349412] [Debug  : LethalMin] Bulbmin_PSF0BQ: Removed Leader
[15:47:56.5349412] [Debug  : LethalMin] Purple Pikmin_7l2Y: Removed Leader
[15:47:56.5349412] [Debug  : LethalMin] White Pikmin_o3p6RW: Removed Leader
[15:47:56.5349412] [Debug  : LethalMin] White Pikmin_WMce: Removed Leader
[15:47:56.5349412] [Debug  : LethalMin] White Pikmin_EfOCgd: Removed Leader
[15:47:56.5364438] [Debug  : LethalMin] Purple Pikmin_wxBk: Removed Leader
[15:47:56.5364438] [Debug  : LethalMin] White Pikmin_eGyIwj: Removed Leader
[15:47:56.5374480] [Info   : LethalMin] Bulbmin_LZlq4Ii: Removing current task
[15:47:56.5374480] [Debug  : LethalMin] Bulbmin_LZlq4Ii: Removed Leader
[15:47:56.5374480] [Debug  : LethalMin] White Pikmin_3rXOC: Removed Leader
[15:47:56.5545031] [Info   : LethalMin] ShipOnion: saved 44 pikmin to disk on despawn.
[15:47:56.6070949] [Info   :LobbyControl] 0 disconnected
[15:47:56.6070949] [Info   : Unity Log] Disconnect callback called
[15:47:56.6080950] [Info   : Unity Log] Is server: True; ishost: True; isConnectedClient: False
[15:47:56.6080950] [Info   : Unity Log] Disconnect callback called in gamenetworkmanager; disconnecting clientId: 0
[15:47:56.6080950] [Info   : Unity Log] Disconnect callback called for local client; ignoring.
[15:47:56.6121072] [Debug  :Starlancer AI Fix] default_snail(Clone) from the interior enemy list has died; 
Previous interior power level is 3
[15:47:56.6121072] [Debug  :Starlancer AI Fix] Removing default_snail(Clone)'s power (1) from the RoundManager; 
Current interior power level is 2
[15:47:56.6161112] [Debug  :Starlancer AI Fix] Transporter(Clone) from the interior enemy list has died; 
Previous interior power level is 2
[15:47:56.6161112] [Debug  :Starlancer AI Fix] Removing Transporter(Clone)'s power (1) from the RoundManager; 
Current interior power level is 1
[15:47:56.6161112] [Info   : Unity Log] Interact trigger destroying! name: trigger
[15:47:56.6171490] [Debug  :Starlancer AI Fix] HoarderBug(Clone) from the interior enemy list has died; 
Previous interior power level is 1
[15:47:56.6171490] [Debug  :Starlancer AI Fix] Removing HoarderBug(Clone)'s power (1) from the RoundManager; 
Current interior power level is 0
[15:47:56.6171490] [Debug  :GeneralImprovements] Updated danger level display.
[15:47:56.6201491] [Debug  :Starlancer AI Fix] SnailCatRe(Clone) from the daytime enemy list has died; 
Previous daytime power level is 0.5
[15:47:56.6201491] [Debug  :Starlancer AI Fix] Removing SnailCatRe(Clone)'s power (0.5) from the RoundManager; 
Current daytime power level is 0
[15:47:56.6201491] [Debug  :Starlancer AI Fix] Purple Pikmin_2dnk from the interior enemy list has died; 
Previous interior power level is 0
[15:47:56.6201491] [Debug  :Starlancer AI Fix] Removing Purple Pikmin_2dnk's power (0) from the RoundManager; 
Current interior power level is 0
[15:47:56.6201491] [Debug  :Starlancer AI Fix] Purple Pikmin_kvaI2d from the interior enemy list has died; 
Previous interior power level is 0
[15:47:56.6201491] [Debug  :Starlancer AI Fix] Removing Purple Pikmin_kvaI2d's power (0) from the RoundManager; 
Current interior power level is 0
[15:47:56.6201491] [Debug  :Starlancer AI Fix] Bulbmin_RENq from the interior enemy list has died; 
Previous interior power level is 0
[15:47:56.6201491] [Debug  :Starlancer AI Fix] Removing Bulbmin_RENq's power (0) from the RoundManager; 
Current interior power level is 0
[15:47:56.6216518] [Debug  :Starlancer AI Fix] Purple Pikmin_9XAOHj from the interior enemy list has died; 
Previous interior power level is 0
[15:47:56.6216518] [Debug  :Starlancer AI Fix] Removing Purple Pikmin_9XAOHj's power (0) from the RoundManager; 
Current interior power level is 0
[15:47:56.6216518] [Debug  :Starlancer AI Fix] White Pikmin_rpww from the interior enemy list has died; 
Previous interior power level is 0
[15:47:56.6216518] [Debug  :Starlancer AI Fix] Removing White Pikmin_rpww's power (0) from the RoundManager; 
Current interior power level is 0
[15:47:56.6216518] [Debug  :Starlancer AI Fix] White Pikmin_Z8jUXp from the interior enemy list has died; 
Previous interior power level is 0
[15:47:56.6216518] [Debug  :Starlancer AI Fix] Removing White Pikmin_Z8jUXp's power (0) from the RoundManager; 
Current interior power level is 0
[15:47:56.6226554] [Debug  :Starlancer AI Fix] White Pikmin_HRW2 from the interior enemy list has died; 
Previous interior power level is 0
[15:47:56.6226554] [Debug  :Starlancer AI Fix] Removing White Pikmin_HRW2's power (0) from the RoundManager; 
Current interior power level is 0
[15:47:56.6226554] [Debug  :Starlancer AI Fix] Bulbmin_yjJamw from the interior enemy list has died; 
Previous interior power level is 0
[15:47:56.6226554] [Debug  :Starlancer AI Fix] Removing Bulbmin_yjJamw's power (0) from the RoundManager; 
Current interior power level is 0
[15:47:56.6226554] [Debug  :Starlancer AI Fix] White Pikmin_g258 from the interior enemy list has died; 
Previous interior power level is 0
[15:47:56.6226554] [Debug  :Starlancer AI Fix] Removing White Pikmin_g258's power (0) from the RoundManager; 
Current interior power level is 0
[15:47:56.6226554] [Debug  :Starlancer AI Fix] Bulbmin_OLsg22 from the interior enemy list has died; 
Previous interior power level is 0
[15:47:56.6226554] [Debug  :Starlancer AI Fix] Removing Bulbmin_OLsg22's power (0) from the RoundManager; 
Current interior power level is 0
[15:47:56.6236550] [Debug  :Starlancer AI Fix] White Pikmin_6dfEAbF from the interior enemy list has died; 
Previous interior power level is 0
[15:47:56.6236550] [Debug  :Starlancer AI Fix] Removing White Pikmin_6dfEAbF's power (0) from the RoundManager; 
Current interior power level is 0
[15:47:56.6236550] [Debug  :Starlancer AI Fix] Purple Pikmin_owSmI from the interior enemy list has died; 
Previous interior power level is 0
[15:47:56.6236550] [Debug  :Starlancer AI Fix] Removing Purple Pikmin_owSmI's power (0) from the RoundManager; 
Current interior power level is 0
[15:47:56.6236550] [Debug  :Starlancer AI Fix] Purple Pikmin_VFFKQhF from the interior enemy list has died; 
Previous interior power level is 0
[15:47:56.6236550] [Debug  :Starlancer AI Fix] Removing Purple Pikmin_VFFKQhF's power (0) from the RoundManager; 
Current interior power level is 0
[15:47:56.6246555] [Debug  :Starlancer AI Fix] White Pikmin_DX1sX from the interior enemy list has died; 
Previous interior power level is 0
[15:47:56.6246555] [Debug  :Starlancer AI Fix] Removing White Pikmin_DX1sX's power (0) from the RoundManager; 
Current interior power level is 0
[15:47:56.6246555] [Debug  :Starlancer AI Fix] Purple Pikmin_vqoQfnF from the interior enemy list has died; 
Previous interior power level is 0
[15:47:56.6246555] [Debug  :Starlancer AI Fix] Removing Purple Pikmin_vqoQfnF's power (0) from the RoundManager; 
Current interior power level is 0
[15:47:56.6246555] [Debug  :Starlancer AI Fix] White Pikmin_d9byn from the interior enemy list has died; 
Previous interior power level is 0
[15:47:56.6246555] [Debug  :Starlancer AI Fix] Removing White Pikmin_d9byn's power (0) from the RoundManager; 
Current interior power level is 0
[15:47:56.6246555] [Debug  :Starlancer AI Fix] Purple Pikmin_LROWvuE from the interior enemy list has died; 
Previous interior power level is 0
[15:47:56.6246555] [Debug  :Starlancer AI Fix] Removing Purple Pikmin_LROWvuE's power (0) from the RoundManager; 
Current interior power level is 0
[15:47:56.6246555] [Debug  :Starlancer AI Fix] Purple Pikmin_3kA43 from the interior enemy list has died; 
Previous interior power level is 0
[15:47:56.6246555] [Debug  :Starlancer AI Fix] Removing Purple Pikmin_3kA43's power (0) from the RoundManager; 
Current interior power level is 0
[15:47:56.6246555] [Debug  :Starlancer AI Fix] Purple Pikmin_k3xcA0E from the interior enemy list has died; 
Previous interior power level is 0
[15:47:56.6246555] [Debug  :Starlancer AI Fix] Removing Purple Pikmin_k3xcA0E's power (0) from the RoundManager; 
Current interior power level is 0
[15:47:56.6261586] [Debug  :Starlancer AI Fix] White Pikmin_SLkAI from the interior enemy list has died; 
Previous interior power level is 0
[15:47:56.6261586] [Debug  :Starlancer AI Fix] Removing White Pikmin_SLkAI's power (0) from the RoundManager; 
Current interior power level is 0
[15:47:56.6261586] [Debug  :Starlancer AI Fix] Purple Pikmin_AeXiQ7E from the interior enemy list has died; 
Previous interior power level is 0
[15:47:56.6261586] [Debug  :Starlancer AI Fix] Removing Purple Pikmin_AeXiQ7E's power (0) from the RoundManager; 
Current interior power level is 0
[15:47:56.6261586] [Debug  :Starlancer AI Fix] White Pikmin_sxJG from the interior enemy list has died; 
Previous interior power level is 0
[15:47:56.6261586] [Debug  :Starlancer AI Fix] Removing White Pikmin_sxJG's power (0) from the RoundManager; 
Current interior power level is 0
[15:47:56.6261586] [Debug  :Starlancer AI Fix] White Pikmin_aF6ogD from the interior enemy list has died; 
Previous interior power level is 0
[15:47:56.6261586] [Debug  :Starlancer AI Fix] Removing White Pikmin_aF6ogD's power (0) from the RoundManager; 
Current interior power level is 0
[15:47:56.6271621] [Debug  :Starlancer AI Fix] Purple Pikmin_HYtM from the interior enemy list has died; 
Previous interior power level is 0
[15:47:56.6271621] [Debug  :Starlancer AI Fix] Removing Purple Pikmin_HYtM's power (0) from the RoundManager; 
Current interior power level is 0
[15:47:56.6271621] [Debug  :Starlancer AI Fix] Bulbmin_zrguvK from the interior enemy list has died; 
Previous interior power level is 0
[15:47:56.6271621] [Debug  :Starlancer AI Fix] Removing Bulbmin_zrguvK's power (0) from the RoundManager; 
Current interior power level is 0
[15:47:56.6271621] [Debug  :Starlancer AI Fix] Bulbmin_h9TS from the interior enemy list has died; 
Previous interior power level is 0
[15:47:56.6271621] [Debug  :Starlancer AI Fix] Removing Bulbmin_h9TS's power (0) from the RoundManager; 
Current interior power level is 0
[15:47:56.6281630] [Debug  :Starlancer AI Fix] Bulbmin_PSF0BQ from the interior enemy list has died; 
Previous interior power level is 0
[15:47:56.6281630] [Debug  :Starlancer AI Fix] Removing Bulbmin_PSF0BQ's power (0) from the RoundManager; 
Current interior power level is 0
[15:47:56.6281630] [Debug  :Starlancer AI Fix] Purple Pikmin_7l2Y from the interior enemy list has died; 
Previous interior power level is 0
[15:47:56.6281630] [Debug  :Starlancer AI Fix] Removing Purple Pikmin_7l2Y's power (0) from the RoundManager; 
Current interior power level is 0
[15:47:56.6281630] [Debug  :Starlancer AI Fix] White Pikmin_o3p6RW from the interior enemy list has died; 
Previous interior power level is 0
[15:47:56.6281630] [Debug  :Starlancer AI Fix] Removing White Pikmin_o3p6RW's power (0) from the RoundManager; 
Current interior power level is 0
[15:47:56.6291620] [Debug  :Starlancer AI Fix] White Pikmin_WMce from the interior enemy list has died; 
Previous interior power level is 0
[15:47:56.6291620] [Debug  :Starlancer AI Fix] Removing White Pikmin_WMce's power (0) from the RoundManager; 
Current interior power level is 0
[15:47:56.6291620] [Debug  :Starlancer AI Fix] White Pikmin_EfOCgd from the interior enemy list has died; 
Previous interior power level is 0
[15:47:56.6291620] [Debug  :Starlancer AI Fix] Removing White Pikmin_EfOCgd's power (0) from the RoundManager; 
Current interior power level is 0
[15:47:56.6291620] [Debug  :Starlancer AI Fix] Purple Pikmin_wxBk from the interior enemy list has died; 
Previous interior power level is 0
[15:47:56.6291620] [Debug  :Starlancer AI Fix] Removing Purple Pikmin_wxBk's power (0) from the RoundManager; 
Current interior power level is 0
[15:47:56.6291620] [Debug  :Starlancer AI Fix] White Pikmin_eGyIwj from the interior enemy list has died; 
Previous interior power level is 0
[15:47:56.6291620] [Debug  :Starlancer AI Fix] Removing White Pikmin_eGyIwj's power (0) from the RoundManager; 
Current interior power level is 0
[15:47:56.6301622] [Debug  :Starlancer AI Fix] Bulbmin_LZlq4Ii from the interior enemy list has died; 
Previous interior power level is 0
[15:47:56.6301622] [Debug  :Starlancer AI Fix] Removing Bulbmin_LZlq4Ii's power (0) from the RoundManager; 
Current interior power level is 0
[15:47:56.6301622] [Debug  :Starlancer AI Fix] White Pikmin_3rXOC from the interior enemy list has died; 
Previous interior power level is 0
[15:47:56.6301622] [Debug  :Starlancer AI Fix] Removing White Pikmin_3rXOC's power (0) from the RoundManager; 
Current interior power level is 0
[15:47:56.6301622] [Info   : Unity Log] Interact trigger destroying! name: InteractTrigger
[15:47:56.6301622] [Info   : Unity Log] Interact trigger destroying! name: InteractTrigger
[15:47:56.6301622] [Info   : Unity Log] Interact trigger destroying! name: InteractTrigger
[15:47:56.6301622] [Info   : Unity Log] Interact trigger destroying! name: InteractTrigger
[15:47:56.6301622] [Info   : Unity Log] Interact trigger destroying! name: InteractTrigger
[15:47:56.6301622] [Info   : Unity Log] Interact trigger destroying! name: InteractTrigger
[15:47:56.6301622] [Info   : Unity Log] Interact trigger destroying! name: InteractTrigger
[15:47:56.6301622] [Info   : Unity Log] Interact trigger destroying! name: InteractTrigger
[15:47:56.6316654] [Info   : Unity Log] Interact trigger destroying! name: InteractTrigger
[15:47:56.6316654] [Info   : Unity Log] Interact trigger destroying! name: InteractTrigger
[15:47:56.6316654] [Info   : Unity Log] Interact trigger destroying! name: InteractTrigger
[15:47:56.6316654] [Info   : Unity Log] Interact trigger destroying! name: InteractTrigger
[15:47:56.6316654] [Info   : Unity Log] Interact trigger destroying! name: InteractTrigger
[15:47:56.6316654] [Info   : Unity Log] Interact trigger destroying! name: InteractTrigger
[15:47:56.6316654] [Info   : Unity Log] Interact trigger destroying! name: InteractTrigger
[15:47:56.6316654] [Info   : Unity Log] Interact trigger destroying! name: InteractTrigger
[15:47:56.6316654] [Info   : Unity Log] Interact trigger destroying! name: InteractTrigger
[15:47:56.6316654] [Info   : Unity Log] Interact trigger destroying! name: InteractTrigger
[15:47:56.6326697] [Info   : Unity Log] Interact trigger destroying! name: InteractTrigger
[15:47:56.6326697] [Info   : Unity Log] Interact trigger destroying! name: InteractTrigger
[15:47:56.6326697] [Info   : Unity Log] Interact trigger destroying! name: InteractTrigger
[15:47:56.6326697] [Info   : Unity Log] Interact trigger destroying! name: InteractTrigger
[15:47:56.6326697] [Info   : Unity Log] Interact trigger destroying! name: InteractTrigger
[15:47:56.6326697] [Info   : Unity Log] Interact trigger destroying! name: InteractTrigger
[15:47:56.6326697] [Info   : Unity Log] Interact trigger destroying! name: InteractTrigger
[15:47:56.6326697] [Info   : Unity Log] Interact trigger destroying! name: InteractTrigger
[15:47:56.6326697] [Info   : Unity Log] Interact trigger destroying! name: InteractTrigger
[15:47:56.6336744] [Info   : Unity Log] Interact trigger destroying! name: InteractTrigger
[15:47:56.6336744] [Info   : Unity Log] Interact trigger destroying! name: InteractTrigger
[15:47:56.6336744] [Info   : Unity Log] Interact trigger destroying! name: InteractTrigger
[15:47:56.6336744] [Info   : Unity Log] Interact trigger destroying! name: InteractTrigger
[15:47:56.6336744] [Info   : Unity Log] Interact trigger destroying! name: InteractTrigger
[15:47:56.6336744] [Info   : Unity Log] Interact trigger destroying! name: InteractTrigger
[15:47:56.6336744] [Info   : Unity Log] Interact trigger destroying! name: InteractTrigger
[15:47:56.6336744] [Info   : Unity Log] Interact trigger destroying! name: InteractTrigger
[15:47:56.6336744] [Info   : Unity Log] Interact trigger destroying! name: InteractTrigger
[15:47:56.6336744] [Info   : Unity Log] Interact trigger destroying! name: InteractTrigger
[15:47:56.6346742] [Info   : Unity Log] Interact trigger destroying! name: InteractTrigger
[15:47:56.6346742] [Info   : Unity Log] Interact trigger destroying! name: InteractTrigger
[15:47:56.6346742] [Info   : Unity Log] Interact trigger destroying! name: InteractTrigger
[15:47:56.6346742] [Info   : Unity Log] Interact trigger destroying! name: InteractTrigger
[15:47:56.6346742] [Info   : Unity Log] Interact trigger destroying! name: InteractTrigger
[15:47:56.6346742] [Info   : Unity Log] Interact trigger destroying! name: InteractTrigger
[15:47:56.6346742] [Info   : Unity Log] Interact trigger destroying! name: InteractTrigger
[15:47:56.6346742] [Info   : Unity Log] Interact trigger destroying! name: InteractTrigger
[15:47:56.6346742] [Info   : Unity Log] Interact trigger destroying! name: InteractTrigger
[15:47:56.6361768] [Info   : Unity Log] Interact trigger destroying! name: CoinInteract
[15:47:56.6401811] [Info   : Unity Log] Interact trigger destroying! name: InteractTrigger
[15:47:56.6461913] [Info   : Unity Log] Interact trigger destroying! name: EntranceTeleportA(Clone)
[15:47:56.6471960] [Info   : Unity Log] Interact trigger destroying! name: EntranceTeleportB(Clone)
[15:47:56.6471960] [Info   : Unity Log] Interact trigger destroying! name: EntranceTeleportB(Clone)
[15:47:56.6471960] [Info   : Unity Log] Interact trigger destroying! name: BreakerSwitch1
[15:47:56.6471960] [Info   : Unity Log] Interact trigger destroying! name: BreakerSwitch2
[15:47:56.6471960] [Info   : Unity Log] Interact trigger destroying! name: BreakerSwitch3
[15:47:56.6471960] [Info   : Unity Log] Interact trigger destroying! name: BreakerSwitch4
[15:47:56.6471960] [Info   : Unity Log] Interact trigger destroying! name: BreakerSwitch5
[15:47:56.6471960] [Info   : Unity Log] Interact trigger destroying! name: PowerBoxDoor
[15:47:56.6471960] [Info   : Unity Log] Interact trigger destroying! name: EntranceTeleportB(Clone)
[15:47:56.6481958] [Info   : Unity Log] Interact trigger destroying! name: Cube
[15:47:56.6492133] [Info   : Unity Log] Interact trigger destroying! name: Cube
[15:47:56.6492133] [Info   : Unity Log] Interact trigger destroying! name: Cube
[15:47:56.6502139] [Info   : Unity Log] Interact trigger destroying! name: Cube
[15:47:56.6502139] [Info   : Unity Log] Interact trigger destroying! name: Cube
[15:47:56.6502139] [Info   : Unity Log] Interact trigger destroying! name: Cube
[15:47:56.6502139] [Info   : Unity Log] Interact trigger destroying! name: Cube
[15:47:56.6517179] [Info   : Unity Log] Interact trigger destroying! name: Cube
[15:47:56.6517179] [Info   : Unity Log] Interact trigger destroying! name: Cube
[15:47:56.6517179] [Info   : Unity Log] Interact trigger destroying! name: Cube
[15:47:56.6527231] [Info   : Unity Log] Interact trigger destroying! name: Cube
[15:47:56.6527231] [Info   : Unity Log] Interact trigger destroying! name: Cube
[15:47:56.6527231] [Info   : Unity Log] Interact trigger destroying! name: Cube
[15:47:56.6537234] [Info   : Unity Log] Interact trigger destroying! name: Cube
[15:47:56.6537234] [Info   : Unity Log] Interact trigger destroying! name: Cube
[15:47:56.6537234] [Info   : Unity Log] Interact trigger destroying! name: Cube
[15:47:56.6547237] [Info   : Unity Log] Interact trigger destroying! name: Cube
[15:47:56.6547237] [Info   : Unity Log] Interact trigger destroying! name: Cube
[15:47:56.6547237] [Info   : Unity Log] Interact trigger destroying! name: Cube
[15:47:56.6547237] [Info   : Unity Log] Interact trigger destroying! name: Cube
[15:47:56.6562269] [Info   : Unity Log] Interact trigger destroying! name: Cube
[15:47:56.6562269] [Info   : Unity Log] Interact trigger destroying! name: Cube
[15:47:56.6562269] [Info   : Unity Log] Interact trigger destroying! name: Cube
[15:47:56.6572307] [Info   : Unity Log] Interact trigger destroying! name: Mimic Metal Crate(Clone)
[15:47:56.6572307] [Info   : Unity Log] Interact trigger destroying! name: Mimic Metal Crate(Clone)
[15:47:56.6572307] [Info   : Unity Log] Interact trigger destroying! name: Metal Crate(Clone)
[15:47:56.6627464] [Info   : Unity Log] Interact trigger destroying! name: HoverboardChild
[15:47:56.6637459] [Info   : Unity Log] Interact trigger destroying! name: ChangableSuit(Clone)
[15:47:56.6637459] [Debug  :suitsTerminal] Destroying SuitAttribute! [Smile]
[15:47:56.6647466] [Info   : Unity Log] Interact trigger destroying! name: ChangableSuit(Clone)
[15:47:56.6647466] [Debug  :suitsTerminal] Destroying SuitAttribute! [Slayer]
[15:47:56.6647466] [Info   : Unity Log] Interact trigger destroying! name: ChangableSuit(Clone)
[15:47:56.6647466] [Debug  :suitsTerminal] Destroying SuitAttribute! [Skeleton]
[15:47:56.6647466] [Info   : Unity Log] Interact trigger destroying! name: ChangableSuit(Clone)
[15:47:56.6647466] [Debug  :suitsTerminal] Destroying SuitAttribute! [Minion]
[15:47:56.6647466] [Info   : Unity Log] Interact trigger destroying! name: ChangableSuit(Clone)
[15:47:56.6647466] [Debug  :suitsTerminal] Destroying SuitAttribute! [Mario]
[15:47:56.6647466] [Info   : Unity Log] Interact trigger destroying! name: ChangableSuit(Clone)
[15:47:56.6647466] [Debug  :suitsTerminal] Destroying SuitAttribute! [Luigi]
[15:47:56.6647466] [Info   : Unity Log] Interact trigger destroying! name: ChangableSuit(Clone)
[15:47:56.6647466] [Debug  :suitsTerminal] Destroying SuitAttribute! [Knuckles]
[15:47:56.6647466] [Info   : Unity Log] Interact trigger destroying! name: ChangableSuit(Clone)
[15:47:56.6647466] [Debug  :suitsTerminal] Destroying SuitAttribute! [Kirby]
[15:47:56.6647466] [Info   : Unity Log] Interact trigger destroying! name: ChangableSuit(Clone)
[15:47:56.6647466] [Debug  :suitsTerminal] Destroying SuitAttribute! [Glow]
[15:47:56.6647466] [Info   : Unity Log] Interact trigger destroying! name: ChangableSuit(Clone)
[15:47:56.6647466] [Debug  :suitsTerminal] Destroying SuitAttribute! [Zero Two]
[15:47:56.6647466] [Info   : Unity Log] Interact trigger destroying! name: ChangableSuit(Clone)
[15:47:56.6647466] [Debug  :suitsTerminal] Destroying SuitAttribute! [Zero Two [White Suit]]
[15:47:56.6647466] [Info   : Unity Log] Interact trigger destroying! name: ChangableSuit(Clone)
[15:47:56.6647466] [Debug  :suitsTerminal] Destroying SuitAttribute! [Zero Two [School]]
[15:47:56.6647466] [Info   : Unity Log] Interact trigger destroying! name: ChangableSuit(Clone)
[15:47:56.6647466] [Debug  :suitsTerminal] Destroying SuitAttribute! [Zero Two [Red Suit]]
[15:47:56.6657475] [Info   : Unity Log] Interact trigger destroying! name: ChangableSuit(Clone)
[15:47:56.6657475] [Debug  :suitsTerminal] Destroying SuitAttribute! [Yang Xiao Long]
[15:47:56.6657475] [Info   : Unity Log] Interact trigger destroying! name: ChangableSuit(Clone)
[15:47:56.6657475] [Debug  :suitsTerminal] Destroying SuitAttribute! [Yang Xiao Long [Timeskip]]
[15:47:56.6657475] [Info   : Unity Log] Interact trigger destroying! name: ChangableSuit(Clone)
[15:47:56.6657475] [Debug  :suitsTerminal] Destroying SuitAttribute! [Yae Sakura [Neon Shade]]
[15:47:56.6657475] [Info   : Unity Log] Interact trigger destroying! name: ChangableSuit(Clone)
[15:47:56.6657475] [Debug  :suitsTerminal] Destroying SuitAttribute! [Weiss Schnee]
[15:47:56.6657475] [Info   : Unity Log] Interact trigger destroying! name: ChangableSuit(Clone)
[15:47:56.6657475] [Debug  :suitsTerminal] Destroying SuitAttribute! [Weiss Schnee [Timeskip]]
[15:47:56.6657475] [Info   : Unity Log] Interact trigger destroying! name: ChangableSuit(Clone)
[15:47:56.6657475] [Debug  :suitsTerminal] Destroying SuitAttribute! [Weedy]
[15:47:56.6657475] [Info   : Unity Log] Interact trigger destroying! name: ChangableSuit(Clone)
[15:47:56.6657475] [Debug  :suitsTerminal] Destroying SuitAttribute! [Theresa [Lunar Vow]]
[15:47:56.6657475] [Info   : Unity Log] Interact trigger destroying! name: ChangableSuit(Clone)
[15:47:56.6657475] [Debug  :suitsTerminal] Destroying SuitAttribute! [Sparkle]
[15:47:56.6657475] [Info   : Unity Log] Interact trigger destroying! name: ChangableSuit(Clone)
[15:47:56.6657475] [Debug  :suitsTerminal] Destroying SuitAttribute! [Silence Suzuka]
[15:47:56.6657475] [Info   : Unity Log] Interact trigger destroying! name: ChangableSuit(Clone)
[15:47:56.6657475] [Debug  :suitsTerminal] Destroying SuitAttribute! [Silence Suzuka [School]]
[15:47:56.6662511] [Info   : Unity Log] Interact trigger destroying! name: ChangableSuit(Clone)
[15:47:56.6662511] [Debug  :suitsTerminal] Destroying SuitAttribute! [Ruby Rose]
[15:47:56.6662511] [Info   : Unity Log] Interact trigger destroying! name: ChangableSuit(Clone)
[15:47:56.6662511] [Debug  :suitsTerminal] Destroying SuitAttribute! [Ruby Rose [Timeskip]]
[15:47:56.6662511] [Info   : Unity Log] Interact trigger destroying! name: ChangableSuit(Clone)
[15:47:56.6662511] [Debug  :suitsTerminal] Destroying SuitAttribute! [Roland]
[15:47:56.6662511] [Info   : Unity Log] Interact trigger destroying! name: ChangableSuit(Clone)
[15:47:56.6662511] [Debug  :suitsTerminal] Destroying SuitAttribute! [Mostima]
[15:47:56.6662511] [Info   : Unity Log] Interact trigger destroying! name: ChangableSuit(Clone)
[15:47:56.6662511] [Debug  :suitsTerminal] Destroying SuitAttribute! [Mostima [Maid]]
[15:47:56.6662511] [Info   : Unity Log] Interact trigger destroying! name: ChangableSuit(Clone)
[15:47:56.6662511] [Debug  :suitsTerminal] Destroying SuitAttribute! [Mejiro McQueen]
[15:47:56.6662511] [Info   : Unity Log] Interact trigger destroying! name: ChangableSuit(Clone)
[15:47:56.6662511] [Debug  :suitsTerminal] Destroying SuitAttribute! [Mejiro McQueen [School]]
[15:47:56.6662511] [Info   : Unity Log] Interact trigger destroying! name: ChangableSuit(Clone)
[15:47:56.6662511] [Debug  :suitsTerminal] Destroying SuitAttribute! [Mayano Top Gun]
[15:47:56.6662511] [Info   : Unity Log] Interact trigger destroying! name: ChangableSuit(Clone)
[15:47:56.6662511] [Debug  :suitsTerminal] Destroying SuitAttribute! [Mayano Top Gun [School]]
[15:47:56.6662511] [Info   : Unity Log] Interact trigger destroying! name: ChangableSuit(Clone)
[15:47:56.6662511] [Debug  :suitsTerminal] Destroying SuitAttribute! [Kiana]
[15:47:56.6662511] [Info   : Unity Log] Interact trigger destroying! name: ChangableSuit(Clone)
[15:47:56.6662511] [Debug  :suitsTerminal] Destroying SuitAttribute! [Kiana [Finality]]
[15:47:56.6662511] [Info   : Unity Log] Interact trigger destroying! name: ChangableSuit(Clone)
[15:47:56.6662511] [Debug  :suitsTerminal] Destroying SuitAttribute! [Faust]
[15:47:56.6662511] [Info   : Unity Log] Interact trigger destroying! name: ChangableSuit(Clone)
[15:47:56.6662511] [Debug  :suitsTerminal] Destroying SuitAttribute! [Cheval Grand]
[15:47:56.6662511] [Info   : Unity Log] Interact trigger destroying! name: ChangableSuit(Clone)
[15:47:56.6662511] [Debug  :suitsTerminal] Destroying SuitAttribute! [Cheval Grand [School]]
[15:47:56.6662511] [Info   : Unity Log] Interact trigger destroying! name: ChangableSuit(Clone)
[15:47:56.6662511] [Debug  :suitsTerminal] Destroying SuitAttribute! [Blake Belladonna]
[15:47:56.6662511] [Info   : Unity Log] Interact trigger destroying! name: ChangableSuit(Clone)
[15:47:56.6662511] [Debug  :suitsTerminal] Destroying SuitAttribute! [Blake Belladonna [Timeskip]]
[15:47:56.6662511] [Info   : Unity Log] Interact trigger destroying! name: ChangableSuit(Clone)
[15:47:56.6662511] [Debug  :suitsTerminal] Destroying SuitAttribute! [Anby]
[15:47:56.6662511] [Info   : Unity Log] Interact trigger destroying! name: ChangableSuit(Clone)
[15:47:56.6662511] [Debug  :suitsTerminal] Destroying SuitAttribute! [Orange suit]
[15:47:56.6672552] [Info   : Unity Log] Interact trigger destroying! name: LeverContainer
[15:47:56.6672552] [Info   : Unity Log] Interact trigger destroying! name: InteractTrigger
[15:47:56.6682559] [Info   : Unity Log] Interact trigger destroying! name: Trigger
[15:47:56.6692556] [Info   : Unity Log] Interact trigger destroying! name: Trigger
[15:47:56.6827809] [Info   : Unity Log] Resetting unlockables list!
[15:47:56.6852855] [Info   :BrutalCompanyMinusExtraReborn] Executing OnLocalDisconnect for all events()
[15:47:56.6867928] [Info   :HotbarPlus-1.8.5] Finished receiving OnUpdatePurchasedHotbarSlots update. New purchased hotbar slots: 0
[15:47:56.6867928] [Info   : Unity Log] Scene manager is null
[15:47:56.7232307] [Info   :LethalPerformance] Saved 1 save(s)
[15:47:56.7678332] [Info   : Unity Log] Interact trigger destroying! name: LadderTrigger
[15:47:56.7718325] [Info   : Unity Log] Interact trigger destroying! name: EntranceTeleportB
[15:47:56.7718325] [Info   : Unity Log] Interact trigger destroying! name: EntranceTeleportA
[15:47:56.7718325] [Info   : Unity Log] Interact trigger destroying! name: EntranceTeleportC
[15:47:56.7718325] [Info   : Unity Log] Interact trigger destroying! name: EntranceTeleportD
[15:47:56.7718325] [Info   : Unity Log] Interact trigger destroying! name: LadderTrigger (1)
[15:47:56.7718325] [Info   : Unity Log] Interact trigger destroying! name: LadderTrigger
[15:47:56.7718325] [Info   : Unity Log] Interact trigger destroying! name: LadderTrigger
[15:47:56.7718325] [Info   : Unity Log] Interact trigger destroying! name: KillTrigger
[15:47:56.7748317] [Info   : Unity Log] Terminal disabled, disabling ESC key listener
[15:47:56.7843399] [Info   : Unity Log] Interact trigger destroying! name: Cube
[15:47:56.7843399] [Info   : Unity Log] Interact trigger destroying! name: Cube
[15:47:56.7843399] [Info   : Unity Log] Interact trigger destroying! name: Cube
[15:47:56.7843399] [Info   : Unity Log] Interact trigger destroying! name: Cube (1)
[15:47:56.7843399] [Info   : Unity Log] Interact trigger destroying! name: Cube (2)
[15:47:56.7843399] [Info   : Unity Log] Interact trigger destroying! name: Cube (3)
[15:47:56.7843399] [Info   : Unity Log] Interact trigger destroying! name: LadderTrigger
[15:47:56.7843399] [Info   : Unity Log] Interact trigger destroying! name: trigger
[15:47:56.7843399] [Info   : Unity Log] Interact trigger destroying! name: trigger
[15:47:56.7843399] [Info   : Unity Log] Interact trigger destroying! name: LadderTrigger
[15:47:56.7843399] [Info   : Unity Log] Interact trigger destroying! name: LadderTrigger
[15:47:56.7843399] [Info   : Unity Log] Interact trigger destroying! name: TerminalScript
[15:47:56.7843399] [Info   : Unity Log] Interact trigger destroying! name: StartGameLever
[15:47:56.7843399] [Info   : Unity Log] Interact trigger destroying! name: Trigger
[15:47:56.7843399] [Info   : Unity Log] Interact trigger destroying! name: Cube
[15:47:56.7863393] [Info   : Unity Log] Interact trigger destroying! name: Cube (2)
[15:47:56.7863393] [Info   : Unity Log] Interact trigger destroying! name: Cube (2)
[15:47:56.7863393] [Info   : Unity Log] Interact trigger destroying! name: Cube (2)
[15:47:56.7863393] [Info   : Unity Log] Interact trigger destroying! name: Cube (3)
[15:47:56.7863393] [Info   : Unity Log] Interact trigger destroying! name: LightSwitch
[15:47:56.7863393] [Info   : Unity Log] Interact trigger destroying! name: KillTrigger
[15:47:56.7863393] [Info   : Unity Log] Interact trigger destroying! name: MagnetLever
[15:47:56.8064017] [Info   : Unity Log] Interact trigger destroying! name: Trigger
[15:47:56.8064017] [Info   : Unity Log] Interact trigger destroying! name: KillTrigger
[15:47:56.8069054] [Info   : Unity Log] Interact trigger destroying! name: KillTrigger
[15:47:56.8274307] [Info   : Unity Log] Interact trigger destroying! name: StoryLogCollectable (3)
[15:47:56.8274307] [Info   : Unity Log] DISABLING connection callbacks in round manager
[15:47:56.8579810] [Warning:LethalPerformance] EntranceTeleport search called with inactive objects, probably will cause incompatibility!
[15:47:56.8714943] [Warning:LethalPerformance] EntranceTeleport search called with inactive objects, probably will cause incompatibility!
[15:47:56.8790070] [Info   :MoreCompany] LANMenu startLAN Patched
[15:47:57.1901720] [Debug  :LCUltrawide_Community] NOT setting PixelResolution to [0]
[15:47:58.8461824] [Info   : Unity Log] Returning week num: 146
[15:47:58.8461824] [Info   : Unity Log] week num: 146
[15:47:58.8531865] [Debug  :Buttery Fixes] Menu: Override volumes on camera CanvasCam
[15:47:58.8531865] [Message:LethalSponge] Calling initial Resources.UnloadUnusedAssets().
[15:47:58.8684034] [Debug  :PizzaTowerEscapeMusic GameEventListener] Sound Manager destroyed
[15:47:58.8769100] [Info   :PizzaTowerEscapeMusic MusicManager] All music clips unloaded
[15:47:58.8769100] [Debug  :PizzaTowerEscapeMusic GameEventListener] Ship returned to orbit
[15:47:58.8769100] [Debug  :PizzaTowerEscapeMusic GameEventListener] Player exited ship
[15:47:58.8789146] [Info   :LethalPerformance] Saved 1 save(s)
[15:48:00.3609797] [Debug  :ainavt.lc.lethalconfig] Injecting mod config menu into main menu...
[15:48:00.3740002] [Info   :TestAccountCore] TestAccountCore is running on version v81!
[15:48:01.3822129] [Debug  :LethalNetworkAPI] Disposing of UnnamedMessageHandler.
[15:48:01.3827164] [Warning: Unity Log] [SpectateEnemies]: Config saved
[15:48:01.3827164] [Debug  :More Ship Upgrades] [GameNetworkManagerPatcher] Resetting the Upgrade Bus due to disconnecting...
