Previous interior power level is 0
[19:56:44.1542109] [Debug  :Starlancer AI Fix] Removing Bulbmin_jjRdx's power (0) from the RoundManager; 
Current interior power level is 0
[19:56:44.1552156] [Debug  :Starlancer AI Fix] Purple Pikmin_R2EB5B4 from the interior enemy list has died; 
Previous interior power level is 0
[19:56:44.1552156] [Debug  :Starlancer AI Fix] Removing Purple Pikmin_R2EB5B4's power (0) from the RoundManager; 
Current interior power level is 0
[19:56:44.1552156] [Debug  :Starlancer AI Fix] White Pikmin_8L1jD from the interior enemy list has died; 
Previous interior power level is 0
[19:56:44.1552156] [Debug  :Starlancer AI Fix] Removing White Pikmin_8L1jD's power (0) from the RoundManager; 
Current interior power level is 0
[19:56:44.1552156] [Debug  :Starlancer AI Fix] Bulbmin_qdnHLI4 from the interior enemy list has died; 
Previous interior power level is 0
[19:56:44.1552156] [Debug  :Starlancer AI Fix] Removing Bulbmin_qdnHLI4's power (0) from the RoundManager; 
Current interior power level is 0
[19:56:44.1562196] [Debug  :Starlancer AI Fix] Purple Pikmin_YwapS from the interior enemy list has died; 
Previous interior power level is 0
[19:56:44.1562196] [Debug  :Starlancer AI Fix] Removing Purple Pikmin_YwapS's power (0) from the RoundManager; 
Current interior power level is 0
[19:56:44.1562196] [Debug  :Starlancer AI Fix] Bulbmin_GFNNaO3 from the interior enemy list has died; 
Previous interior power level is 0
[19:56:44.1562196] [Debug  :Starlancer AI Fix] Removing Bulbmin_GFNNaO3's power (0) from the RoundManager; 
Current interior power level is 0
[19:56:44.1572192] [Debug  :Starlancer AI Fix] Bulbmin_yXAvi from the interior enemy list has died; 
Previous interior power level is 0
[19:56:44.1572192] [Debug  :Starlancer AI Fix] Removing Bulbmin_yXAvi's power (0) from the RoundManager; 
Current interior power level is 0
[19:56:44.1572192] [Debug  :Starlancer AI Fix] Purple Pikmin_gqwTqV3 from the interior enemy list has died; 
Previous interior power level is 0
[19:56:44.1572192] [Debug  :Starlancer AI Fix] Removing Purple Pikmin_gqwTqV3's power (0) from the RoundManager; 
Current interior power level is 0
[19:56:44.1572192] [Debug  :Starlancer AI Fix] White Pikmin_N9j1y from the interior enemy list has died; 
Previous interior power level is 0
[19:56:44.1572192] [Debug  :Starlancer AI Fix] Removing White Pikmin_N9j1y's power (0) from the RoundManager; 
Current interior power level is 0
[19:56:44.1582184] [Debug  :Starlancer AI Fix] White Pikmin_5RWZ5b from the interior enemy list has died; 
Previous interior power level is 0
[19:56:44.1582184] [Debug  :Starlancer AI Fix] Removing White Pikmin_5RWZ5b's power (0) from the RoundManager; 
Current interior power level is 0
[19:56:44.1582184] [Debug  :Starlancer AI Fix] White Pikmin_nkJ7 from the interior enemy list has died; 
Previous interior power level is 0
[19:56:44.1582184] [Debug  :Starlancer AI Fix] Removing White Pikmin_nkJ7's power (0) from the RoundManager; 
Current interior power level is 0
[19:56:44.1582184] [Debug  :Starlancer AI Fix] Bulbmin_V36fLi from the interior enemy list has died; 
Previous interior power level is 0
[19:56:44.1582184] [Debug  :Starlancer AI Fix] Removing Bulbmin_V36fLi's power (0) from the RoundManager; 
Current interior power level is 0
[19:56:44.1592190] [Debug  :Starlancer AI Fix] Bulbmin_DLsD from the interior enemy list has died; 
Previous interior power level is 0
[19:56:44.1592190] [Debug  :Starlancer AI Fix] Removing Bulbmin_DLsD's power (0) from the RoundManager; 
Current interior power level is 0
[19:56:44.1592190] [Debug  :Starlancer AI Fix] Bulbmin_ueflbo from the interior enemy list has died; 
Previous interior power level is 0
[19:56:44.1592190] [Debug  :Starlancer AI Fix] Removing Bulbmin_ueflbo's power (0) from the RoundManager; 
Current interior power level is 0
[19:56:44.1592190] [Debug  :Starlancer AI Fix] Purple Pikmin_cxSJ from the interior enemy list has died; 
Previous interior power level is 0
[19:56:44.1592190] [Debug  :Starlancer AI Fix] Removing Purple Pikmin_cxSJ's power (0) from the RoundManager; 
Current interior power level is 0
[19:56:44.1602213] [Debug  :Starlancer AI Fix] Purple Pikmin_KFFrqv from the interior enemy list has died; 
Previous interior power level is 0
[19:56:44.1602213] [Debug  :Starlancer AI Fix] Removing Purple Pikmin_KFFrqv's power (0) from the RoundManager; 
Current interior power level is 0
[19:56:44.1602213] [Debug  :Starlancer AI Fix] Bulbmin_2Y1P from the interior enemy list has died; 
Previous interior power level is 0
[19:56:44.1602213] [Debug  :Starlancer AI Fix] Removing Bulbmin_2Y1P's power (0) from the RoundManager; 
Current interior power level is 0
[19:56:44.1602213] [Debug  :Starlancer AI Fix] Bulbmin_krox61 from the interior enemy list has died; 
Previous interior power level is 0
[19:56:44.1602213] [Debug  :Starlancer AI Fix] Removing Bulbmin_krox61's power (0) from the RoundManager; 
Current interior power level is 0
[19:56:44.1612185] [Debug  :Starlancer AI Fix] Bulbmin_R9bV from the interior enemy list has died; 
Previous interior power level is 0
[19:56:44.1612185] [Debug  :Starlancer AI Fix] Removing Bulbmin_R9bV's power (0) from the RoundManager; 
Current interior power level is 0
[19:56:44.1612185] [Info   : Unity Log] Interact trigger destroying! name: InteractTrigger
[19:56:44.1612185] [Info   : Unity Log] Interact trigger destroying! name: InteractTrigger
[19:56:44.1622207] [Info   : Unity Log] Interact trigger destroying! name: InteractTrigger
[19:56:44.1622207] [Info   : Unity Log] Interact trigger destroying! name: InteractTrigger
[19:56:44.1622207] [Info   : Unity Log] Interact trigger destroying! name: InteractTrigger
[19:56:44.1622207] [Info   : Unity Log] Interact trigger destroying! name: InteractTrigger
[19:56:44.1622207] [Info   : Unity Log] Interact trigger destroying! name: InteractTrigger
[19:56:44.1622207] [Info   : Unity Log] Interact trigger destroying! name: InteractTrigger
[19:56:44.1622207] [Info   : Unity Log] Interact trigger destroying! name: InteractTrigger
[19:56:44.1622207] [Info   : Unity Log] Interact trigger destroying! name: InteractTrigger
[19:56:44.1622207] [Info   : Unity Log] Interact trigger destroying! name: InteractTrigger
[19:56:44.1622207] [Info   : Unity Log] Interact trigger destroying! name: InteractTrigger
[19:56:44.1622207] [Info   : Unity Log] Interact trigger destroying! name: InteractTrigger
[19:56:44.1622207] [Info   : Unity Log] Interact trigger destroying! name: InteractTrigger
[19:56:44.1637239] [Info   : Unity Log] Interact trigger destroying! name: InteractTrigger
[19:56:44.1637239] [Info   : Unity Log] Interact trigger destroying! name: InteractTrigger
[19:56:44.1637239] [Info   : Unity Log] Interact trigger destroying! name: InteractTrigger
[19:56:44.1637239] [Info   : Unity Log] Interact trigger destroying! name: InteractTrigger
[19:56:44.1637239] [Info   : Unity Log] Interact trigger destroying! name: InteractTrigger
[19:56:44.1637239] [Info   : Unity Log] Interact trigger destroying! name: InteractTrigger
[19:56:44.1637239] [Info   : Unity Log] Interact trigger destroying! name: InteractTrigger
[19:56:44.1637239] [Info   : Unity Log] Interact trigger destroying! name: InteractTrigger
[19:56:44.1637239] [Info   : Unity Log] Interact trigger destroying! name: InteractTrigger
[19:56:44.1637239] [Info   : Unity Log] Interact trigger destroying! name: InteractTrigger
[19:56:44.1647266] [Info   : Unity Log] Interact trigger destroying! name: InteractTrigger
[19:56:44.1647266] [Info   : Unity Log] Interact trigger destroying! name: InteractTrigger
[19:56:44.1647266] [Info   : Unity Log] Interact trigger destroying! name: InteractTrigger
[19:56:44.1647266] [Info   : Unity Log] Interact trigger destroying! name: InteractTrigger
[19:56:44.1647266] [Info   : Unity Log] Interact trigger destroying! name: InteractTrigger
[19:56:44.1647266] [Info   : Unity Log] Interact trigger destroying! name: InteractTrigger
[19:56:44.1647266] [Info   : Unity Log] Interact trigger destroying! name: InteractTrigger
[19:56:44.1647266] [Info   : Unity Log] Interact trigger destroying! name: InteractTrigger
[19:56:44.1647266] [Info   : Unity Log] Interact trigger destroying! name: InteractTrigger
[19:56:44.1647266] [Info   : Unity Log] Interact trigger destroying! name: InteractTrigger
[19:56:44.1647266] [Info   : Unity Log] Interact trigger destroying! name: InteractTrigger
[19:56:44.1647266] [Info   : Unity Log] Interact trigger destroying! name: InteractTrigger
[19:56:44.1647266] [Info   : Unity Log] Interact trigger destroying! name: InteractTrigger
[19:56:44.1647266] [Info   : Unity Log] Interact trigger destroying! name: InteractTrigger
[19:56:44.1647266] [Info   : Unity Log] Interact trigger destroying! name: InteractTrigger
[19:56:44.1662289] [Info   : Unity Log] Interact trigger destroying! name: InteractTrigger
[19:56:44.1662289] [Info   : Unity Log] Interact trigger destroying! name: InteractTrigger
[19:56:44.1662289] [Info   : Unity Log] Interact trigger destroying! name: InteractTrigger
[19:56:44.1672305] [Info   : Unity Log] Interact trigger destroying! name: KillTrigger
[19:56:44.1672305] [Info   : Unity Log] Interact trigger destroying! name: ExtLadderTrigger
[19:56:44.1722332] [Info   : Unity Log] Interact trigger destroying! name: EntranceTeleportA(Clone)
[19:56:44.1737376] [Info   : Unity Log] Interact trigger destroying! name: Cube
[19:56:44.1737376] [Info   : Unity Log] Interact trigger destroying! name: Cube
[19:56:44.1737376] [Info   : Unity Log] Interact trigger destroying! name: Cube
[19:56:44.1737376] [Info   : Unity Log] Interact trigger destroying! name: SteamValve(Clone)
[19:56:44.1737376] [Info   : Unity Log] Interact trigger destroying! name: SteamValve(Clone)
[19:56:44.1737376] [Info   : Unity Log] Interact trigger destroying! name: SteamValve(Clone)
[19:56:44.1737376] [Info   : Unity Log] Interact trigger destroying! name: EntranceTeleportB(Clone)
[19:56:44.1747424] [Info   : Unity Log] Interact trigger destroying! name: BreakerSwitch1
[19:56:44.1747424] [Info   : Unity Log] Interact trigger destroying! name: BreakerSwitch2
[19:56:44.1747424] [Info   : Unity Log] Interact trigger destroying! name: BreakerSwitch3
[19:56:44.1747424] [Info   : Unity Log] Interact trigger destroying! name: BreakerSwitch4
[19:56:44.1747424] [Info   : Unity Log] Interact trigger destroying! name: BreakerSwitch5
[19:56:44.1747424] [Info   : Unity Log] Interact trigger destroying! name: PowerBoxDoor
[19:56:44.1747424] [Info   : Unity Log] Interact trigger destroying! name: EntranceTeleportB(Clone)
[19:56:44.1747424] [Info   : Unity Log] Interact trigger destroying! name: EntranceTeleportB(Clone)
[19:56:44.1747424] [Info   : Unity Log] Interact trigger destroying! name: Cube
[19:56:44.1747424] [Info   : Unity Log] Interact trigger destroying! name: Cube
[19:56:44.1747424] [Info   : Unity Log] Interact trigger destroying! name: Cube
[19:56:44.1747424] [Info   : Unity Log] Interact trigger destroying! name: Cube
[19:56:44.1747424] [Info   : Unity Log] Interact trigger destroying! name: Cube
[19:56:44.1747424] [Info   : Unity Log] Interact trigger destroying! name: Cube
[19:56:44.1762447] [Info   : Unity Log] Interact trigger destroying! name: Cube
[19:56:44.1762447] [Info   : Unity Log] Interact trigger destroying! name: Cube
[19:56:44.1772481] [Info   : Unity Log] Interact trigger destroying! name: HoverboardChild
[19:56:44.1782480] [Info   : Unity Log] Interact trigger destroying! name: ChangableSuit(Clone)
[19:56:44.1782480] [Debug  :suitsTerminal] Destroying SuitAttribute! [Smile]
[19:56:44.1782480] [Info   : Unity Log] Interact trigger destroying! name: ChangableSuit(Clone)
[19:56:44.1782480] [Debug  :suitsTerminal] Destroying SuitAttribute! [Slayer]
[19:56:44.1782480] [Info   : Unity Log] Interact trigger destroying! name: ChangableSuit(Clone)
[19:56:44.1782480] [Debug  :suitsTerminal] Destroying SuitAttribute! [Skeleton]
[19:56:44.1782480] [Info   : Unity Log] Interact trigger destroying! name: ChangableSuit(Clone)
[19:56:44.1782480] [Debug  :suitsTerminal] Destroying SuitAttribute! [Minion]
[19:56:44.1782480] [Info   : Unity Log] Interact trigger destroying! name: ChangableSuit(Clone)
[19:56:44.1782480] [Debug  :suitsTerminal] Destroying SuitAttribute! [Mario]
[19:56:44.1782480] [Info   : Unity Log] Interact trigger destroying! name: ChangableSuit(Clone)
[19:56:44.1782480] [Debug  :suitsTerminal] Destroying SuitAttribute! [Luigi]
[19:56:44.1782480] [Info   : Unity Log] Interact trigger destroying! name: ChangableSuit(Clone)
[19:56:44.1782480] [Debug  :suitsTerminal] Destroying SuitAttribute! [Knuckles]
[19:56:44.1782480] [Info   : Unity Log] Interact trigger destroying! name: ChangableSuit(Clone)
[19:56:44.1782480] [Debug  :suitsTerminal] Destroying SuitAttribute! [Kirby]
[19:56:44.1782480] [Info   : Unity Log] Interact trigger destroying! name: ChangableSuit(Clone)
[19:56:44.1782480] [Debug  :suitsTerminal] Destroying SuitAttribute! [Glow]
[19:56:44.1782480] [Info   : Unity Log] Interact trigger destroying! name: ChangableSuit(Clone)
[19:56:44.1782480] [Debug  :suitsTerminal] Destroying SuitAttribute! [Zero Two]
[19:56:44.1782480] [Info   : Unity Log] Interact trigger destroying! name: ChangableSuit(Clone)
[19:56:44.1782480] [Debug  :suitsTerminal] Destroying SuitAttribute! [Zero Two [White Suit]]
[19:56:44.1782480] [Info   : Unity Log] Interact trigger destroying! name: ChangableSuit(Clone)
[19:56:44.1792491] [Debug  :suitsTerminal] Destroying SuitAttribute! [Zero Two [School]]
[19:56:44.1792491] [Info   : Unity Log] Interact trigger destroying! name: ChangableSuit(Clone)
[19:56:44.1792491] [Debug  :suitsTerminal] Destroying SuitAttribute! [Zero Two [Red Suit]]
[19:56:44.1792491] [Info   : Unity Log] Interact trigger destroying! name: ChangableSuit(Clone)
[19:56:44.1792491] [Debug  :suitsTerminal] Destroying SuitAttribute! [Yang Xiao Long]
[19:56:44.1792491] [Info   : Unity Log] Interact trigger destroying! name: ChangableSuit(Clone)
[19:56:44.1792491] [Debug  :suitsTerminal] Destroying SuitAttribute! [Yang Xiao Long [Timeskip]]
[19:56:44.1792491] [Info   : Unity Log] Interact trigger destroying! name: ChangableSuit(Clone)
[19:56:44.1792491] [Debug  :suitsTerminal] Destroying SuitAttribute! [Yae Sakura [Neon Shade]]
[19:56:44.1792491] [Info   : Unity Log] Interact trigger destroying! name: ChangableSuit(Clone)
[19:56:44.1792491] [Debug  :suitsTerminal] Destroying SuitAttribute! [Weiss Schnee]
[19:56:44.1792491] [Info   : Unity Log] Interact trigger destroying! name: ChangableSuit(Clone)
[19:56:44.1792491] [Debug  :suitsTerminal] Destroying SuitAttribute! [Weiss Schnee [Timeskip]]
[19:56:44.1792491] [Info   : Unity Log] Interact trigger destroying! name: ChangableSuit(Clone)
[19:56:44.1792491] [Debug  :suitsTerminal] Destroying SuitAttribute! [Weedy]
[19:56:44.1792491] [Info   : Unity Log] Interact trigger destroying! name: ChangableSuit(Clone)
[19:56:44.1792491] [Debug  :suitsTerminal] Destroying SuitAttribute! [Theresa [Lunar Vow]]
[19:56:44.1792491] [Info   : Unity Log] Interact trigger destroying! name: ChangableSuit(Clone)
[19:56:44.1792491] [Debug  :suitsTerminal] Destroying SuitAttribute! [Sparkle]
[19:56:44.1792491] [Info   : Unity Log] Interact trigger destroying! name: ChangableSuit(Clone)
[19:56:44.1792491] [Debug  :suitsTerminal] Destroying SuitAttribute! [Silence Suzuka]
[19:56:44.1792491] [Info   : Unity Log] Interact trigger destroying! name: ChangableSuit(Clone)
[19:56:44.1792491] [Debug  :suitsTerminal] Destroying SuitAttribute! [Silence Suzuka [School]]
[19:56:44.1792491] [Info   : Unity Log] Interact trigger destroying! name: ChangableSuit(Clone)
[19:56:44.1792491] [Debug  :suitsTerminal] Destroying SuitAttribute! [Ruby Rose]
[19:56:44.1792491] [Info   : Unity Log] Interact trigger destroying! name: ChangableSuit(Clone)
[19:56:44.1792491] [Debug  :suitsTerminal] Destroying SuitAttribute! [Ruby Rose [Timeskip]]
[19:56:44.1792491] [Info   : Unity Log] Interact trigger destroying! name: ChangableSuit(Clone)
[19:56:44.1792491] [Debug  :suitsTerminal] Destroying SuitAttribute! [Roland]
[19:56:44.1792491] [Info   : Unity Log] Interact trigger destroying! name: ChangableSuit(Clone)
[19:56:44.1792491] [Debug  :suitsTerminal] Destroying SuitAttribute! [Mostima]
[19:56:44.1792491] [Info   : Unity Log] Interact trigger destroying! name: ChangableSuit(Clone)
[19:56:44.1792491] [Debug  :suitsTerminal] Destroying SuitAttribute! [Mostima [Maid]]
[19:56:44.1792491] [Info   : Unity Log] Interact trigger destroying! name: ChangableSuit(Clone)
[19:56:44.1792491] [Debug  :suitsTerminal] Destroying SuitAttribute! [Mejiro McQueen]
[19:56:44.1792491] [Info   : Unity Log] Interact trigger destroying! name: ChangableSuit(Clone)
[19:56:44.1792491] [Debug  :suitsTerminal] Destroying SuitAttribute! [Mejiro McQueen [School]]
[19:56:44.1792491] [Info   : Unity Log] Interact trigger destroying! name: ChangableSuit(Clone)
[19:56:44.1792491] [Debug  :suitsTerminal] Destroying SuitAttribute! [Mayano Top Gun]
[19:56:44.1792491] [Info   : Unity Log] Interact trigger destroying! name: ChangableSuit(Clone)
[19:56:44.1792491] [Debug  :suitsTerminal] Destroying SuitAttribute! [Mayano Top Gun [School]]
[19:56:44.1792491] [Info   : Unity Log] Interact trigger destroying! name: ChangableSuit(Clone)
[19:56:44.1792491] [Debug  :suitsTerminal] Destroying SuitAttribute! [Kiana]
[19:56:44.1792491] [Info   : Unity Log] Interact trigger destroying! name: ChangableSuit(Clone)
[19:56:44.1792491] [Debug  :suitsTerminal] Destroying SuitAttribute! [Kiana [Finality]]
[19:56:44.1792491] [Info   : Unity Log] Interact trigger destroying! name: ChangableSuit(Clone)
[19:56:44.1792491] [Debug  :suitsTerminal] Destroying SuitAttribute! [Faust]
[19:56:44.1792491] [Info   : Unity Log] Interact trigger destroying! name: ChangableSuit(Clone)
[19:56:44.1792491] [Debug  :suitsTerminal] Destroying SuitAttribute! [Cheval Grand]
[19:56:44.1792491] [Info   : Unity Log] Interact trigger destroying! name: ChangableSuit(Clone)
[19:56:44.1792491] [Debug  :suitsTerminal] Destroying SuitAttribute! [Cheval Grand [School]]
[19:56:44.1792491] [Info   : Unity Log] Interact trigger destroying! name: ChangableSuit(Clone)
[19:56:44.1792491] [Debug  :suitsTerminal] Destroying SuitAttribute! [Blake Belladonna]
[19:56:44.1792491] [Info   : Unity Log] Interact trigger destroying! name: ChangableSuit(Clone)
[19:56:44.1792491] [Debug  :suitsTerminal] Destroying SuitAttribute! [Blake Belladonna [Timeskip]]
[19:56:44.1792491] [Info   : Unity Log] Interact trigger destroying! name: ChangableSuit(Clone)
[19:56:44.1802483] [Debug  :suitsTerminal] Destroying SuitAttribute! [Anby]
[19:56:44.1802483] [Info   : Unity Log] Interact trigger destroying! name: ChangableSuit(Clone)
[19:56:44.1802483] [Debug  :suitsTerminal] Destroying SuitAttribute! [Orange suit]
[19:56:44.1802483] [Info   : Unity Log] Interact trigger destroying! name: LeverContainer
[19:56:44.1802483] [Info   : Unity Log] Interact trigger destroying! name: InteractTrigger
[19:56:44.1802483] [Info   : Unity Log] Interact trigger destroying! name: Trigger
[19:56:44.1802483] [Info   : Unity Log] Interact trigger destroying! name: Trigger
[19:56:44.1902596] [Info   : Unity Log] Resetting unlockables list!
[19:56:44.1902596] [Info   :BrutalCompanyMinusExtraReborn] Executing OnLocalDisconnect for all events()
[19:56:44.1902596] [Info   :HotbarPlus-1.8.5] Finished receiving OnUpdatePurchasedHotbarSlots update. New purchased hotbar slots: 0
[19:56:44.1902596] [Info   : Unity Log] Scene manager is null
[19:56:44.2239135] [Info   :LethalPerformance] Saved 1 save(s)
[19:56:44.2620117] [Info   : Unity Log] Interact trigger destroying! name: EntranceTeleportB
[19:56:44.2630120] [Info   : Unity Log] Interact trigger destroying! name: EntranceTeleportA
[19:56:44.2630120] [Info   : Unity Log] Interact trigger destroying! name: EntranceTeleportC
[19:56:44.2630120] [Info   : Unity Log] Interact trigger destroying! name: EntranceTeleportD
[19:56:44.2630120] [Info   : Unity Log] Interact trigger destroying! name: LadderTrigger (1)
[19:56:44.2630120] [Info   : Unity Log] Interact trigger destroying! name: LadderTrigger
[19:56:44.2630120] [Info   : Unity Log] Interact trigger destroying! name: LadderTrigger
[19:56:44.2630120] [Info   : Unity Log] Interact trigger destroying! name: KillTrigger
[19:56:44.2675195] [Info   : Unity Log] DISABLING connection callbacks in round manager
[19:56:44.2959279] [Info   : Unity Log] Interact trigger destroying! name: Trigger
[19:56:44.2959279] [Info   : Unity Log] Interact trigger destroying! name: KillTrigger
[19:56:44.2959279] [Info   : Unity Log] Interact trigger destroying! name: KillTrigger
[19:56:44.2969282] [Info   : Unity Log] Interact trigger destroying! name: KillTrigger
[19:56:44.2969282] [Info   : Unity Log] Interact trigger destroying! name: KillTrigger
[19:56:44.2969282] [Info   : Unity Log] Interact trigger destroying! name: KillTrigger
[19:56:44.2969282] [Info   : Unity Log] Interact trigger destroying! name: KillTrigger
[19:56:44.2979270] [Info   : Unity Log] Interact trigger destroying! name: KillTrigger
[19:56:44.2979270] [Info   : Unity Log] Interact trigger destroying! name: KillTrigger
[19:56:44.2979270] [Info   : Unity Log] Interact trigger destroying! name: KillTrigger
[19:56:44.2979270] [Info   : Unity Log] Interact trigger destroying! name: KillTrigger
[19:56:44.2979270] [Info   : Unity Log] Interact trigger destroying! name: KillTrigger
[19:56:44.2989273] [Info   : Unity Log] Interact trigger destroying! name: KillTrigger
[19:56:44.2989273] [Info   : Unity Log] Interact trigger destroying! name: KillTrigger
[19:56:44.2999274] [Info   : Unity Log] Interact trigger destroying! name: KillTrigger
[19:56:44.2999274] [Info   : Unity Log] Interact trigger destroying! name: KillTrigger
[19:56:44.2999274] [Info   : Unity Log] Interact trigger destroying! name: KillTrigger
[19:56:44.2999274] [Info   : Unity Log] Interact trigger destroying! name: KillTrigger
[19:56:44.3009274] [Info   : Unity Log] Interact trigger destroying! name: KillTrigger
[19:56:44.3009274] [Info   : Unity Log] Interact trigger destroying! name: KillTrigger
[19:56:44.3009274] [Info   : Unity Log] Interact trigger destroying! name: KillTrigger
[19:56:44.3184461] [Info   : Unity Log] Terminal disabled, disabling ESC key listener
[19:56:44.3204466] [Info   : Unity Log] Interact trigger destroying! name: Cube
[19:56:44.3204466] [Info   : Unity Log] Interact trigger destroying! name: Cube
[19:56:44.3204466] [Info   : Unity Log] Interact trigger destroying! name: Cube
[19:56:44.3204466] [Info   : Unity Log] Interact trigger destroying! name: Cube (1)
[19:56:44.3204466] [Info   : Unity Log] Interact trigger destroying! name: Cube (2)
[19:56:44.3204466] [Info   : Unity Log] Interact trigger destroying! name: Cube (3)
[19:56:44.3204466] [Info   : Unity Log] Interact trigger destroying! name: LadderTrigger
[19:56:44.3204466] [Info   : Unity Log] Interact trigger destroying! name: trigger
[19:56:44.3204466] [Info   : Unity Log] Interact trigger destroying! name: trigger
[19:56:44.3204466] [Info   : Unity Log] Interact trigger destroying! name: LadderTrigger
[19:56:44.3204466] [Info   : Unity Log] Interact trigger destroying! name: LadderTrigger
[19:56:44.3204466] [Info   : Unity Log] Interact trigger destroying! name: TerminalScript
[19:56:44.3204466] [Info   : Unity Log] Interact trigger destroying! name: StartGameLever
[19:56:44.3204466] [Info   : Unity Log] Interact trigger destroying! name: Trigger
[19:56:44.3204466] [Info   : Unity Log] Interact trigger destroying! name: Cube
[19:56:44.3214476] [Info   : Unity Log] Interact trigger destroying! name: Cube (2)
[19:56:44.3214476] [Info   : Unity Log] Interact trigger destroying! name: Cube (2)
[19:56:44.3214476] [Info   : Unity Log] Interact trigger destroying! name: Cube (2)
[19:56:44.3214476] [Info   : Unity Log] Interact trigger destroying! name: Cube (3)
[19:56:44.3214476] [Info   : Unity Log] Interact trigger destroying! name: LightSwitch
[19:56:44.3214476] [Info   : Unity Log] Interact trigger destroying! name: KillTrigger
[19:56:44.3214476] [Info   : Unity Log] Interact trigger destroying! name: MagnetLever
[19:56:44.3224474] [Info   : Unity Log] Interact trigger destroying! name: LadderTrigger
[19:56:44.3309580] [Info   : Unity Log] Interact trigger destroying! name: StoryLogCollectable (3)
[19:56:44.3479771] [Warning:LethalPerformance] EntranceTeleport search called with inactive objects, probably will cause incompatibility!
[19:56:44.3609920] [Warning:LethalPerformance] EntranceTeleport search called with inactive objects, probably will cause incompatibility!
[19:56:44.3685065] [Info   :MoreCompany] LANMenu startLAN Patched
[19:56:44.6916173] [Debug  :LCUltrawide_Community] NOT setting PixelResolution to [0]
[19:56:45.9647766] [Info   : Unity Log] Returning week num: 146
[19:56:45.9647766] [Info   : Unity Log] week num: 146
[19:56:45.9707758] [Debug  :Buttery Fixes] Menu: Override volumes on camera CanvasCam
[19:56:45.9707758] [Message:LethalSponge] Calling initial Resources.UnloadUnusedAssets().
[19:56:45.9807925] [Debug  :PizzaTowerEscapeMusic GameEventListener] Sound Manager destroyed
[19:56:45.9882994] [Info   :PizzaTowerEscapeMusic MusicManager] All music clips unloaded
[19:56:45.9882994] [Debug  :PizzaTowerEscapeMusic GameEventListener] Ship returned to orbit
[19:56:45.9903002] [Info   :LethalPerformance] Saved 1 save(s)
[19:56:47.0537612] [Debug  :ainavt.lc.lethalconfig] Injecting mod config menu into main menu...
[19:56:47.0679130] [Info   :TestAccountCore] TestAccountCore is running on version v81!
[19:56:48.0085594] [Debug  :LethalNetworkAPI] Disposing of UnnamedMessageHandler.
[19:56:48.0085594] [Warning: Unity Log] [SpectateEnemies]: Config saved
[19:56:48.0095602] [Debug  :More Ship Upgrades] [GameNetworkManagerPatcher] Resetting the Upgrade Bus due to disconnecting...
