[18:04:04.6915856] [Info   : Unity Log] Disconnect callback called for local client; ignoring.
[18:04:04.6935944] [Info   : Unity Log] Interact trigger destroying! name: trigger
[18:04:04.6945928] [Debug  :Starlancer AI Fix] Bulbmin_JON7hZ from the interior enemy list has died; 
Previous interior power level is 0
[18:04:04.6945928] [Debug  :Starlancer AI Fix] Removing Bulbmin_JON7hZ's power (0) from the RoundManager; 
Current interior power level is 0
[18:04:04.6945928] [Debug  :Starlancer AI Fix] Purple Pikmin_1gAf from the interior enemy list has died; 
Previous interior power level is 0
[18:04:04.6945928] [Debug  :Starlancer AI Fix] Removing Purple Pikmin_1gAf's power (0) from the RoundManager; 
Current interior power level is 0
[18:04:04.6955930] [Debug  :Starlancer AI Fix] Bulbmin_izxDwg from the interior enemy list has died; 
Previous interior power level is 0
[18:04:04.6955930] [Debug  :Starlancer AI Fix] Removing Bulbmin_izxDwg's power (0) from the RoundManager; 
Current interior power level is 0
[18:04:04.6955930] [Debug  :Starlancer AI Fix] Bulbmin_QIkl from the interior enemy list has died; 
Previous interior power level is 0
[18:04:04.6955930] [Debug  :Starlancer AI Fix] Removing Bulbmin_QIkl's power (0) from the RoundManager; 
Current interior power level is 0
[18:04:04.6955930] [Debug  :Starlancer AI Fix] Bulbmin_8aWJCm from the interior enemy list has died; 
Previous interior power level is 0
[18:04:04.6955930] [Debug  :Starlancer AI Fix] Removing Bulbmin_8aWJCm's power (0) from the RoundManager; 
Current interior power level is 0
[18:04:04.6955930] [Debug  :Starlancer AI Fix] Purple Pikmin_qtJr from the interior enemy list has died; 
Previous interior power level is 0
[18:04:04.6955930] [Debug  :Starlancer AI Fix] Removing Purple Pikmin_qtJr's power (0) from the RoundManager; 
Current interior power level is 0
[18:04:04.6965955] [Debug  :Starlancer AI Fix] White Pikmin_YC6PSt from the interior enemy list has died; 
Previous interior power level is 0
[18:04:04.6965955] [Debug  :Starlancer AI Fix] Removing White Pikmin_YC6PSt's power (0) from the RoundManager; 
Current interior power level is 0
[18:04:04.6965955] [Debug  :Starlancer AI Fix] Purple Pikmin_GUtx from the interior enemy list has died; 
Previous interior power level is 0
[18:04:04.6965955] [Debug  :Starlancer AI Fix] Removing Purple Pikmin_GUtx's power (0) from the RoundManager; 
Current interior power level is 0
[18:04:04.6965955] [Debug  :Starlancer AI Fix] Purple Pikmin_xnfVhz from the interior enemy list has died; 
Previous interior power level is 0
[18:04:04.6965955] [Debug  :Starlancer AI Fix] Removing Purple Pikmin_xnfVhz's power (0) from the RoundManager; 
Current interior power level is 0
[18:04:04.6965955] [Info   : Unity Log] Interact trigger destroying! name: InteractTrigger
[18:04:04.6965955] [Info   : Unity Log] Interact trigger destroying! name: InteractTrigger
[18:04:04.6965955] [Info   : Unity Log] Interact trigger destroying! name: InteractTrigger
[18:04:04.6975929] [Info   : Unity Log] Interact trigger destroying! name: InteractTrigger
[18:04:04.6975929] [Info   : Unity Log] Interact trigger destroying! name: InteractTrigger
[18:04:04.6975929] [Info   : Unity Log] Interact trigger destroying! name: InteractTrigger
[18:04:04.6975929] [Info   : Unity Log] Interact trigger destroying! name: InteractTrigger
[18:04:04.6975929] [Info   : Unity Log] Interact trigger destroying! name: InteractTrigger
[18:04:04.6975929] [Info   : Unity Log] Interact trigger destroying! name: InteractTrigger
[18:04:04.6975929] [Info   : Unity Log] Interact trigger destroying! name: InteractTrigger
[18:04:04.6975929] [Info   : Unity Log] Interact trigger destroying! name: InteractTrigger
[18:04:04.6975929] [Info   : Unity Log] Interact trigger destroying! name: InteractTrigger
[18:04:04.6975929] [Info   : Unity Log] Interact trigger destroying! name: InteractTrigger
[18:04:04.6975929] [Info   : Unity Log] Interact trigger destroying! name: InteractTrigger
[18:04:04.6975929] [Info   : Unity Log] Interact trigger destroying! name: InteractTrigger
[18:04:04.6985922] [Info   : Unity Log] Interact trigger destroying! name: InteractTrigger
[18:04:04.6985922] [Info   : Unity Log] Interact trigger destroying! name: InteractTrigger
[18:04:04.6985922] [Info   : Unity Log] Interact trigger destroying! name: InteractTrigger
[18:04:04.6985922] [Info   : Unity Log] Interact trigger destroying! name: InteractTrigger
[18:04:04.6985922] [Info   : Unity Log] Interact trigger destroying! name: InteractTrigger
[18:04:04.6985922] [Info   : Unity Log] Interact trigger destroying! name: InteractTrigger
[18:04:04.6985922] [Info   : Unity Log] Interact trigger destroying! name: InteractTrigger
[18:04:04.6985922] [Info   : Unity Log] Interact trigger destroying! name: InteractTrigger
[18:04:04.6985922] [Info   : Unity Log] Interact trigger destroying! name: InteractTrigger
[18:04:04.6985922] [Info   : Unity Log] Interact trigger destroying! name: InteractTrigger
[18:04:04.6985922] [Info   : Unity Log] Interact trigger destroying! name: InteractTrigger
[18:04:04.6985922] [Info   : Unity Log] Interact trigger destroying! name: InteractTrigger
[18:04:04.6985922] [Info   : Unity Log] Interact trigger destroying! name: InteractTrigger
[18:04:04.6985922] [Info   : Unity Log] Interact trigger destroying! name: InteractTrigger
[18:04:04.6985922] [Info   : Unity Log] Interact trigger destroying! name: InteractTrigger
[18:04:04.6985922] [Info   : Unity Log] Interact trigger destroying! name: InteractTrigger
[18:04:04.6985922] [Info   : Unity Log] Interact trigger destroying! name: InteractTrigger
[18:04:04.6985922] [Info   : Unity Log] Interact trigger destroying! name: InteractTrigger
[18:04:04.7000951] [Info   : Unity Log] Interact trigger destroying! name: InteractTrigger
[18:04:04.7000951] [Info   : Unity Log] Interact trigger destroying! name: InteractTrigger
[18:04:04.7000951] [Debug  :Starlancer AI Fix] SandSpider(Clone) from the exterior enemy list has died; 
Previous exterior power level is 0
[18:04:04.7000951] [Debug  :Starlancer AI Fix] Removing SandSpider(Clone)'s power (2) from the RoundManager; 
Current exterior power level is 0
[18:04:04.7000951] [Message:SpiderPositionFix] Cleared Bunker Spider #0's data
[18:04:04.7026035] [Debug  :Starlancer AI Fix] SandSpider(Clone) from the exterior enemy list has died; 
Previous exterior power level is 0
[18:04:04.7026035] [Debug  :Starlancer AI Fix] Removing SandSpider(Clone)'s power (2) from the RoundManager; 
Current exterior power level is 0
[18:04:04.7026035] [Debug  :GeneralImprovements] Updated danger level display.
[18:04:04.7026035] [Message:SpiderPositionFix] Cleared Bunker Spider #0's data
[18:04:04.7036028] [Debug  :Starlancer AI Fix] SandSpider(Clone) from the exterior enemy list has died; 
Previous exterior power level is 0
[18:04:04.7036028] [Debug  :Starlancer AI Fix] Removing SandSpider(Clone)'s power (2) from the RoundManager; 
Current exterior power level is 0
[18:04:04.7036028] [Message:SpiderPositionFix] Cleared Bunker Spider #0's data
[18:04:04.7046041] [Debug  :Starlancer AI Fix] ShyGuy(Clone) from the interior enemy list has died; 
Previous interior power level is 0
[18:04:04.7046041] [Debug  :Starlancer AI Fix] Removing ShyGuy(Clone)'s power (3) from the RoundManager; 
Current interior power level is 0
[18:04:04.7056021] [Debug  :Starlancer AI Fix] ShyGuy(Clone) from the interior enemy list has died; 
Previous interior power level is 0
[18:04:04.7056021] [Debug  :Starlancer AI Fix] Removing ShyGuy(Clone)'s power (3) from the RoundManager; 
Current interior power level is 0
[18:04:04.7056021] [Debug  :GeneralImprovements] Updated danger level display.
[18:04:04.7076031] [Info   : Unity Log] Interact trigger destroying! name: InteractTrigger
[18:04:04.7101118] [Info   : Unity Log] Interact trigger destroying! name: EntranceTeleportAManor(Clone)
[18:04:04.7101118] [Info   : Unity Log] Interact trigger destroying! name: DrawerLeftAnimContainer
[18:04:04.7101118] [Info   : Unity Log] Interact trigger destroying! name: DrawerRightAnimContainer
[18:04:04.7101118] [Info   : Unity Log] Interact trigger destroying! name: Cube
[18:04:04.7101118] [Info   : Unity Log] Interact trigger destroying! name: Cube (1)
[18:04:04.7101118] [Info   : Unity Log] Interact trigger destroying! name: Cube (1)
[18:04:04.7101118] [Info   : Unity Log] Interact trigger destroying! name: Cube (1)
[18:04:04.7101118] [Info   : Unity Log] Interact trigger destroying! name: Cube (1)
[18:04:04.7101118] [Info   : Unity Log] Interact trigger destroying! name: Cube (1)
[18:04:04.7101118] [Info   : Unity Log] Interact trigger destroying! name: Cube (1)
[18:04:04.7101118] [Info   : Unity Log] Interact trigger destroying! name: Cube (26)
[18:04:04.7101118] [Info   : Unity Log] Interact trigger destroying! name: Cube
[18:04:04.7101118] [Info   : Unity Log] Interact trigger destroying! name: Cube (1)
[18:04:04.7101118] [Info   : Unity Log] Interact trigger destroying! name: Cube (1)
[18:04:04.7101118] [Info   : Unity Log] Interact trigger destroying! name: Cube (1)
[18:04:04.7101118] [Info   : Unity Log] Interact trigger destroying! name: Cube (1)
[18:04:04.7101118] [Info   : Unity Log] Interact trigger destroying! name: Cube (1)
[18:04:04.7101118] [Info   : Unity Log] Interact trigger destroying! name: Cube (1)
[18:04:04.7101118] [Info   : Unity Log] Interact trigger destroying! name: Cube (26)
[18:04:04.7101118] [Info   : Unity Log] Interact trigger destroying! name: Cube
[18:04:04.7116162] [Info   : Unity Log] Interact trigger destroying! name: Cube (1)
[18:04:04.7116162] [Info   : Unity Log] Interact trigger destroying! name: Cube (1)
[18:04:04.7116162] [Info   : Unity Log] Interact trigger destroying! name: Cube (1)
[18:04:04.7116162] [Info   : Unity Log] Interact trigger destroying! name: Cube (1)
[18:04:04.7116162] [Info   : Unity Log] Interact trigger destroying! name: Cube (1)
[18:04:04.7116162] [Info   : Unity Log] Interact trigger destroying! name: Cube (1)
[18:04:04.7116162] [Info   : Unity Log] Interact trigger destroying! name: Cube (26)
[18:04:04.7116162] [Info   : Unity Log] Interact trigger destroying! name: Cube
[18:04:04.7116162] [Info   : Unity Log] Interact trigger destroying! name: DrawerLowerLeftAnimContainer
[18:04:04.7116162] [Info   : Unity Log] Interact trigger destroying! name: DrawerLowerLeftAnimContainer
[18:04:04.7116162] [Info   : Unity Log] Interact trigger destroying! name: DrawerUpperLeftAnimContainer
[18:04:04.7116162] [Info   : Unity Log] Interact trigger destroying! name: DrawerUpperLeftAnimContainer
[18:04:04.7116162] [Info   : Unity Log] Interact trigger destroying! name: EntranceTeleportB(Clone)
[18:04:04.7116162] [Info   : Unity Log] Interact trigger destroying! name: LadderTrigger
[18:04:04.7116162] [Info   : Unity Log] Interact trigger destroying! name: Trigger
[18:04:04.7126204] [Info   : Unity Log] Interact trigger destroying! name: BreakerSwitch1
[18:04:04.7126204] [Info   : Unity Log] Interact trigger destroying! name: BreakerSwitch2
[18:04:04.7126204] [Info   : Unity Log] Interact trigger destroying! name: BreakerSwitch3
[18:04:04.7126204] [Info   : Unity Log] Interact trigger destroying! name: BreakerSwitch4
[18:04:04.7126204] [Info   : Unity Log] Interact trigger destroying! name: BreakerSwitch5
[18:04:04.7126204] [Info   : Unity Log] Interact trigger destroying! name: PowerBoxDoor
[18:04:04.7126204] [Info   : Unity Log] Interact trigger destroying! name: Cube (1)
[18:04:04.7126204] [Info   : Unity Log] Interact trigger destroying! name: Cube (1)
[18:04:04.7126204] [Info   : Unity Log] Interact trigger destroying! name: Cube (1)
[18:04:04.7126204] [Info   : Unity Log] Interact trigger destroying! name: Cube (1)
[18:04:04.7126204] [Info   : Unity Log] Interact trigger destroying! name: Cube (1)
[18:04:04.7126204] [Info   : Unity Log] Interact trigger destroying! name: Cube (1)
[18:04:04.7126204] [Info   : Unity Log] Interact trigger destroying! name: Cube (26)
[18:04:04.7126204] [Info   : Unity Log] Interact trigger destroying! name: Cube
[18:04:04.7126204] [Info   : Unity Log] Interact trigger destroying! name: Cube
[18:04:04.7126204] [Info   : Unity Log] Interact trigger destroying! name: Cube
[18:04:04.7126204] [Info   : Unity Log] Interact trigger destroying! name: Cube
[18:04:04.7126204] [Info   : Unity Log] Interact trigger destroying! name: Cube
[18:04:04.7126204] [Info   : Unity Log] Interact trigger destroying! name: Cube
[18:04:04.7126204] [Info   : Unity Log] Interact trigger destroying! name: Cube
[18:04:04.7126204] [Info   : Unity Log] Interact trigger destroying! name: Cube
[18:04:04.7136244] [Info   : Unity Log] Interact trigger destroying! name: Cube
[18:04:04.7136244] [Info   : Unity Log] Interact trigger destroying! name: DoorLeftTrigger
[18:04:04.7136244] [Info   : Unity Log] Interact trigger destroying! name: DoorRightTrigger
[18:04:04.7136244] [Info   : Unity Log] Interact trigger destroying! name: DoorLeftTrigger
[18:04:04.7136244] [Info   : Unity Log] Interact trigger destroying! name: DoorRightTrigger
[18:04:04.7136244] [Info   : Unity Log] Interact trigger destroying! name: Cube
[18:04:04.7136244] [Info   : Unity Log] Interact trigger destroying! name: Cube
[18:04:04.7136244] [Info   : Unity Log] Interact trigger destroying! name: Cube
[18:04:04.7136244] [Info   : Unity Log] Interact trigger destroying! name: InteractTrigger
[18:04:04.7136244] [Info   : Unity Log] Interact trigger destroying! name: InteractTrigger
[18:04:04.7136244] [Info   : Unity Log] Interact trigger destroying! name: InteractTrigger
[18:04:04.7136244] [Info   : Unity Log] Interact trigger destroying! name: InteractTrigger
[18:04:04.7136244] [Info   : Unity Log] Interact trigger destroying! name: InteractTrigger
[18:04:04.7136244] [Info   : Unity Log] Interact trigger destroying! name: InteractTrigger
[18:04:04.7136244] [Info   : Unity Log] Interact trigger destroying! name: InteractTrigger
[18:04:04.7136244] [Info   : Unity Log] Interact trigger destroying! name: Metal Crate(Clone)
[18:04:04.7176246] [Info   : Unity Log] Interact trigger destroying! name: ChangableSuit(Clone)
[18:04:04.7176246] [Debug  :suitsTerminal] Destroying SuitAttribute! [Smile]
[18:04:04.7176246] [Info   : Unity Log] Interact trigger destroying! name: ChangableSuit(Clone)
[18:04:04.7176246] [Debug  :suitsTerminal] Destroying SuitAttribute! [Slayer]
[18:04:04.7176246] [Info   : Unity Log] Interact trigger destroying! name: ChangableSuit(Clone)
[18:04:04.7176246] [Debug  :suitsTerminal] Destroying SuitAttribute! [Skeleton]
[18:04:04.7176246] [Info   : Unity Log] Interact trigger destroying! name: ChangableSuit(Clone)
[18:04:04.7176246] [Debug  :suitsTerminal] Destroying SuitAttribute! [Minion]
[18:04:04.7176246] [Info   : Unity Log] Interact trigger destroying! name: ChangableSuit(Clone)
[18:04:04.7176246] [Debug  :suitsTerminal] Destroying SuitAttribute! [Mario]
[18:04:04.7176246] [Info   : Unity Log] Interact trigger destroying! name: ChangableSuit(Clone)
[18:04:04.7176246] [Debug  :suitsTerminal] Destroying SuitAttribute! [Luigi]
[18:04:04.7176246] [Info   : Unity Log] Interact trigger destroying! name: ChangableSuit(Clone)
[18:04:04.7176246] [Debug  :suitsTerminal] Destroying SuitAttribute! [Knuckles]
[18:04:04.7176246] [Info   : Unity Log] Interact trigger destroying! name: ChangableSuit(Clone)
[18:04:04.7176246] [Debug  :suitsTerminal] Destroying SuitAttribute! [Kirby]
[18:04:04.7176246] [Info   : Unity Log] Interact trigger destroying! name: ChangableSuit(Clone)
[18:04:04.7176246] [Debug  :suitsTerminal] Destroying SuitAttribute! [Glow]
[18:04:04.7176246] [Info   : Unity Log] Interact trigger destroying! name: ChangableSuit(Clone)
[18:04:04.7176246] [Debug  :suitsTerminal] Destroying SuitAttribute! [Zero Two]
[18:04:04.7176246] [Info   : Unity Log] Interact trigger destroying! name: ChangableSuit(Clone)
[18:04:04.7176246] [Debug  :suitsTerminal] Destroying SuitAttribute! [Zero Two [White Suit]]
[18:04:04.7176246] [Info   : Unity Log] Interact trigger destroying! name: ChangableSuit(Clone)
[18:04:04.7176246] [Debug  :suitsTerminal] Destroying SuitAttribute! [Zero Two [School]]
[18:04:04.7176246] [Info   : Unity Log] Interact trigger destroying! name: ChangableSuit(Clone)
[18:04:04.7176246] [Debug  :suitsTerminal] Destroying SuitAttribute! [Zero Two [Red Suit]]
[18:04:04.7176246] [Info   : Unity Log] Interact trigger destroying! name: ChangableSuit(Clone)
[18:04:04.7176246] [Debug  :suitsTerminal] Destroying SuitAttribute! [Yang Xiao Long]
[18:04:04.7176246] [Info   : Unity Log] Interact trigger destroying! name: ChangableSuit(Clone)
[18:04:04.7176246] [Debug  :suitsTerminal] Destroying SuitAttribute! [Yang Xiao Long [Timeskip]]
[18:04:04.7176246] [Info   : Unity Log] Interact trigger destroying! name: ChangableSuit(Clone)
[18:04:04.7176246] [Debug  :suitsTerminal] Destroying SuitAttribute! [Yae Sakura [Neon Shade]]
[18:04:04.7176246] [Info   : Unity Log] Interact trigger destroying! name: ChangableSuit(Clone)
[18:04:04.7176246] [Debug  :suitsTerminal] Destroying SuitAttribute! [Weiss Schnee]
[18:04:04.7176246] [Info   : Unity Log] Interact trigger destroying! name: ChangableSuit(Clone)
[18:04:04.7176246] [Debug  :suitsTerminal] Destroying SuitAttribute! [Weiss Schnee [Timeskip]]
[18:04:04.7176246] [Info   : Unity Log] Interact trigger destroying! name: ChangableSuit(Clone)
[18:04:04.7176246] [Debug  :suitsTerminal] Destroying SuitAttribute! [Weedy]
[18:04:04.7176246] [Info   : Unity Log] Interact trigger destroying! name: ChangableSuit(Clone)
[18:04:04.7176246] [Debug  :suitsTerminal] Destroying SuitAttribute! [Theresa [Lunar Vow]]
[18:04:04.7191280] [Info   : Unity Log] Interact trigger destroying! name: ChangableSuit(Clone)
[18:04:04.7191280] [Debug  :suitsTerminal] Destroying SuitAttribute! [Sparkle]
[18:04:04.7191280] [Info   : Unity Log] Interact trigger destroying! name: ChangableSuit(Clone)
[18:04:04.7191280] [Debug  :suitsTerminal] Destroying SuitAttribute! [Silence Suzuka]
[18:04:04.7191280] [Info   : Unity Log] Interact trigger destroying! name: ChangableSuit(Clone)
[18:04:04.7191280] [Debug  :suitsTerminal] Destroying SuitAttribute! [Silence Suzuka [School]]
[18:04:04.7191280] [Info   : Unity Log] Interact trigger destroying! name: ChangableSuit(Clone)
[18:04:04.7191280] [Debug  :suitsTerminal] Destroying SuitAttribute! [Ruby Rose]
[18:04:04.7191280] [Info   : Unity Log] Interact trigger destroying! name: ChangableSuit(Clone)
[18:04:04.7191280] [Debug  :suitsTerminal] Destroying SuitAttribute! [Ruby Rose [Timeskip]]
[18:04:04.7191280] [Info   : Unity Log] Interact trigger destroying! name: ChangableSuit(Clone)
[18:04:04.7191280] [Debug  :suitsTerminal] Destroying SuitAttribute! [Roland]
[18:04:04.7191280] [Info   : Unity Log] Interact trigger destroying! name: ChangableSuit(Clone)
[18:04:04.7191280] [Debug  :suitsTerminal] Destroying SuitAttribute! [Mostima]
[18:04:04.7191280] [Info   : Unity Log] Interact trigger destroying! name: ChangableSuit(Clone)
[18:04:04.7191280] [Debug  :suitsTerminal] Destroying SuitAttribute! [Mostima [Maid]]
[18:04:04.7191280] [Info   : Unity Log] Interact trigger destroying! name: ChangableSuit(Clone)
[18:04:04.7191280] [Debug  :suitsTerminal] Destroying SuitAttribute! [Mejiro McQueen]
[18:04:04.7191280] [Info   : Unity Log] Interact trigger destroying! name: ChangableSuit(Clone)
[18:04:04.7191280] [Debug  :suitsTerminal] Destroying SuitAttribute! [Mejiro McQueen [School]]
[18:04:04.7191280] [Info   : Unity Log] Interact trigger destroying! name: ChangableSuit(Clone)
[18:04:04.7191280] [Debug  :suitsTerminal] Destroying SuitAttribute! [Mayano Top Gun]
[18:04:04.7191280] [Info   : Unity Log] Interact trigger destroying! name: ChangableSuit(Clone)
[18:04:04.7191280] [Debug  :suitsTerminal] Destroying SuitAttribute! [Mayano Top Gun [School]]
[18:04:04.7191280] [Info   : Unity Log] Interact trigger destroying! name: ChangableSuit(Clone)
[18:04:04.7191280] [Debug  :suitsTerminal] Destroying SuitAttribute! [Kiana]
[18:04:04.7191280] [Info   : Unity Log] Interact trigger destroying! name: ChangableSuit(Clone)
[18:04:04.7191280] [Debug  :suitsTerminal] Destroying SuitAttribute! [Kiana [Finality]]
[18:04:04.7191280] [Info   : Unity Log] Interact trigger destroying! name: ChangableSuit(Clone)
[18:04:04.7191280] [Debug  :suitsTerminal] Destroying SuitAttribute! [Faust]
[18:04:04.7191280] [Info   : Unity Log] Interact trigger destroying! name: ChangableSuit(Clone)
[18:04:04.7191280] [Debug  :suitsTerminal] Destroying SuitAttribute! [Cheval Grand]
[18:04:04.7191280] [Info   : Unity Log] Interact trigger destroying! name: ChangableSuit(Clone)
[18:04:04.7191280] [Debug  :suitsTerminal] Destroying SuitAttribute! [Cheval Grand [School]]
[18:04:04.7191280] [Info   : Unity Log] Interact trigger destroying! name: ChangableSuit(Clone)
[18:04:04.7191280] [Debug  :suitsTerminal] Destroying SuitAttribute! [Blake Belladonna]
[18:04:04.7191280] [Info   : Unity Log] Interact trigger destroying! name: ChangableSuit(Clone)
[18:04:04.7191280] [Debug  :suitsTerminal] Destroying SuitAttribute! [Blake Belladonna [Timeskip]]
[18:04:04.7191280] [Info   : Unity Log] Interact trigger destroying! name: ChangableSuit(Clone)
[18:04:04.7191280] [Debug  :suitsTerminal] Destroying SuitAttribute! [Anby]
[18:04:04.7201332] [Info   : Unity Log] Interact trigger destroying! name: ChangableSuit(Clone)
[18:04:04.7201332] [Debug  :suitsTerminal] Destroying SuitAttribute! [Orange suit]
[18:04:04.7201332] [Info   : Unity Log] Interact trigger destroying! name: LeverContainer
[18:04:04.7201332] [Info   : Unity Log] Interact trigger destroying! name: InteractTrigger
[18:04:04.7201332] [Info   : Unity Log] Interact trigger destroying! name: Trigger
[18:04:04.7201332] [Info   : Unity Log] Interact trigger destroying! name: Trigger
[18:04:04.7256423] [Info   : Unity Log] DropAllHeldItems called on player 'MasaeAhmya'; itemsFall: True; disconnecting: False; ItemSlots length: 11; isHoldingObject: True
[18:04:04.7256423] [Info   : Unity Log] DropAllHeldItems; player pos: (-5.55, 0.29, -14.03)
[18:04:04.7256423] [Info   : Unity Log] Item slot #0 null?: True
[18:04:04.7256423] [Info   : Unity Log] Item slot #1 null?: True
[18:04:04.7256423] [Info   : Unity Log] Item slot #2 null?: True
[18:04:04.7256423] [Info   : Unity Log] Item slot #3 null?: True
[18:04:04.7256423] [Info   : Unity Log] Item slot #4 null?: True
[18:04:04.7256423] [Info   : Unity Log] Item slot #5 null?: True
[18:04:04.7256423] [Info   : Unity Log] Item slot #6 null?: True
[18:04:04.7256423] [Info   : Unity Log] Item slot #7 null?: True
[18:04:04.7256423] [Info   : Unity Log] Item slot #8 null?: True
[18:04:04.7256423] [Info   : Unity Log] Item slot #9 null?: True
[18:04:04.7256423] [Info   : Unity Log] Item slot #10 null?: True
[18:04:04.7256423] [Warning: Unity Log] Parent of RectTransform is being set with parent property. Consider using the SetParent method instead, with the worldPositionStays argument set to false. This will retain local orientation and scale rather than world orientation and scale, which can prevent common UI scaling issues.
[18:04:04.7406706] [Info   : Unity Log] Resetting unlockables list!
[18:04:04.7406706] [Info   :BrutalCompanyMinusExtraReborn] Executing OnLocalDisconnect for all events()
[18:04:04.7406706] [Info   :HotbarPlus-1.8.5] Finished receiving OnUpdatePurchasedHotbarSlots update. New purchased hotbar slots: 0
[18:04:04.7406706] [Info   : Unity Log] Scene manager is null
[18:04:04.7449220] [Fatal  :AdditionalNetworking] Exception during networking of MasaeAhmya(113):
System.ArgumentException: NetworkObjectReference can only be created from spawned NetworkObjects.
  at Unity.Netcode.NetworkObjectReference..ctor (Unity.Netcode.NetworkObject networkObject) [0x0001d] in <97ae41d8913f4f12b6133336c5f4f494>:IL_001D 
  at Unity.Netcode.NetworkObjectReference.op_Implicit (Unity.Netcode.NetworkObject networkObject) [0x00000] in <97ae41d8913f4f12b6133336c5f4f494>:IL_0000 
  at AdditionalNetworking.Patches.Inventory.PlayerControllerBPatch.OnLateUpdate (GameNetcodeStuff.PlayerControllerB __instance) [0x00136] in ./Plugin/src/Patches/Inventory/PlayerControllerBPatch.cs:195 
[18:04:04.7479204] [Info   :LethalPerformance] Saved 1 save(s)
[18:04:04.7944723] [Info   : Unity Log] Interact trigger destroying! name: StoryLogCollectable (3)
[18:04:04.7984724] [Info   : Unity Log] Interact trigger destroying! name: Trigger
[18:04:04.7984724] [Info   : Unity Log] Interact trigger destroying! name: KillTrigger
[18:04:04.8119922] [Info   : Unity Log] Terminal disabled, disabling ESC key listener
[18:04:04.8149935] [Info   : Unity Log] Interact trigger destroying! name: Cube
[18:04:04.8149935] [Info   : Unity Log] Interact trigger destroying! name: Cube
[18:04:04.8149935] [Info   : Unity Log] Interact trigger destroying! name: Cube
[18:04:04.8149935] [Info   : Unity Log] Interact trigger destroying! name: Cube (1)
[18:04:04.8149935] [Info   : Unity Log] Interact trigger destroying! name: Cube (2)
[18:04:04.8149935] [Info   : Unity Log] Interact trigger destroying! name: Cube (3)
[18:04:04.8149935] [Info   : Unity Log] Interact trigger destroying! name: LadderTrigger
[18:04:04.8149935] [Info   : Unity Log] Interact trigger destroying! name: trigger
[18:04:04.8149935] [Info   : Unity Log] Interact trigger destroying! name: trigger
[18:04:04.8149935] [Info   : Unity Log] Interact trigger destroying! name: LadderTrigger
[18:04:04.8149935] [Info   : Unity Log] Interact trigger destroying! name: LadderTrigger
[18:04:04.8149935] [Info   : Unity Log] Interact trigger destroying! name: TerminalScript
[18:04:04.8149935] [Info   : Unity Log] Interact trigger destroying! name: StartGameLever
[18:04:04.8149935] [Info   : Unity Log] Interact trigger destroying! name: Trigger
[18:04:04.8149935] [Info   : Unity Log] Interact trigger destroying! name: Cube
[18:04:04.8149935] [Info   : Unity Log] Interact trigger destroying! name: Cube (2)
[18:04:04.8149935] [Info   : Unity Log] Interact trigger destroying! name: Cube (2)
[18:04:04.8149935] [Info   : Unity Log] Interact trigger destroying! name: Cube (2)
[18:04:04.8149935] [Info   : Unity Log] Interact trigger destroying! name: Cube (3)
[18:04:04.8149935] [Info   : Unity Log] Interact trigger destroying! name: LightSwitch
[18:04:04.8149935] [Info   : Unity Log] Interact trigger destroying! name: KillTrigger
[18:04:04.8149935] [Info   : Unity Log] Interact trigger destroying! name: MagnetLever
[18:04:04.8159938] [Info   : Unity Log] Interact trigger destroying! name: LadderTrigger
[18:04:04.8179955] [Info   : Unity Log] Interact trigger destroying! name: LadderTrigger
[18:04:04.8179955] [Info   : Unity Log] Interact trigger destroying! name: LadderTrigger
[18:04:04.8179955] [Info   : Unity Log] Interact trigger destroying! name: EntranceTeleportB
[18:04:04.8179955] [Info   : Unity Log] Interact trigger destroying! name: EntranceTeleportA
[18:04:04.8230099] [Info   : Unity Log] DISABLING connection callbacks in round manager
[18:04:04.8480329] [Warning:LethalPerformance] EntranceTeleport search called with inactive objects, probably will cause incompatibility!
[18:04:04.8620470] [Warning:LethalPerformance] EntranceTeleport search called with inactive objects, probably will cause incompatibility!
[18:04:04.8700716] [Info   :MoreCompany] LANMenu startLAN Patched
[18:04:05.1779328] [Debug  :LCUltrawide_Community] NOT setting PixelResolution to [0]
[18:04:06.8025399] [Info   : Unity Log] Returning week num: 144
[18:04:06.8025399] [Info   : Unity Log] week num: 144
[18:04:06.8085385] [Debug  :Buttery Fixes] Menu: Override volumes on camera CanvasCam
[18:04:06.8085385] [Message:LethalSponge] Calling initial Resources.UnloadUnusedAssets().
[18:04:06.8185657] [Debug  :PizzaTowerEscapeMusic GameEventListener] Sound Manager destroyed
[18:04:06.8268248] [Info   :PizzaTowerEscapeMusic MusicManager] All music clips unloaded
[18:04:06.8268248] [Debug  :PizzaTowerEscapeMusic GameEventListener] Ship returned to orbit
[18:04:06.8268248] [Debug  :PizzaTowerEscapeMusic GameEventListener] Player exited ship
[18:04:06.8298277] [Info   :LethalPerformance] Saved 1 save(s)
[18:04:08.2959786] [Debug  :ainavt.lc.lethalconfig] Injecting mod config menu into main menu...
[18:04:08.3084916] [Info   :TestAccountCore] TestAccountCore is running on version v81!
[18:04:09.3417425] [Debug  :LethalNetworkAPI] Disposing of UnnamedMessageHandler.
[18:04:09.3428877] [Warning: Unity Log] [SpectateEnemies]: Config saved
[18:04:09.3428877] [Debug  :More Ship Upgrades] [GameNetworkManagerPatcher] Resetting the Upgrade Bus due to disconnecting...
